Component: ARM Compiler 5.06 update 7 for Certification (build 960) Tool: armlink [4d3601]

==============================================================================

Section Cross References

    startup_stm32f407xx.o(STACK) refers (Special) to heapauxi.o(.text) for __use_two_region_memory
    startup_stm32f407xx.o(HEAP) refers (Special) to heapauxi.o(.text) for __use_two_region_memory
    startup_stm32f407xx.o(RESET) refers (Special) to heapauxi.o(.text) for __use_two_region_memory
    startup_stm32f407xx.o(RESET) refers to startup_stm32f407xx.o(STACK) for __initial_sp
    startup_stm32f407xx.o(RESET) refers to startup_stm32f407xx.o(.text) for Reset_Handler
    startup_stm32f407xx.o(RESET) refers to stm32f4xx_it.o(i.NMI_Handler) for NMI_Handler
    startup_stm32f407xx.o(RESET) refers to stm32f4xx_it.o(i.HardFault_Handler) for HardFault_Handler
    startup_stm32f407xx.o(RESET) refers to stm32f4xx_it.o(i.MemManage_Handler) for MemManage_Handler
    startup_stm32f407xx.o(RESET) refers to stm32f4xx_it.o(i.BusFault_Handler) for BusFault_Handler
    startup_stm32f407xx.o(RESET) refers to stm32f4xx_it.o(i.UsageFault_Handler) for UsageFault_Handler
    startup_stm32f407xx.o(RESET) refers to stm32f4xx_it.o(i.SVC_Handler) for SVC_Handler
    startup_stm32f407xx.o(RESET) refers to stm32f4xx_it.o(i.DebugMon_Handler) for DebugMon_Handler
    startup_stm32f407xx.o(RESET) refers to stm32f4xx_it.o(i.PendSV_Handler) for PendSV_Handler
    startup_stm32f407xx.o(RESET) refers to stm32f4xx_it.o(i.SysTick_Handler) for SysTick_Handler
    startup_stm32f407xx.o(RESET) refers to stm32f4xx_it.o(i.DMA1_Stream2_IRQHandler) for DMA1_Stream2_IRQHandler
    startup_stm32f407xx.o(RESET) refers to stm32f4xx_it.o(i.DMA1_Stream4_IRQHandler) for DMA1_Stream4_IRQHandler
    startup_stm32f407xx.o(RESET) refers to stm32f4xx_it.o(i.DMA1_Stream5_IRQHandler) for DMA1_Stream5_IRQHandler
    startup_stm32f407xx.o(RESET) refers to stm32f4xx_it.o(i.DMA1_Stream6_IRQHandler) for DMA1_Stream6_IRQHandler
    startup_stm32f407xx.o(RESET) refers to stm32f4xx_it.o(i.TIM2_IRQHandler) for TIM2_IRQHandler
    startup_stm32f407xx.o(RESET) refers to stm32f4xx_it.o(i.TIM3_IRQHandler) for TIM3_IRQHandler
    startup_stm32f407xx.o(RESET) refers to stm32f4xx_it.o(i.TIM4_IRQHandler) for TIM4_IRQHandler
    startup_stm32f407xx.o(RESET) refers to stm32f4xx_it.o(i.USART1_IRQHandler) for USART1_IRQHandler
    startup_stm32f407xx.o(RESET) refers to stm32f4xx_it.o(i.USART2_IRQHandler) for USART2_IRQHandler
    startup_stm32f407xx.o(RESET) refers to stm32f4xx_it.o(i.UART4_IRQHandler) for UART4_IRQHandler
    startup_stm32f407xx.o(RESET) refers to stm32f4xx_it.o(i.DMA2_Stream2_IRQHandler) for DMA2_Stream2_IRQHandler
    startup_stm32f407xx.o(RESET) refers to stm32f4xx_it.o(i.DMA2_Stream7_IRQHandler) for DMA2_Stream7_IRQHandler
    startup_stm32f407xx.o(.text) refers (Special) to heapauxi.o(.text) for __use_two_region_memory
    startup_stm32f407xx.o(.text) refers to system_stm32f4xx.o(i.SystemInit) for SystemInit
    startup_stm32f407xx.o(.text) refers to __main.o(!!!main) for __main
    startup_stm32f407xx.o(.text) refers to startup_stm32f407xx.o(HEAP) for Heap_Mem
    startup_stm32f407xx.o(.text) refers to startup_stm32f407xx.o(STACK) for Stack_Mem
    main.o(i.HAL_TIM_PeriodElapsedCallback) refers to stm32f4xx_hal.o(i.HAL_IncTick) for HAL_IncTick
    main.o(i.HAL_TIM_PeriodElapsedCallback) refers to stm32f4xx_hal_tim.o(i.HAL_TIM_PWM_Stop_IT) for HAL_TIM_PWM_Stop_IT
    main.o(i.HAL_TIM_PeriodElapsedCallback) refers to motor.o(.data) for motor_x
    main.o(i.MX_DMA_Init) refers to stm32f4xx_hal_cortex.o(i.HAL_NVIC_SetPriority) for HAL_NVIC_SetPriority
    main.o(i.MX_DMA_Init) refers to stm32f4xx_hal_cortex.o(i.HAL_NVIC_EnableIRQ) for HAL_NVIC_EnableIRQ
    main.o(i.MX_GPIO_Init) refers to rt_memclr_w.o(.text) for __aeabi_memclr4
    main.o(i.MX_GPIO_Init) refers to stm32f4xx_hal_gpio.o(i.HAL_GPIO_WritePin) for HAL_GPIO_WritePin
    main.o(i.MX_GPIO_Init) refers to stm32f4xx_hal_gpio.o(i.HAL_GPIO_Init) for HAL_GPIO_Init
    main.o(i.MX_TIM2_Init) refers to rt_memclr_w.o(.text) for __aeabi_memclr4
    main.o(i.MX_TIM2_Init) refers to stm32f4xx_hal_tim.o(i.HAL_TIM_Base_Init) for HAL_TIM_Base_Init
    main.o(i.MX_TIM2_Init) refers to stm32f4xx_hal_tim.o(i.HAL_TIM_ConfigClockSource) for HAL_TIM_ConfigClockSource
    main.o(i.MX_TIM2_Init) refers to stm32f4xx_hal_tim.o(i.HAL_TIM_PWM_Init) for HAL_TIM_PWM_Init
    main.o(i.MX_TIM2_Init) refers to stm32f4xx_hal_tim_ex.o(i.HAL_TIMEx_MasterConfigSynchronization) for HAL_TIMEx_MasterConfigSynchronization
    main.o(i.MX_TIM2_Init) refers to stm32f4xx_hal_tim.o(i.HAL_TIM_PWM_ConfigChannel) for HAL_TIM_PWM_ConfigChannel
    main.o(i.MX_TIM2_Init) refers to stm32f4xx_hal_msp.o(i.HAL_TIM_MspPostInit) for HAL_TIM_MspPostInit
    main.o(i.MX_TIM2_Init) refers to main.o(.bss) for .bss
    main.o(i.MX_TIM3_Init) refers to rt_memclr_w.o(.text) for __aeabi_memclr4
[...]
    x$fpl$fretinf                            0x08005054   Section       10  fretinf.o(x$fpl$fretinf)
    $v0                                      0x08005054   Number         0  fretinf.o(x$fpl$fretinf)
    .constdata                               0x0800505e   Section        8  stm32f4xx_hal_dma.o(.constdata)
    x$fpl$usenofp                            0x0800505e   Section        0  usenofp.o(x$fpl$usenofp)
    flagBitshiftOffset                       0x0800505e   Data           8  stm32f4xx_hal_dma.o(.constdata)
    .constdata                               0x08005066   Section       16  system_stm32f4xx.o(.constdata)
    .constdata                               0x08005076   Section        8  system_stm32f4xx.o(.constdata)
    .data                                    0x20000000   Section       16  main.o(.data)
    .data                                    0x20000010   Section       12  stm32f4xx_hal.o(.data)
    .data                                    0x2000001c   Section        4  system_stm32f4xx.o(.data)
    .data                                    0x20000020   Section       64  tasks.o(.data)
    uxDeletedTasksWaitingCleanUp             0x20000024   Data           4  tasks.o(.data)
    uxCurrentNumberOfTasks                   0x20000028   Data           4  tasks.o(.data)
    xTickCount                               0x2000002c   Data           4  tasks.o(.data)
    uxTopReadyPriority                       0x20000030   Data           4  tasks.o(.data)
    xSchedulerRunning                        0x20000034   Data           4  tasks.o(.data)
    xPendedTicks                             0x20000038   Data           4  tasks.o(.data)
    xYieldPending                            0x2000003c   Data           4  tasks.o(.data)
    xNumOfOverflows                          0x20000040   Data           4  tasks.o(.data)
    uxTaskNumber                             0x20000044   Data           4  tasks.o(.data)
    xNextTaskUnblockTime                     0x20000048   Data           4  tasks.o(.data)
    xIdleTaskHandle                          0x2000004c   Data           4  tasks.o(.data)
    uxSchedulerSuspended                     0x20000054   Data           4  tasks.o(.data)
    pxDelayedTaskList                        0x20000058   Data           4  tasks.o(.data)
    pxOverflowDelayedTaskList                0x2000005c   Data           4  tasks.o(.data)
    .data                                    0x20000060   Section       20  timers.o(.data)
    xTimerQueue                              0x20000060   Data           4  timers.o(.data)
    xTimerTaskHandle                         0x20000064   Data           4  timers.o(.data)
    xLastTime                                0x20000068   Data           4  timers.o(.data)
    pxCurrentTimerList                       0x2000006c   Data           4  timers.o(.data)
    pxOverflowTimerList                      0x20000070   Data           4  timers.o(.data)
    .data                                    0x20000074   Section       12  port.o(.data)
    ucMaxSysCallPriority                     0x20000074   Data           1  port.o(.data)
    uxCriticalNesting                        0x20000078   Data           4  port.o(.data)
    ulMaxPRIGROUPValue                       0x2000007c   Data           4  port.o(.data)
    .data                                    0x20000080   Section       28  heap_4.o(.data)
    pxEnd                                    0x20000080   Data           4  heap_4.o(.data)
    xFreeBytesRemaining                      0x20000084   Data           4  heap_4.o(.data)
    xMinimumEverFreeBytesRemaining           0x20000088   Data           4  heap_4.o(.data)
    xNumberOfSuccessfulAllocations           0x2000008c   Data           4  heap_4.o(.data)
    xNumberOfSuccessfulFrees                 0x20000090   Data           4  heap_4.o(.data)
    xStart                                   0x20000094   Data           8  heap_4.o(.data)
    .data                                    0x2000009c   Section        8  data_protocol.o(.data)
    .data                                    0x200000a4   Section        1  keys.o(.data)
    .data                                    0x200000a8   Section        4  keys.o(.data)
    .data                                    0x200000ac   Section      238  motor.o(.data)
    .data                                    0x2000019a   Section        1  usart.o(.data)
    .bss                                     0x2000019c   Section      348  main.o(.bss)
    .bss                                     0x200002f8   Section       96  main.o(.bss)
    .bss                                     0x20000358   Section       96  main.o(.bss)
    .bss                                     0x200003b8   Section       96  main.o(.bss)
    .bss                                     0x20000418   Section       96  main.o(.bss)
    .bss                                     0x20000478   Section       96  main.o(.bss)
    .bss                                     0x200004d8   Section       96  main.o(.bss)
    .bss                                     0x20000538   Section       72  stm32f4xx_hal_timebase_tim.o(.bss)
    .bss                                     0x20000580   Section       64  queue.o(.bss)
    .bss                                     0x200005c0   Section      200  tasks.o(.bss)
    pxReadyTasksLists                        0x200005c0   Data         100  tasks.o(.bss)
    xDelayedTaskList1                        0x20000624   Data          20  tasks.o(.bss)
    xDelayedTaskList2                        0x20000638   Data          20  tasks.o(.bss)
    xPendingReadyList                        0x2000064c   Data          20  tasks.o(.bss)
    xTasksWaitingTermination                 0x20000660   Data          20  tasks.o(.bss)
    xSuspendedTaskList                       0x20000674   Data          20  tasks.o(.bss)
    .bss                                     0x20000688   Section       40  timers.o(.bss)
    xActiveTimerList1                        0x20000688   Data          20  timers.o(.bss)
    xActiveTimerList2                        0x2000069c   Data          20  timers.o(.bss)
    .bss                                     0x200006b0   Section    76800  heap_4.o(.bss)
    ucHeap                                   0x200006b0   Data       76800  heap_4.o(.bss)
    .bss                                     0x200132b0   Section       19  data_protocol.o(.bss)
    openmv_frame                             0x200132b0   Data          19  data_protocol.o(.bss)
    .bss                                     0x200132c4   Section       40  motor.o(.bss)
    .bss                                     0x200132ec   Section      896  usart.o(.bss)
    .bss                                     0x2001366c   Section       96  libspace.o(.bss)
    HEAP                                     0x200136d0   Section      512  startup_stm32f407xx.o(HEAP)
    Heap_Mem                                 0x200136d0   Data         512  startup_stm32f407xx.o(HEAP)
    STACK                                    0x200138d0   Section     1024  startup_stm32f407xx.o(STACK)
    Stack_Mem                                0x200138d0   Data        1024  startup_stm32f407xx.o(STACK)
    __initial_sp                             0x20013cd0   Data           0  startup_stm32f407xx.o(STACK)

    Global Symbols

    Symbol Name                              Value     Ov Type        Size  Object(Section)

    BuildAttributes$$THM_ISAv4$E$P$D$K$B$S$7EM$VFPi3$EXTD16$VFPS$VFMA$PE$A:L22UL41UL21$X:L11$S22US41US21$IEEE1$IW$USESV6$~STKCKD$USESV7$~SHL$OTIME$ROPI$IEEEX$EBA8$UX$STANDARDLIB$REQ8$PRES8$EABIv2 0x00000000   Number         0  anon$$obj.o ABSOLUTE
    __ARM_use_no_argv                        0x00000000   Number         0  main.o ABSOLUTE
    _printf_flags                            0x00000000   Number         0  printf_stubs.o ABSOLUTE
    _printf_return_value                     0x00000000   Number         0  printf_stubs.o ABSOLUTE
    _printf_sizespec                         0x00000000   Number         0  printf_stubs.o ABSOLUTE
    _printf_widthprec                        0x00000000   Number         0  printf_stubs.o ABSOLUTE
    __ARM_exceptions_init                     - Undefined Weak Reference
    __alloca_initialize                       - Undefined Weak Reference
    __arm_fini_                               - Undefined Weak Reference
    __arm_preinit_                            - Undefined Weak Reference
    __cpp_initialize__aeabi_                  - Undefined Weak Reference
    __cxa_finalize                            - Undefined Weak Reference
    __sigvec_lookup                           - Undefined Weak Reference
    _atexit_init                              - Undefined Weak Reference
    _call_atexit_fns                          - Undefined Weak Reference
    _clock_init                               - Undefined Weak Reference
    _fp_trap_init                             - Undefined Weak Reference
    _fp_trap_shutdown                         - Undefined Weak Reference
    _get_lc_collate                           - Undefined Weak Reference
    _get_lc_monetary                          - Undefined Weak Reference
    _get_lc_time                              - Undefined Weak Reference
    _getenv_init                              - Undefined Weak Reference
    _handle_redirection                       - Undefined Weak Reference
    _init_alloc                               - Undefined Weak Reference
    _init_user_alloc                          - Undefined Weak Reference
    _initio                                   - Undefined Weak Reference
    _printf_mbtowc                            - Undefined Weak Reference
    _printf_wc                                - Undefined Weak Reference
    _rand_init                                - Undefined Weak Reference
    _signal_finish                            - Undefined Weak Reference
    _signal_init                              - Undefined Weak Reference
    _terminate_alloc                          - Undefined Weak Reference
    _terminate_user_alloc                     - Undefined Weak Reference
    _terminateio                              - Undefined Weak Reference
    __Vectors_Size                           0x00000188   Number         0  startup_stm32f407xx.o ABSOLUTE
    __Vectors                                0x08000000   Data           4  startup_stm32f407xx.o(RESET)
    __Vectors_End                            0x08000188   Data           0  startup_stm32f407xx.o(RESET)
    __main                                   0x08000189   Thumb Code     8  __main.o(!!!main)
    __scatterload                            0x08000191   Thumb Code     0  __scatter.o(!!!scatter)
    __scatterload_rt2                        0x08000191   Thumb Code    44  __scatter.o(!!!scatter)
    __scatterload_rt2_thumb_only             0x08000191   Thumb Code     0  __scatter.o(!!!scatter)
    __scatterload_null                       0x0800019f   Thumb Code     0  __scatter.o(!!!scatter)
    __decompress                             0x080001c5   Thumb Code    90  __dczerorl2.o(!!dczerorl2)
    __decompress1                            0x080001c5   Thumb Code     0  __dczerorl2.o(!!dczerorl2)
    __scatterload_zeroinit                   0x08000221   Thumb Code    28  __scatter_zi.o(!!handler_zi)
    __rt_lib_init                            0x0800023d   Thumb Code     0  libinit.o(.ARM.Collect$$libinit$$00000000)
    __rt_lib_init_fp_1                       0x0800023f   Thumb Code     0  libinit2.o(.ARM.Collect$$libinit$$00000001)
    __rt_lib_init_alloca_1                   0x08000243   Thumb Code     0  libinit2.o(.ARM.Collect$$libinit$$0000002E)
    __rt_lib_init_argv_1                     0x08000243   Thumb Code     0  libinit2.o(.ARM.Collect$$libinit$$0000002C)
    __rt_lib_init_atexit_1                   0x08000243   Thumb Code     0  libinit2.o(.ARM.Collect$$libinit$$0000001B)
    __rt_lib_init_clock_1                    0x08000243   Thumb Code     0  libinit2.o(.ARM.Collect$$libinit$$00000021)
    __rt_lib_init_cpp_1                      0x08000243   Thumb Code     0  libinit2.o(.ARM.Collect$$libinit$$00000032)
    __rt_lib_init_exceptions_1               0x08000243   Thumb Code     0  libinit2.o(.ARM.Collect$$libinit$$00000030)
    __rt_lib_init_fp_trap_1                  0x08000243   Thumb Code     0  libinit2.o(.ARM.Collect$$libinit$$0000001F)
    __rt_lib_init_getenv_1                   0x08000243   Thumb Code     0  libinit2.o(.ARM.Collect$$libinit$$00000023)
    __rt_lib_init_heap_1                     0x08000243   Thumb Code     0  libinit2.o(.ARM.Collect$$libinit$$0000000A)
    __rt_lib_init_lc_collate_1               0x08000243   Thumb Code     0  libinit2.o(.ARM.Collect$$libinit$$00000011)
    __rt_lib_init_lc_ctype_1                 0x08000243   Thumb Code     0  libinit2.o(.ARM.Collect$$libinit$$00000013)
    __rt_lib_init_lc_monetary_1              0x08000243   Thumb Code     0  libinit2.o(.ARM.Collect$$libinit$$00000015)
    __rt_lib_init_lc_numeric_1               0x08000243   Thumb Code     0  libinit2.o(.ARM.Collect$$libinit$$00000017)
    __rt_lib_init_lc_time_1                  0x08000243   Thumb Code     0  libinit2.o(.ARM.Collect$$libinit$$00000019)
    __rt_lib_init_preinit_1                  0x08000243   Thumb Code     0  libinit2.o(.ARM.Collect$$libinit$$00000004)
    __rt_lib_init_rand_1                     0x08000243   Thumb Code     0  libinit2.o(.ARM.Collect$$libinit$$0000000E)
    __rt_lib_init_return                     0x08000243   Thumb Code     0  libinit2.o(.ARM.Collect$$libinit$$00000033)
    __rt_lib_init_signal_1                   0x08000243   Thumb Code     0  libinit2.o(.ARM.Collect$$libinit$$0000001D)
    __rt_lib_init_stdio_1                    0x08000243   Thumb Code     0  libinit2.o(.ARM.Collect$$libinit$$00000025)
    __rt_lib_init_user_alloc_1               0x08000243   Thumb Code     0  libinit2.o(.ARM.Collect$$libinit$$0000000C)
    __rt_lib_shutdown                        0x08000245   Thumb Code     0  libshutdown.o(.ARM.Collect$$libshutdown$$00000000)
    __rt_lib_shutdown_cpp_1                  0x08000247   Thumb Code     0  libshutdown2.o(.ARM.Collect$$libshutdown$$00000004)
    __rt_lib_shutdown_fini_1                 0x08000247   Thumb Code     0  libshutdown2.o(.ARM.Collect$$libshutdown$$00000002)
    __rt_lib_shutdown_fp_trap_1              0x08000247   Thumb Code     0  libshutdown2.o(.ARM.Collect$$libshutdown$$00000009)
    __rt_lib_shutdown_heap_1                 0x08000247   Thumb Code     0  libshutdown2.o(.ARM.Collect$$libshutdown$$00000011)
    __rt_lib_shutdown_return                 0x08000247   Thumb Code     0  libshutdown2.o(.ARM.Collect$$libshutdown$$00000012)
    __rt_lib_shutdown_signal_1               0x08000247   Thumb Code     0  libshutdown2.o(.ARM.Collect$$libshutdown$$0000000C)
    __rt_lib_shutdown_stdio_1                0x08000247   Thumb Code     0  libshutdown2.o(.ARM.Collect$$libshutdown$$00000006)
    __rt_lib_shutdown_user_alloc_1           0x08000247   Thumb Code     0  libshutdown2.o(.ARM.Collect$$libshutdown$$0000000E)
    __rt_entry                               0x08000249   Thumb Code     0  __rtentry.o(.ARM.Collect$$rtentry$$00000000)
    __rt_entry_presh_1                       0x08000249   Thumb Code     0  __rtentry2.o(.ARM.Collect$$rtentry$$00000002)
    __rt_entry_sh                            0x08000249   Thumb Code     0  __rtentry4.o(.ARM.Collect$$rtentry$$00000004)
    __rt_entry_li                            0x0800024f   Thumb Code     0  __rtentry2.o(.ARM.Collect$$rtentry$$0000000A)
    __rt_entry_postsh_1                      0x0800024f   Thumb Code     0  __rtentry2.o(.ARM.Collect$$rtentry$$00000009)
    __rt_entry_main                          0x08000253   Thumb Code     0  __rtentry2.o(.ARM.Collect$$rtentry$$0000000D)
    __rt_entry_postli_1                      0x08000253   Thumb Code     0  __rtentry2.o(.ARM.Collect$$rtentry$$0000000C)
    __rt_exit                                0x0800025b   Thumb Code     0  rtexit.o(.ARM.Collect$$rtexit$$00000000)
    __rt_exit_ls                             0x0800025d   Thumb Code     0  rtexit2.o(.ARM.Collect$$rtexit$$00000003)
    __rt_exit_prels_1                        0x0800025d   Thumb Code     0  rtexit2.o(.ARM.Collect$$rtexit$$00000002)
    __rt_exit_exit                           0x08000261   Thumb Code     0  rtexit2.o(.ARM.Collect$$rtexit$$00000004)
    vPortSVCHandler                          0x08000269   Thumb Code    28  port.o(.emb_text)
    __asm___6_port_c_39a90d8d__prvStartFirstTask 0x08000289   Thumb Code    36  port.o(.emb_text)
    __asm___6_port_c_39a90d8d__prvEnableVFP  0x080002b1   Thumb Code    16  port.o(.emb_text)
    xPortPendSVHandler                       0x080002c5   Thumb Code    88  port.o(.emb_text)
    vPortGetIPSR                             0x08000321   Thumb Code     6  port.o(.emb_text)
    Reset_Handler                            0x08000329   Thumb Code     8  startup_stm32f407xx.o(.text)
    ADC_IRQHandler                           0x08000343   Thumb Code     0  startup_stm32f407xx.o(.text)
    CAN1_RX0_IRQHandler                      0x08000343   Thumb Code     0  startup_stm32f407xx.o(.text)
    CAN1_RX1_IRQHandler                      0x08000343   Thumb Code     0  startup_stm32f407xx.o(.text)
    CAN1_SCE_IRQHandler                      0x08000343   Thumb Code     0  startup_stm32f407xx.o(.text)
    CAN1_TX_IRQHandler                       0x08000343   Thumb Code     0  startup_stm32f407xx.o(.text)
    CAN2_RX0_IRQHandler                      0x08000343   Thumb Code     0  startup_stm32f407xx.o(.text)
    CAN2_RX1_IRQHandler                      0x08000343   Thumb Code     0  startup_stm32f407xx.o(.text)
    CAN2_SCE_IRQHandler                      0x08000343   Thumb Code     0  startup_stm32f407xx.o(.text)
    CAN2_TX_IRQHandler                       0x08000343   Thumb Code     0  startup_stm32f407xx.o(.text)
    DCMI_IRQHandler                          0x08000343   Thumb Code     0  startup_stm32f407xx.o(.text)
    DMA1_Stream0_IRQHandler                  0x08000343   Thumb Code     0  startup_stm32f407xx.o(.text)
    DMA1_Stream1_IRQHandler                  0x08000343   Thumb Code     0  startup_stm32f407xx.o(.text)
    DMA1_Stream3_IRQHandler                  0x08000343   Thumb Code     0  startup_stm32f407xx.o(.text)
    DMA1_Stream7_IRQHandler                  0x08000343   Thumb Code     0  startup_stm32f407xx.o(.text)
    DMA2_Stream0_IRQHandler                  0x08000343   Thumb Code     0  startup_stm32f407xx.o(.text)
    DMA2_Stream1_IRQHandler                  0x08000343   Thumb Code     0  startup_stm32f407xx.o(.text)
    DMA2_Stream3_IRQHandler                  0x08000343   Thumb Code     0  startup_stm32f407xx.o(.text)
    DMA2_Stream4_IRQHandler                  0x08000343   Thumb Code     0  startup_stm32f407xx.o(.text)
    DMA2_Stream5_IRQHandler                  0x08000343   Thumb Code     0  startup_stm32f407xx.o(.text)
    DMA2_Stream6_IRQHandler                  0x08000343   Thumb Code     0  startup_stm32f407xx.o(.text)
    ETH_IRQHandler                           0x08000343   Thumb Code     0  startup_stm32f407xx.o(.text)
    ETH_WKUP_IRQHandler                      0x08000343   Thumb Code     0  startup_stm32f407xx.o(.text)
    EXTI0_IRQHandler                         0x08000343   Thumb Code     0  startup_stm32f407xx.o(.text)
    EXTI15_10_IRQHandler                     0x08000343   Thumb Code     0  startup_stm32f407xx.o(.text)
    EXTI1_IRQHandler                         0x08000343   Thumb Code     0  startup_stm32f407xx.o(.text)
    EXTI2_IRQHandler                         0x08000343   Thumb Code     0  startup_stm32f407xx.o(.text)
    EXTI3_IRQHandler                         0x08000343   Thumb Code     0  startup_stm32f407xx.o(.text)
    EXTI4_IRQHandler                         0x08000343   Thumb Code     0  startup_stm32f407xx.o(.text)
    EXTI9_5_IRQHandler                       0x08000343   Thumb Code     0  startup_stm32f407xx.o(.text)
    FLASH_IRQHandler                         0x08000343   Thumb Code     0  startup_stm32f407xx.o(.text)
    FMC_IRQHandler                           0x08000343   Thumb Code     0  startup_stm32f407xx.o(.text)
    FPU_IRQHandler                           0x08000343   Thumb Code     0  startup_stm32f407xx.o(.text)
    HASH_RNG_IRQHandler                      0x08000343   Thumb Code     0  startup_stm32f407xx.o(.text)
    I2C1_ER_IRQHandler                       0x08000343   Thumb Code     0  startup_stm32f407xx.o(.text)
    I2C1_EV_IRQHandler                       0x08000343   Thumb Code     0  startup_stm32f407xx.o(.text)
    I2C2_ER_IRQHandler                       0x08000343   Thumb Code     0  startup_stm32f407xx.o(.text)
    I2C2_EV_IRQHandler                       0x08000343   Thumb Code     0  startup_stm32f407xx.o(.text)
    I2C3_ER_IRQHandler                       0x08000343   Thumb Code     0  startup_stm32f407xx.o(.text)
    I2C3_EV_IRQHandler                       0x08000343   Thumb Code     0  startup_stm32f407xx.o(.text)
    OTG_FS_IRQHandler                        0x08000343   Thumb Code     0  startup_stm32f407xx.o(.text)
    OTG_FS_WKUP_IRQHandler                   0x08000343   Thumb Code     0  startup_stm32f407xx.o(.text)
    OTG_HS_EP1_IN_IRQHandler                 0x08000343   Thumb Code     0  startup_stm32f407xx.o(.text)
    OTG_HS_EP1_OUT_IRQHandler                0x08000343   Thumb Code     0  startup_stm32f407xx.o(.text)
    OTG_HS_IRQHandler                        0x08000343   Thumb Code     0  startup_stm32f407xx.o(.text)
    OTG_HS_WKUP_IRQHandler                   0x08000343   Thumb Code     0  startup_stm32f407xx.o(.text)
    PVD_IRQHandler                           0x08000343   Thumb Code     0  startup_stm32f407xx.o(.text)
    RCC_IRQHandler                           0x08000343   Thumb Code     0  startup_stm32f407xx.o(.text)
    RTC_Alarm_IRQHandler                     0x08000343   Thumb Code     0  startup_stm32f407xx.o(.text)
    RTC_WKUP_IRQHandler                      0x08000343   Thumb Code     0  startup_stm32f407xx.o(.text)
    SDIO_IRQHandler                          0x08000343   Thumb Code     0  startup_stm32f407xx.o(.text)
    SPI1_IRQHandler                          0x08000343   Thumb Code     0  startup_stm32f407xx.o(.text)
    SPI2_IRQHandler                          0x08000343   Thumb Code     0  startup_stm32f407xx.o(.text)
    SPI3_IRQHandler                          0x08000343   Thumb Code     0  startup_stm32f407xx.o(.text)
    TAMP_STAMP_IRQHandler                    0x08000343   Thumb Code     0  startup_stm32f407xx.o(.text)
    TIM1_BRK_TIM9_IRQHandler                 0x08000343   Thumb Code     0  startup_stm32f407xx.o(.text)
    TIM1_CC_IRQHandler                       0x08000343   Thumb Code     0  startup_stm32f407xx.o(.text)
    TIM1_TRG_COM_TIM11_IRQHandler            0x08000343   Thumb Code     0  startup_stm32f407xx.o(.text)
    TIM1_UP_TIM10_IRQHandler                 0x08000343   Thumb Code     0  startup_stm32f407xx.o(.text)
    TIM5_IRQHandler                          0x08000343   Thumb Code     0  startup_stm32f407xx.o(.text)
    TIM6_DAC_IRQHandler                      0x08000343   Thumb Code     0  startup_stm32f407xx.o(.text)
    TIM7_IRQHandler                          0x08000343   Thumb Code     0  startup_stm32f407xx.o(.text)
    TIM8_BRK_TIM12_IRQHandler                0x08000343   Thumb Code     0  startup_stm32f407xx.o(.text)
    TIM8_CC_IRQHandler                       0x08000343   Thumb Code     0  startup_stm32f407xx.o(.text)
    TIM8_TRG_COM_TIM14_IRQHandler            0x08000343   Thumb Code     0  startup_stm32f407xx.o(.text)
    TIM8_UP_TIM13_IRQHandler                 0x08000343   Thumb Code     0  startup_stm32f407xx.o(.text)
    UART5_IRQHandler                         0x08000343   Thumb Code     0  startup_stm32f407xx.o(.text)
    USART3_IRQHandler                        0x08000343   Thumb Code     0  startup_stm32f407xx.o(.text)
    USART6_IRQHandler                        0x08000343   Thumb Code     0  startup_stm32f407xx.o(.text)
    WWDG_IRQHandler                          0x08000343   Thumb Code     0  startup_stm32f407xx.o(.text)
    __user_initial_stackheap                 0x08000345   Thumb Code     0  startup_stm32f407xx.o(.text)
    __aeabi_uldivmod                         0x08000369   Thumb Code     0  lludivv7m.o(.text)
    _ll_udiv                                 0x08000369   Thumb Code   238  lludivv7m.o(.text)
    __aeabi_memcpy                           0x08000457   Thumb Code     0  rt_memcpy_v6.o(.text)
    __rt_memcpy                              0x08000457   Thumb Code   138  rt_memcpy_v6.o(.text)
    _memcpy_lastbytes                        0x080004bd   Thumb Code     0  rt_memcpy_v6.o(.text)
    __aeabi_memset                           0x080004e1   Thumb Code    16  aeabi_memset.o(.text)
    __aeabi_memclr                           0x080004f1   Thumb Code     0  rt_memclr.o(.text)
    __rt_memclr                              0x080004f1   Thumb Code    68  rt_memclr.o(.text)
    _memset                                  0x080004f5   Thumb Code     0  rt_memclr.o(.text)
    __aeabi_memclr4                          0x08000535   Thumb Code     0  rt_memclr_w.o(.text)
    __aeabi_memclr8                          0x08000535   Thumb Code     0  rt_memclr_w.o(.text)
    __rt_memclr_w                            0x08000535   Thumb Code    78  rt_memclr_w.o(.text)
    _memset_w                                0x08000539   Thumb Code     0  rt_memclr_w.o(.text)
    __use_two_region_memory                  0x08000583   Thumb Code     2  heapauxi.o(.text)
    __rt_heap_escrow$2region                 0x08000585   Thumb Code     2  heapauxi.o(.text)
    __rt_heap_expand$2region                 0x08000587   Thumb Code     2  heapauxi.o(.text)
    __aeabi_memcpy4                          0x08000589   Thumb Code     0  rt_memcpy_w.o(.text)
    __aeabi_memcpy8                          0x08000589   Thumb Code     0  rt_memcpy_w.o(.text)
    __rt_memcpy_w                            0x08000589   Thumb Code   100  rt_memcpy_w.o(.text)
    _memcpy_lastbytes_aligned                0x080005d1   Thumb Code     0  rt_memcpy_w.o(.text)
    __user_libspace                          0x080005ed   Thumb Code     8  libspace.o(.text)
    __user_perproc_libspace                  0x080005ed   Thumb Code     0  libspace.o(.text)
    __user_perthread_libspace                0x080005ed   Thumb Code     0  libspace.o(.text)
    __user_setup_stackheap                   0x080005f5   Thumb Code    74  sys_stackheap_outer.o(.text)
    exit                                     0x0800063f   Thumb Code    18  exit.o(.text)
    _sys_exit                                0x08000651   Thumb Code     8  sys_exit.o(.text)
    __I$use$semihosting                      0x0800065d   Thumb Code     0  use_no_semi.o(.text)
    __use_no_semihosting_swi                 0x0800065d   Thumb Code     2  use_no_semi.o(.text)
    BusFault_Handler                         0x0800065f   Thumb Code     2  stm32f4xx_it.o(i.BusFault_Handler)
    __semihosting_library_function           0x0800065f   Thumb Code     0  indicate_semi.o(.text)
    DMA1_Stream2_IRQHandler                  0x08000661   Thumb Code     6  stm32f4xx_it.o(i.DMA1_Stream2_IRQHandler)
    DMA1_Stream4_IRQHandler                  0x0800066d   Thumb Code     6  stm32f4xx_it.o(i.DMA1_Stream4_IRQHandler)
    DMA1_Stream5_IRQHandler                  0x08000679   Thumb Code     6  stm32f4xx_it.o(i.DMA1_Stream5_IRQHandler)
    DMA1_Stream6_IRQHandler                  0x08000685   Thumb Code     6  stm32f4xx_it.o(i.DMA1_Stream6_IRQHandler)
    DMA2_Stream2_IRQHandler                  0x08000691   Thumb Code     6  stm32f4xx_it.o(i.DMA2_Stream2_IRQHandler)
    DMA2_Stream7_IRQHandler                  0x0800069d   Thumb Code     6  stm32f4xx_it.o(i.DMA2_Stream7_IRQHandler)
    Data_Handle1                             0x0800074d   Thumb Code   128  data_protocol.o(i.Data_Handle1)
    Data_Handle2                             0x080007dd   Thumb Code    74  data_protocol.o(i.Data_Handle2)
    Data_Handle4                             0x08000835   Thumb Code    74  data_protocol.o(i.Data_Handle4)
    DebugMon_Handler                         0x0800088d   Thumb Code     2  stm32f4xx_it.o(i.DebugMon_Handler)
    Error_Handler                            0x0800088f   Thumb Code     4  main.o(i.Error_Handler)
    Get_Motor_Position                       0x08000895   Thumb Code    80  motor.o(i.Get_Motor_Position)
    Get_Motor_Speed                          0x080008f5   Thumb Code    82  motor.o(i.Get_Motor_Speed)
    HAL_DMA_Abort                            0x0800095d   Thumb Code   146  stm32f4xx_hal_dma.o(i.HAL_DMA_Abort)
    HAL_DMA_Abort_IT                         0x080009ef   Thumb Code    36  stm32f4xx_hal_dma.o(i.HAL_DMA_Abort_IT)
    HAL_DMA_IRQHandler                       0x08000a15   Thumb Code   412  stm32f4xx_hal_dma.o(i.HAL_DMA_IRQHandler)
    HAL_DMA_Init                             0x08000bb5   Thumb Code   206  stm32f4xx_hal_dma.o(i.HAL_DMA_Init)
    HAL_DMA_Start_IT                         0x08000c89   Thumb Code   110  stm32f4xx_hal_dma.o(i.HAL_DMA_Start_IT)
    HAL_Delay                                0x08000cf9   Thumb Code    32  stm32f4xx_hal.o(i.HAL_Delay)
    HAL_GPIO_Init                            0x08000d1d   Thumb Code   450  stm32f4xx_hal_gpio.o(i.HAL_GPIO_Init)
    HAL_GPIO_ReadPin                         0x08000f0d   Thumb Code    10  stm32f4xx_hal_gpio.o(i.HAL_GPIO_ReadPin)
    HAL_GPIO_WritePin                        0x08000f17   Thumb Code    10  stm32f4xx_hal_gpio.o(i.HAL_GPIO_WritePin)
    HAL_GetTick                              0x08000f21   Thumb Code     6  stm32f4xx_hal.o(i.HAL_GetTick)
    HAL_IncTick                              0x08000f2d   Thumb Code    12  stm32f4xx_hal.o(i.HAL_IncTick)
    HAL_Init                                 0x08000f3d   Thumb Code    48  stm32f4xx_hal.o(i.HAL_Init)
    HAL_InitTick                             0x08000f71   Thumb Code   132  stm32f4xx_hal_timebase_tim.o(i.HAL_InitTick)
    HAL_MspInit                              0x08001009   Thumb Code    42  stm32f4xx_hal_msp.o(i.HAL_MspInit)
    HAL_NVIC_EnableIRQ                       0x08001039   Thumb Code    26  stm32f4xx_hal_cortex.o(i.HAL_NVIC_EnableIRQ)
    HAL_NVIC_SetPriority                     0x08001055   Thumb Code    60  stm32f4xx_hal_cortex.o(i.HAL_NVIC_SetPriority)
    HAL_NVIC_SetPriorityGrouping             0x08001095   Thumb Code    26  stm32f4xx_hal_cortex.o(i.HAL_NVIC_SetPriorityGrouping)
    HAL_RCC_ClockConfig                      0x080010b9   Thumb Code   288  stm32f4xx_hal_rcc.o(i.HAL_RCC_ClockConfig)
    HAL_RCC_GetClockConfig                   0x080011ed   Thumb Code    54  stm32f4xx_hal_rcc.o(i.HAL_RCC_GetClockConfig)
    HAL_RCC_GetPCLK1Freq                     0x0800122d   Thumb Code    20  stm32f4xx_hal_rcc.o(i.HAL_RCC_GetPCLK1Freq)
    HAL_RCC_GetPCLK2Freq                     0x0800124d   Thumb Code    20  stm32f4xx_hal_rcc.o(i.HAL_RCC_GetPCLK2Freq)
    HAL_RCC_GetSysClockFreq                  0x0800126d   Thumb Code    88  stm32f4xx_hal_rcc.o(i.HAL_RCC_GetSysClockFreq)
    HAL_RCC_OscConfig                        0x080012d1   Thumb Code   856  stm32f4xx_hal_rcc.o(i.HAL_RCC_OscConfig)
    HAL_TIMEx_BreakCallback                  0x0800163d   Thumb Code     2  stm32f4xx_hal_tim_ex.o(i.HAL_TIMEx_BreakCallback)
    HAL_TIMEx_CommutCallback                 0x0800163f   Thumb Code     2  stm32f4xx_hal_tim_ex.o(i.HAL_TIMEx_CommutCallback)
    HAL_TIMEx_MasterConfigSynchronization    0x08001641   Thumb Code   116  stm32f4xx_hal_tim_ex.o(i.HAL_TIMEx_MasterConfigSynchronization)
    HAL_TIM_Base_Init                        0x080016d1   Thumb Code    90  stm32f4xx_hal_tim.o(i.HAL_TIM_Base_Init)
    HAL_TIM_Base_MspInit                     0x0800172d   Thumb Code    86  stm32f4xx_hal_msp.o(i.HAL_TIM_Base_MspInit)
    HAL_TIM_Base_Start_IT                    0x0800178d   Thumb Code   100  stm32f4xx_hal_tim.o(i.HAL_TIM_Base_Start_IT)
    HAL_TIM_ConfigClockSource                0x0800180d   Thumb Code   220  stm32f4xx_hal_tim.o(i.HAL_TIM_ConfigClockSource)
    HAL_TIM_IC_CaptureCallback               0x080018e9   Thumb Code     2  stm32f4xx_hal_tim.o(i.HAL_TIM_IC_CaptureCallback)
    HAL_TIM_IRQHandler                       0x080018eb   Thumb Code   358  stm32f4xx_hal_tim.o(i.HAL_TIM_IRQHandler)
    HAL_TIM_MspPostInit                      0x08001a51   Thumb Code   108  stm32f4xx_hal_msp.o(i.HAL_TIM_MspPostInit)
    HAL_TIM_OC_DelayElapsedCallback          0x08001acd   Thumb Code     2  stm32f4xx_hal_tim.o(i.HAL_TIM_OC_DelayElapsedCallback)
    HAL_TIM_PWM_ConfigChannel                0x08001acf   Thumb Code   204  stm32f4xx_hal_tim.o(i.HAL_TIM_PWM_ConfigChannel)
    HAL_TIM_PWM_Init                         0x08001b9b   Thumb Code    90  stm32f4xx_hal_tim.o(i.HAL_TIM_PWM_Init)
    HAL_TIM_PWM_MspInit                      0x08001bf5   Thumb Code     2  stm32f4xx_hal_tim.o(i.HAL_TIM_PWM_MspInit)
    HAL_TIM_PWM_PulseFinishedCallback        0x08001bf7   Thumb Code     2  stm32f4xx_hal_tim.o(i.HAL_TIM_PWM_PulseFinishedCallback)
    HAL_TIM_PWM_Stop_IT                      0x08001bf9   Thumb Code   178  stm32f4xx_hal_tim.o(i.HAL_TIM_PWM_Stop_IT)
    HAL_TIM_PeriodElapsedCallback            0x08001cb5   Thumb Code   158  main.o(i.HAL_TIM_PeriodElapsedCallback)
    HAL_TIM_TriggerCallback                  0x08001d61   Thumb Code     2  stm32f4xx_hal_tim.o(i.HAL_TIM_TriggerCallback)
    HAL_UARTEx_RxEventCallback               0x08001d63   Thumb Code     2  stm32f4xx_hal_uart.o(i.HAL_UARTEx_RxEventCallback)
    HAL_UART_DMAStop                         0x08001d65   Thumb Code   112  stm32f4xx_hal_uart.o(i.HAL_UART_DMAStop)
    HAL_UART_ErrorCallback                   0x08001dd5   Thumb Code     2  stm32f4xx_hal_uart.o(i.HAL_UART_ErrorCallback)
    HAL_UART_IRQHandler                      0x08001dd9   Thumb Code   610  stm32f4xx_hal_uart.o(i.HAL_UART_IRQHandler)
    HAL_UART_Init                            0x08002041   Thumb Code    98  stm32f4xx_hal_uart.o(i.HAL_UART_Init)
    HAL_UART_MspInit                         0x080020a5   Thumb Code   688  stm32f4xx_hal_msp.o(i.HAL_UART_MspInit)
    HAL_UART_Receive_DMA                     0x08002391   Thumb Code    42  stm32f4xx_hal_uart.o(i.HAL_UART_Receive_DMA)
    HAL_UART_RxCpltCallback                  0x080023bb   Thumb Code     2  stm32f4xx_hal_uart.o(i.HAL_UART_RxCpltCallback)
    HAL_UART_RxHalfCpltCallback              0x080023bd   Thumb Code     2  stm32f4xx_hal_uart.o(i.HAL_UART_RxHalfCpltCallback)
    HAL_UART_Transmit_DMA                    0x080023c1   Thumb Code   126  stm32f4xx_hal_uart.o(i.HAL_UART_Transmit_DMA)
    HAL_UART_TxCpltCallback                  0x0800244d   Thumb Code    16  usart.o(i.HAL_UART_TxCpltCallback)
    HAL_UART_TxHalfCpltCallback              0x08002465   Thumb Code     2  stm32f4xx_hal_uart.o(i.HAL_UART_TxHalfCpltCallback)
    HardFault_Handler                        0x08002467   Thumb Code     2  stm32f4xx_it.o(i.HardFault_Handler)
    MemManage_Handler                        0x080026e5   Thumb Code     2  stm32f4xx_it.o(i.MemManage_Handler)
    Motor_Enable_Y                           0x080026e9   Thumb Code    16  motor.o(i.Motor_Enable_Y)
    Motor_Stop_X                             0x080026fd   Thumb Code    14  motor.o(i.Motor_Stop_X)
    Motor_Stop_Y                             0x08002711   Thumb Code    14  motor.o(i.Motor_Stop_Y)
    Move_Absolute_Angle_X                    0x08002725   Thumb Code    74  motor.o(i.Move_Absolute_Angle_X)
    Move_Absolute_Angle_Y                    0x08002779   Thumb Code    74  motor.o(i.Move_Absolute_Angle_Y)
    NMI_Handler                              0x080027cd   Thumb Code     2  stm32f4xx_it.o(i.NMI_Handler)
    PID_motors                               0x080027d1   Thumb Code   186  motor.o(i.PID_motors)
    PendSV_Handler                           0x0800289d   Thumb Code     4  stm32f4xx_it.o(i.PendSV_Handler)
    Position_Mode_X                          0x080028a1   Thumb Code    50  motor.o(i.Position_Mode_X)
    Position_Mode_Y                          0x080028d9   Thumb Code    50  motor.o(i.Position_Mode_Y)
    SVC_Handler                              0x08002911   Thumb Code     4  stm32f4xx_it.o(i.SVC_Handler)
    Send_Motor_Command_X                     0x08002915   Thumb Code    10  usart.o(i.Send_Motor_Command_X)
    Send_Motor_Command_Y                     0x08002925   Thumb Code    10  usart.o(i.Send_Motor_Command_Y)
    Set_Home_Position_Y                      0x08002935   Thumb Code    14  motor.o(i.Set_Home_Position_Y)
    Speed_Mode_X                             0x08002949   Thumb Code    30  motor.o(i.Speed_Mode_X)
    Speed_Mode_Y                             0x0800296d   Thumb Code    30  motor.o(i.Speed_Mode_Y)
    SysTick_Handler                          0x08002991   Thumb Code     4  stm32f4xx_it.o(i.SysTick_Handler)
    SystemClock_Config                       0x08002995   Thumb Code   140  main.o(i.SystemClock_Config)
    SystemInit                               0x08002a29   Thumb Code    12  system_stm32f4xx.o(i.SystemInit)
    TIM2_IRQHandler                          0x08002a39   Thumb Code     6  stm32f4xx_it.o(i.TIM2_IRQHandler)
    TIM3_IRQHandler                          0x08002a45   Thumb Code     6  stm32f4xx_it.o(i.TIM3_IRQHandler)
    TIM4_IRQHandler                          0x08002a51   Thumb Code     6  stm32f4xx_it.o(i.TIM4_IRQHandler)
    TIM_Base_SetConfig                       0x08002a5d   Thumb Code   156  stm32f4xx_hal_tim.o(i.TIM_Base_SetConfig)
    TIM_CCxChannelCmd                        0x08002b25   Thumb Code    26  stm32f4xx_hal_tim.o(i.TIM_CCxChannelCmd)
    TIM_ETR_SetConfig                        0x08002b3f   Thumb Code    20  stm32f4xx_hal_tim.o(i.TIM_ETR_SetConfig)
    TIM_OC2_SetConfig                        0x08002bc5   Thumb Code    98  stm32f4xx_hal_tim.o(i.TIM_OC2_SetConfig)
    UART4_IRQHandler                         0x08002d31   Thumb Code     6  stm32f4xx_it.o(i.UART4_IRQHandler)
    UART_Start_Receive_DMA                   0x080030b5   Thumb Code   134  stm32f4xx_hal_uart.o(i.UART_Start_Receive_DMA)
    UART_Transmit_DMA_Safe                   0x08003149   Thumb Code    34  usart.o(i.UART_Transmit_DMA_Safe)
    USART1_IRQHandler                        0x08003175   Thumb Code    16  stm32f4xx_it.o(i.USART1_IRQHandler)
    USART2_IRQHandler                        0x08003189   Thumb Code     6  stm32f4xx_it.o(i.USART2_IRQHandler)
    USAR_UART_IDLECallback                   0x08003195   Thumb Code   218  usart.o(i.USAR_UART_IDLECallback)
    UsageFault_Handler                       0x08003295   Thumb Code     2  stm32f4xx_it.o(i.UsageFault_Handler)
    constrain                                0x080032b7   Thumb Code    32  mymath.o(i.constrain)
    decision_task                            0x080032d7   Thumb Code     8  main.o(i.decision_task)
    draw_task                                0x080032df   Thumb Code     8  main.o(i.draw_task)
    key1                                     0x080032e9   Thumb Code    68  keys.o(i.key1)
    key2                                     0x08003335   Thumb Code    78  keys.o(i.key2)
    key3                                     0x0800338d   Thumb Code    64  keys.o(i.key3)
    key4                                     0x080033d1   Thumb Code    52  keys.o(i.key4)
    main                                     0x08003409   Thumb Code   238  main.o(i.main)
    motor_task                               0x08003551   Thumb Code    48  main.o(i.motor_task)
    openmv_send_command                      0x08003589   Thumb Code    54  data_protocol.o(i.openmv_send_command)
    pvPortMalloc                             0x08003c89   Thumb Code   188  heap_4.o(i.pvPortMalloc)
    pxPortInitialiseStack                    0x08003d49   Thumb Code    40  port.o(i.pxPortInitialiseStack)
    uart_init                                0x08003d75   Thumb Code   108  usart.o(i.uart_init)
    usart_task                               0x08003e05   Thumb Code    30  main.o(i.usart_task)
    uxListRemove                             0x08003e29   Thumb Code    38  list.o(i.uxListRemove)
    vListInitialise                          0x08003e4f   Thumb Code    22  list.o(i.vListInitialise)
    vListInitialiseItem                      0x08003e65   Thumb Code     6  list.o(i.vListInitialiseItem)
    vListInsert                              0x08003e6b   Thumb Code    48  list.o(i.vListInsert)
    vPortEnterCritical                       0x08003e9d   Thumb Code    54  port.o(i.vPortEnterCritical)
    vPortExitCritical                        0x08003edd   Thumb Code    34  port.o(i.vPortExitCritical)
    vPortFree                                0x08003f05   Thumb Code    94  heap_4.o(i.vPortFree)
    vPortSetupTimerInterrupt                 0x08003f69   Thumb Code    32  port.o(i.vPortSetupTimerInterrupt)
    vQueueAddToRegistry                      0x08003f8d   Thumb Code    74  queue.o(i.vQueueAddToRegistry)
    vQueueWaitForMessageRestricted           0x08003fdd   Thumb Code    68  queue.o(i.vQueueWaitForMessageRestricted)
    vTaskDelay                               0x08004021   Thumb Code    66  tasks.o(i.vTaskDelay)
    vTaskInternalSetTimeOutState             0x0800406d   Thumb Code    12  tasks.o(i.vTaskInternalSetTimeOutState)
    vTaskMissedYield                         0x0800407d   Thumb Code     8  tasks.o(i.vTaskMissedYield)
    vTaskPlaceOnEventList                    0x08004089   Thumb Code    44  tasks.o(i.vTaskPlaceOnEventList)
    vTaskPlaceOnEventListRestricted          0x080040b9   Thumb Code    76  tasks.o(i.vTaskPlaceOnEventListRestricted)
    vTaskStartScheduler                      0x08004109   Thumb Code    94  tasks.o(i.vTaskStartScheduler)
    vTaskSuspendAll                          0x08004179   Thumb Code    10  tasks.o(i.vTaskSuspendAll)
    vTaskSwitchContext                       0x08004189   Thumb Code    82  tasks.o(i.vTaskSwitchContext)
    xPortStartScheduler                      0x080041e5   Thumb Code   222  port.o(i.xPortStartScheduler)
    xPortSysTickHandler                      0x080042d9   Thumb Code    38  port.o(i.xPortSysTickHandler)
    xQueueGenericCreate                      0x08004305   Thumb Code    94  queue.o(i.xQueueGenericCreate)
    xQueueGenericReset                       0x08004365   Thumb Code   172  queue.o(i.xQueueGenericReset)
    xQueueReceive                            0x08004415   Thumb Code   308  queue.o(i.xQueueReceive)
    xTaskCheckForTimeOut                     0x0800454d   Thumb Code   118  tasks.o(i.xTaskCheckForTimeOut)
    xTaskCreate                              0x080045c9   Thumb Code    92  tasks.o(i.xTaskCreate)
    xTaskGetSchedulerState                   0x08004625   Thumb Code    22  tasks.o(i.xTaskGetSchedulerState)
    xTaskGetTickCount                        0x08004641   Thumb Code     6  tasks.o(i.xTaskGetTickCount)
    xTaskIncrementTick                       0x0800464d   Thumb Code   304  tasks.o(i.xTaskIncrementTick)
    xTaskRemoveFromEventList                 0x08004785   Thumb Code   210  tasks.o(i.xTaskRemoveFromEventList)
    xTaskResumeAll                           0x08004861   Thumb Code   286  tasks.o(i.xTaskResumeAll)
    xTimerCreateTimerTask                    0x0800498d   Thumb Code    58  timers.o(i.xTimerCreateTimerTask)
    __aeabi_d2f                              0x080049d9   Thumb Code     0  d2f.o(x$fpl$d2f)
    _d2f                                     0x080049d9   Thumb Code    98  d2f.o(x$fpl$d2f)
    __aeabi_ddiv                             0x08004a3d   Thumb Code     0  ddiv.o(x$fpl$ddiv)
    _ddiv                                    0x08004a3d   Thumb Code   552  ddiv.o(x$fpl$ddiv)
    __aeabi_d2uiz                            0x08004ced   Thumb Code     0  dfixu.o(x$fpl$dfixu)
    _dfixu                                   0x08004ced   Thumb Code    90  dfixu.o(x$fpl$dfixu)
    __aeabi_ui2d                             0x08004d47   Thumb Code     0  dflt_clz.o(x$fpl$dfltu)
    _dfltu                                   0x08004d47   Thumb Code    38  dflt_clz.o(x$fpl$dfltu)
    __aeabi_dmul                             0x08004d6d   Thumb Code     0  dmul.o(x$fpl$dmul)
    _dmul                                    0x08004d6d   Thumb Code   332  dmul.o(x$fpl$dmul)
    __fpl_dnaninf                            0x08004ec1   Thumb Code   156  dnaninf.o(x$fpl$dnaninf)
    __fpl_dretinf                            0x08004f5d   Thumb Code    12  dretinf.o(x$fpl$dretinf)
    __aeabi_f2d                              0x08004f69   Thumb Code     0  f2d.o(x$fpl$f2d)
    _f2d                                     0x08004f69   Thumb Code    86  f2d.o(x$fpl$f2d)
    __fpl_fnaninf                            0x08004fbf   Thumb Code   140  fnaninf.o(x$fpl$fnaninf)
    _fp_init                                 0x0800504b   Thumb Code    10  fpinit.o(x$fpl$fpinit)
    __fplib_config_fpu_vfp                   0x08005053   Thumb Code     0  fpinit.o(x$fpl$fpinit)
    __fplib_config_pureend_doubles           0x08005053   Thumb Code     0  fpinit.o(x$fpl$fpinit)
    __fpl_fretinf                            0x08005055   Thumb Code    10  fretinf.o(x$fpl$fretinf)
    __I$use$fp                               0x0800505e   Number         0  usenofp.o(x$fpl$usenofp)
    AHBPrescTable                            0x08005066   Data          16  system_stm32f4xx.o(.constdata)
    APBPrescTable                            0x08005076   Data           8  system_stm32f4xx.o(.constdata)
    Region$$Table$$Base                      0x08005080   Number         0  anon$$obj.o(Region$$Table)
    Region$$Table$$Limit                     0x080050a0   Number         0  anon$$obj.o(Region$$Table)
    usart_TaskHandle_t                       0x20000000   Data           4  main.o(.data)
    motor_TaskHandle_t                       0x20000004   Data           4  main.o(.data)
    decision_TaskHandle_t                    0x20000008   Data           4  main.o(.data)
    draw_TaskHandle_t                        0x2000000c   Data           4  main.o(.data)
    uwTickFreq                               0x20000010   Data           1  stm32f4xx_hal.o(.data)
    uwTickPrio                               0x20000014   Data           4  stm32f4xx_hal.o(.data)
    uwTick                                   0x20000018   Data           4  stm32f4xx_hal.o(.data)
    SystemCoreClock                          0x2000001c   Data           4  system_stm32f4xx.o(.data)
    pxCurrentTCB                             0x20000020   Data           4  tasks.o(.data)
    uxTopUsedPriority                        0x20000050   Data           4  tasks.o(.data)
    send_speed_x_flag                        0x2000009c   Data           1  data_protocol.o(.data)
    send_speed_y_flag                        0x2000009d   Data           1  data_protocol.o(.data)
    send_status                              0x2000009e   Data           1  data_protocol.o(.data)
    my_flag                                  0x2000009f   Data           1  data_protocol.o(.data)
    offset_x                                 0x200000a0   Data           2  data_protocol.o(.data)
    offset_y                                 0x200000a2   Data           2  data_protocol.o(.data)
    point                                    0x200000a4   Data           1  keys.o(.data)
    keyflag                                  0x200000a8   Data           4  keys.o(.data)
    acceleration                             0x200000ac   Data           1  motor.o(.data)
    cmd9_x                                   0x200000ad   Data           3  motor.o(.data)
    cmd9_y                                   0x200000b0   Data           3  motor.o(.data)
    cmd10_x                                  0x200000b3   Data           3  motor.o(.data)
    cmd10_y                                  0x200000b6   Data           3  motor.o(.data)
    cmd5_x                                   0x200000b9   Data           4  motor.o(.data)
    cmd5_y                                   0x200000bd   Data           4  motor.o(.data)
    cmd8_x                                   0x200000c1   Data           4  motor.o(.data)
    cmd8_y                                   0x200000c5   Data           4  motor.o(.data)
    kp_x                                     0x200000cc   Data           4  motor.o(.data)
    kp_y                                     0x200000d0   Data           4  motor.o(.data)
    cmd4_x                                   0x200000d4   Data           5  motor.o(.data)
    cmd4_y                                   0x200000d9   Data           5  motor.o(.data)
    cmd6_x                                   0x200000de   Data           5  motor.o(.data)
    cmd6_y                                   0x200000e3   Data           5  motor.o(.data)
    cmd7_x                                   0x200000e8   Data           5  motor.o(.data)
    cmd7_y                                   0x200000ed   Data           5  motor.o(.data)
    cmd1_x                                   0x200000f2   Data           6  motor.o(.data)
    cmd1_y                                   0x200000f8   Data           6  motor.o(.data)
    cmd2_x                                   0x200000fe   Data           8  motor.o(.data)
    cmd2_y                                   0x20000106   Data           8  motor.o(.data)
    interp                                   0x20000110   Data           8  motor.o(.data)
    motor_x                                  0x20000118   Data          52  motor.o(.data)
    motor_y                                  0x2000014c   Data          52  motor.o(.data)
    cmd3_x                                   0x20000180   Data          13  motor.o(.data)
    cmd3_y                                   0x2000018d   Data          13  motor.o(.data)
    uart_tx_busy                             0x2000019a   Data           1  usart.o(.data)
    htim2                                    0x2000019c   Data          72  main.o(.bss)
    htim3                                    0x200001e4   Data          72  main.o(.bss)
    huart4                                   0x2000022c   Data          68  main.o(.bss)
    huart1                                   0x20000270   Data          68  main.o(.bss)
    huart2                                   0x200002b4   Data          68  main.o(.bss)
    hdma_uart4_rx                            0x200002f8   Data          96  main.o(.bss)
    hdma_uart4_tx                            0x20000358   Data          96  main.o(.bss)
    hdma_usart1_rx                           0x200003b8   Data          96  main.o(.bss)
    hdma_usart1_tx                           0x20000418   Data          96  main.o(.bss)
    hdma_usart2_tx                           0x20000478   Data          96  main.o(.bss)
    hdma_usart2_rx                           0x200004d8   Data          96  main.o(.bss)
    htim4                                    0x20000538   Data          72  stm32f4xx_hal_timebase_tim.o(.bss)
    xQueueRegistry                           0x20000580   Data          64  queue.o(.bss)
    motor_data                               0x200132c4   Data          40  motor.o(.bss)
    receive_Buff1                            0x200132ec   Data         128  usart.o(.bss)
    handle_Buff1                             0x2001336c   Data         128  usart.o(.bss)
    receive_Buff2                            0x200133ec   Data         128  usart.o(.bss)
    handle_Buff2                             0x2001346c   Data         128  usart.o(.bss)
    receive_Buff4                            0x200134ec   Data         128  usart.o(.bss)
    handle_Buff4                             0x2001356c   Data         128  usart.o(.bss)
    tx_buffer                                0x200135ec   Data         128  usart.o(.bss)
    __libspace_start                         0x2001366c   Data          96  libspace.o(.bss)
    __temporary_stack_top$libspace           0x200136cc   Data           0  libspace.o(.bss)



==============================================================================

Memory Map of the image

  Image Entry point : 0x08000189

  Load Region LR_IROM1 (Base: 0x08000000, Size: 0x0000523c, Max: 0x00080000, ABSOLUTE, COMPRESSED[0x00005108])

    Execution Region ER_IROM1 (Exec base: 0x08000000, Load base: 0x08000000, Size: 0x000050a0, Max: 0x00080000, ABSOLUTE)

    Exec Addr    Load Addr    Size         Type   Attr      Idx    E Section Name        Object

    0x08000000   0x08000000   0x00000188   Data   RO            3    RESET               startup_stm32f407xx.o
    0x08000188   0x08000188   0x00000008   Code   RO         4871  * !!!main             c_w.l(__main.o)
    0x08000190   0x08000190   0x00000034   Code   RO         5354    !!!scatter          c_w.l(__scatter.o)
    0x080001c4   0x080001c4   0x0000005a   Code   RO         5352    !!dczerorl2         c_w.l(__dczerorl2.o)
    0x0800021e   0x0800021e   0x00000002   PAD
    0x08000220   0x08000220   0x0000001c   Code   RO         5356    !!handler_zi        c_w.l(__scatter_zi.o)
    0x0800023c   0x0800023c   0x00000002   Code   RO         5216    .ARM.Collect$$libinit$$00000000  c_w.l(libinit.o)
    0x0800023e   0x0800023e   0x00000004   Code   RO         5232    .ARM.Collect$$libinit$$00000001  c_w.l(libinit2.o)
    0x08000242   0x08000242   0x00000000   Code   RO         5235    .ARM.Collect$$libinit$$00000004  c_w.l(libinit2.o)
    0x08000242   0x08000242   0x00000000   Code   RO         5238    .ARM.Collect$$libinit$$0000000A  c_w.l(libinit2.o)
    0x08000242   0x08000242   0x00000000   Code   RO         5240    .ARM.Collect$$libinit$$0000000C  c_w.l(libinit2.o)
    0x08000242   0x08000242   0x00000000   Code   RO         5242    .ARM.Collect$$libinit$$0000000E  c_w.l(libinit2.o)
    0x08000242   0x08000242   0x00000000   Code   RO         5245    .ARM.Collect$$libinit$$00000011  c_w.l(libinit2.o)
    0x08000242   0x08000242   0x00000000   Code   RO         5247    .ARM.Collect$$libinit$$00000013  c_w.l(libinit2.o)
    0x08000242   0x08000242   0x00000000   Code   RO         5249    .ARM.Collect$$libinit$$00000015  c_w.l(libinit2.o)
    0x08000242   0x08000242   0x00000000   Code   RO         5251    .ARM.Collect$$libinit$$00000017  c_w.l(libinit2.o)
    0x08000242   0x08000242   0x00000000   Code   RO         5253    .ARM.Collect$$libinit$$00000019  c_w.l(libinit2.o)
    0x08000242   0x08000242   0x00000000   Code   RO         5255    .ARM.Collect$$libinit$$0000001B  c_w.l(libinit2.o)
    0x08000242   0x08000242   0x00000000   Code   RO         5257    .ARM.Collect$$libinit$$0000001D  c_w.l(libinit2.o)
    0x08000242   0x08000242   0x00000000   Code   RO         5259    .ARM.Collect$$libinit$$0000001F  c_w.l(libinit2.o)
    0x08000242   0x08000242   0x00000000   Code   RO         5261    .ARM.Collect$$libinit$$00000021  c_w.l(libinit2.o)
    0x08000242   0x08000242   0x00000000   Code   RO         5263    .ARM.Collect$$libinit$$00000023  c_w.l(libinit2.o)
    0x08000242   0x08000242   0x00000000   Code   RO         5265    .ARM.Collect$$libinit$$00000025  c_w.l(libinit2.o)
    0x08000242   0x08000242   0x00000000   Code   RO         5269    .ARM.Collect$$libinit$$0000002C  c_w.l(libinit2.o)
    0x08000242   0x08000242   0x00000000   Code   RO         5271    .ARM.Collect$$libinit$$0000002E  c_w.l(libinit2.o)
    0x08000242   0x08000242   0x00000000   Code   RO         5273    .ARM.Collect$$libinit$$00000030  c_w.l(libinit2.o)
    0x08000242   0x08000242   0x00000000   Code   RO         5275    .ARM.Collect$$libinit$$00000032  c_w.l(libinit2.o)
    0x08000242   0x08000242   0x00000002   Code   RO         5276    .ARM.Collect$$libinit$$00000033  c_w.l(libinit2.o)
    0x08000244   0x08000244   0x00000002   Code   RO         5307    .ARM.Collect$$libshutdown$$00000000  c_w.l(libshutdown.o)
    0x08000246   0x08000246   0x00000000   Code   RO         5333    .ARM.Collect$$libshutdown$$00000002  c_w.l(libshutdown2.o)
    0x08000246   0x08000246   0x00000000   Code   RO         5335    .ARM.Collect$$libshutdown$$00000004  c_w.l(libshutdown2.o)
    0x08000246   0x08000246   0x00000000   Code   RO         5337    .ARM.Collect$$libshutdown$$00000006  c_w.l(libshutdown2.o)
    0x08000246   0x08000246   0x00000000   Code   RO         5340    .ARM.Collect$$libshutdown$$00000009  c_w.l(libshutdown2.o)
    0x08000246   0x08000246   0x00000000   Code   RO         5343    .ARM.Collect$$libshutdown$$0000000C  c_w.l(libshutdown2.o)
    0x08000246   0x08000246   0x00000000   Code   RO         5345    .ARM.Collect$$libshutdown$$0000000E  c_w.l(libshutdown2.o)
    0x08000246   0x08000246   0x00000000   Code   RO         5348    .ARM.Collect$$libshutdown$$00000011  c_w.l(libshutdown2.o)
    0x08000246   0x08000246   0x00000002   Code   RO         5349    .ARM.Collect$$libshutdown$$00000012  c_w.l(libshutdown2.o)
    0x08000248   0x08000248   0x00000000   Code   RO         4939    .ARM.Collect$$rtentry$$00000000  c_w.l(__rtentry.o)
    0x08000248   0x08000248   0x00000000   Code   RO         5116    .ARM.Collect$$rtentry$$00000002  c_w.l(__rtentry2.o)
    0x08000248   0x08000248   0x00000006   Code   RO         5128    .ARM.Collect$$rtentry$$00000004  c_w.l(__rtentry4.o)
    0x0800024e   0x0800024e   0x00000000   Code   RO         5118    .ARM.Collect$$rtentry$$00000009  c_w.l(__rtentry2.o)
    0x0800024e   0x0800024e   0x00000004   Code   RO         5119    .ARM.Collect$$rtentry$$0000000A  c_w.l(__rtentry2.o)
    0x08000252   0x08000252   0x00000000   Code   RO         5121    .ARM.Collect$$rtentry$$0000000C  c_w.l(__rtentry2.o)
    0x08000252   0x08000252   0x00000008   Code   RO         5122    .ARM.Collect$$rtentry$$0000000D  c_w.l(__rtentry2.o)
    0x0800025a   0x0800025a   0x00000002   Code   RO         5219    .ARM.Collect$$rtexit$$00000000  c_w.l(rtexit.o)
    0x0800025c   0x0800025c   0x00000000   Code   RO         5280    .ARM.Collect$$rtexit$$00000002  c_w.l(rtexit2.o)
    0x0800025c   0x0800025c   0x00000004   Code   RO         5281    .ARM.Collect$$rtexit$$00000003  c_w.l(rtexit2.o)
    0x08000260   0x08000260   0x00000006   Code   RO         5282    .ARM.Collect$$rtexit$$00000004  c_w.l(rtexit2.o)
    0x08000266   0x08000266   0x00000002   PAD
    0x08000268   0x08000268   0x000000be   Code   RO         3951    .emb_text           port.o
    0x08000326   0x08000326   0x00000002   PAD
    0x08000328   0x08000328   0x00000040   Code   RO            4    .text               startup_stm32f407xx.o
    0x08000368   0x08000368   0x000000ee   Code   RO         4853    .text               c_w.l(lludivv7m.o)
    0x08000456   0x08000456   0x0000008a   Code   RO         4861    .text               c_w.l(rt_memcpy_v6.o)
    0x080004e0   0x080004e0   0x00000010   Code   RO         4863    .text               c_w.l(aeabi_memset.o)
    0x080004f0   0x080004f0   0x00000044   Code   RO         4865    .text               c_w.l(rt_memclr.o)
    0x08000534   0x08000534   0x0000004e   Code   RO         4867    .text               c_w.l(rt_memclr_w.o)
    0x08000582   0x08000582   0x00000006   Code   RO         4869    .text               c_w.l(heapauxi.o)
    0x08000588   0x08000588   0x00000064   Code   RO         5039    .text               c_w.l(rt_memcpy_w.o)
    0x080005ec   0x080005ec   0x00000008   Code   RO         5163    .text               c_w.l(libspace.o)
    0x080005f4   0x080005f4   0x0000004a   Code   RO         5166    .text               c_w.l(sys_stackheap_outer.o)
    0x0800063e   0x0800063e   0x00000012   Code   RO         5205    .text               c_w.l(exit.o)
    0x08000650   0x08000650   0x0000000c   Code   RO         5277    .text               c_w.l(sys_exit.o)
    0x0800065c   0x0800065c   0x00000002   Code   RO         5296    .text               c_w.l(use_no_semi.o)
    0x0800065e   0x0800065e   0x00000000   Code   RO         5298    .text               c_w.l(indicate_semi.o)
    0x0800065e   0x0800065e   0x00000002   Code   RO          353    i.BusFault_Handler  stm32f4xx_it.o
    0x08000660   0x08000660   0x0000000c   Code   RO          354    i.DMA1_Stream2_IRQHandler  stm32f4xx_it.o
    0x0800066c   0x0800066c   0x0000000c   Code   RO          355    i.DMA1_Stream4_IRQHandler  stm32f4xx_it.o
    0x08000678   0x08000678   0x0000000c   Code   RO          356    i.DMA1_Stream5_IRQHandler  stm32f4xx_it.o
    0x08000684   0x08000684   0x0000000c   Code   RO          357    i.DMA1_Stream6_IRQHandler  stm32f4xx_it.o
    0x08000690   0x08000690   0x0000000c   Code   RO          358    i.DMA2_Stream2_IRQHandler  stm32f4xx_it.o
    0x0800069c   0x0800069c   0x0000000c   Code   RO          359    i.DMA2_Stream7_IRQHandler  stm32f4xx_it.o
    0x080006a8   0x080006a8   0x00000028   Code   RO         2030    i.DMA_CalcBaseAndBitshift  stm32f4xx_hal_dma.o
    0x080006d0   0x080006d0   0x00000054   Code   RO         2031    i.DMA_CheckFifoParam  stm32f4xx_hal_dma.o
    0x08000724   0x08000724   0x00000028   Code   RO         2032    i.DMA_SetConfig     stm32f4xx_hal_dma.o
    0x0800074c   0x0800074c   0x00000090   Code   RO         4092    i.Data_Handle1      data_protocol.o
    0x080007dc   0x080007dc   0x00000058   Code   RO         4093    i.Data_Handle2      data_protocol.o
    0x08000834   0x08000834   0x00000058   Code   RO         4094    i.Data_Handle4      data_protocol.o
    0x0800088c   0x0800088c   0x00000002   Code   RO          360    i.DebugMon_Handler  stm32f4xx_it.o
    0x0800088e   0x0800088e   0x00000004   Code   RO           13    i.Error_Handler     main.o
    0x08000892   0x08000892   0x00000002   PAD
    0x08000894   0x08000894   0x00000060   Code   RO         4483    i.Get_Motor_Position  motor.o
    0x080008f4   0x080008f4   0x00000068   Code   RO         4484    i.Get_Motor_Speed   motor.o
    0x0800095c   0x0800095c   0x00000092   Code   RO         2033    i.HAL_DMA_Abort     stm32f4xx_hal_dma.o
    0x080009ee   0x080009ee   0x00000024   Code   RO         2034    i.HAL_DMA_Abort_IT  stm32f4xx_hal_dma.o
    0x08000a12   0x08000a12   0x00000002   PAD
    0x08000a14   0x08000a14   0x000001a0   Code   RO         2038    i.HAL_DMA_IRQHandler  stm32f4xx_hal_dma.o
    0x08000bb4   0x08000bb4   0x000000d4   Code   RO         2039    i.HAL_DMA_Init      stm32f4xx_hal_dma.o
    0x08000c88   0x08000c88   0x0000006e   Code   RO         2043    i.HAL_DMA_Start_IT  stm32f4xx_hal_dma.o
    0x08000cf6   0x08000cf6   0x00000002   PAD
    0x08000cf8   0x08000cf8   0x00000024   Code   RO         2452    i.HAL_Delay         stm32f4xx_hal.o
    0x08000d1c   0x08000d1c   0x000001f0   Code   RO         1926    i.HAL_GPIO_Init     stm32f4xx_hal_gpio.o
    0x08000f0c   0x08000f0c   0x0000000a   Code   RO         1928    i.HAL_GPIO_ReadPin  stm32f4xx_hal_gpio.o
    0x08000f16   0x08000f16   0x0000000a   Code   RO         1930    i.HAL_GPIO_WritePin  stm32f4xx_hal_gpio.o
    0x08000f20   0x08000f20   0x0000000c   Code   RO         2458    i.HAL_GetTick       stm32f4xx_hal.o
    0x08000f2c   0x08000f2c   0x00000010   Code   RO         2464    i.HAL_IncTick       stm32f4xx_hal.o
    0x08000f3c   0x08000f3c   0x00000034   Code   RO         2465    i.HAL_Init          stm32f4xx_hal.o
    0x08000f70   0x08000f70   0x00000098   Code   RO          559    i.HAL_InitTick      stm32f4xx_hal_timebase_tim.o
    0x08001008   0x08001008   0x00000030   Code   RO          505    i.HAL_MspInit       stm32f4xx_hal_msp.o
    0x08001038   0x08001038   0x0000001a   Code   RO         2315    i.HAL_NVIC_EnableIRQ  stm32f4xx_hal_cortex.o
    0x08001052   0x08001052   0x00000002   PAD
    0x08001054   0x08001054   0x00000040   Code   RO         2321    i.HAL_NVIC_SetPriority  stm32f4xx_hal_cortex.o
    0x08001094   0x08001094   0x00000024   Code   RO         2322    i.HAL_NVIC_SetPriorityGrouping  stm32f4xx_hal_cortex.o
    0x080010b8   0x080010b8   0x00000134   Code   RO         1572    i.HAL_RCC_ClockConfig  stm32f4xx_hal_rcc.o
    0x080011ec   0x080011ec   0x00000040   Code   RO         1576    i.HAL_RCC_GetClockConfig  stm32f4xx_hal_rcc.o
    0x0800122c   0x0800122c   0x00000020   Code   RO         1579    i.HAL_RCC_GetPCLK1Freq  stm32f4xx_hal_rcc.o
    0x0800124c   0x0800124c   0x00000020   Code   RO         1580    i.HAL_RCC_GetPCLK2Freq  stm32f4xx_hal_rcc.o
    0x0800126c   0x0800126c   0x00000064   Code   RO         1581    i.HAL_RCC_GetSysClockFreq  stm32f4xx_hal_rcc.o
    0x080012d0   0x080012d0   0x0000036c   Code   RO         1584    i.HAL_RCC_OscConfig  stm32f4xx_hal_rcc.o
    0x0800163c   0x0800163c   0x00000002   Code   RO         1304    i.HAL_TIMEx_BreakCallback  stm32f4xx_hal_tim_ex.o
    0x0800163e   0x0800163e   0x00000002   Code   RO         1305    i.HAL_TIMEx_CommutCallback  stm32f4xx_hal_tim_ex.o
    0x08001640   0x08001640   0x00000090   Code   RO         1323    i.HAL_TIMEx_MasterConfigSynchronization  stm32f4xx_hal_tim_ex.o
    0x080016d0   0x080016d0   0x0000005a   Code   RO          600    i.HAL_TIM_Base_Init  stm32f4xx_hal_tim.o
    0x0800172a   0x0800172a   0x00000002   PAD
    0x0800172c   0x0800172c   0x00000060   Code   RO          507    i.HAL_TIM_Base_MspInit  stm32f4xx_hal_msp.o
    0x0800178c   0x0800178c   0x00000080   Code   RO          605    i.HAL_TIM_Base_Start_IT  stm32f4xx_hal_tim.o
    0x0800180c   0x0800180c   0x000000dc   Code   RO          609    i.HAL_TIM_ConfigClockSource  stm32f4xx_hal_tim.o
    0x080018e8   0x080018e8   0x00000002   Code   RO          634    i.HAL_TIM_IC_CaptureCallback  stm32f4xx_hal_tim.o
    0x080018ea   0x080018ea   0x00000166   Code   RO          648    i.HAL_TIM_IRQHandler  stm32f4xx_hal_tim.o
    0x08001a50   0x08001a50   0x0000007c   Code   RO          508    i.HAL_TIM_MspPostInit  stm32f4xx_hal_msp.o
    0x08001acc   0x08001acc   0x00000002   Code   RO          651    i.HAL_TIM_OC_DelayElapsedCallback  stm32f4xx_hal_tim.o
    0x08001ace   0x08001ace   0x000000cc   Code   RO          672    i.HAL_TIM_PWM_ConfigChannel  stm32f4xx_hal_tim.o
    0x08001b9a   0x08001b9a   0x0000005a   Code   RO          675    i.HAL_TIM_PWM_Init  stm32f4xx_hal_tim.o
    0x08001bf4   0x08001bf4   0x00000002   Code   RO          677    i.HAL_TIM_PWM_MspInit  stm32f4xx_hal_tim.o
    0x08001bf6   0x08001bf6   0x00000002   Code   RO          678    i.HAL_TIM_PWM_PulseFinishedCallback  stm32f4xx_hal_tim.o
    0x08001bf8   0x08001bf8   0x000000bc   Code   RO          685    i.HAL_TIM_PWM_Stop_IT  stm32f4xx_hal_tim.o
    0x08001cb4   0x08001cb4   0x000000ac   Code   RO           14    i.HAL_TIM_PeriodElapsedCallback  main.o
    0x08001d60   0x08001d60   0x00000002   Code   RO          691    i.HAL_TIM_TriggerCallback  stm32f4xx_hal_tim.o
    0x08001d62   0x08001d62   0x00000002   Code   RO         2714    i.HAL_UARTEx_RxEventCallback  stm32f4xx_hal_uart.o
    0x08001d64   0x08001d64   0x00000070   Code   RO         2726    i.HAL_UART_DMAStop  stm32f4xx_hal_uart.o
    0x08001dd4   0x08001dd4   0x00000002   Code   RO         2728    i.HAL_UART_ErrorCallback  stm32f4xx_hal_uart.o
    0x08001dd6   0x08001dd6   0x00000002   PAD
    0x08001dd8   0x08001dd8   0x00000268   Code   RO         2731    i.HAL_UART_IRQHandler  stm32f4xx_hal_uart.o
    0x08002040   0x08002040   0x00000062   Code   RO         2732    i.HAL_UART_Init     stm32f4xx_hal_uart.o
    0x080020a2   0x080020a2   0x00000002   PAD
    0x080020a4   0x080020a4   0x000002ec   Code   RO          510    i.HAL_UART_MspInit  stm32f4xx_hal_msp.o
    0x08002390   0x08002390   0x0000002a   Code   RO         2736    i.HAL_UART_Receive_DMA  stm32f4xx_hal_uart.o
    0x080023ba   0x080023ba   0x00000002   Code   RO         2738    i.HAL_UART_RxCpltCallback  stm32f4xx_hal_uart.o
    0x080023bc   0x080023bc   0x00000002   Code   RO         2739    i.HAL_UART_RxHalfCpltCallback  stm32f4xx_hal_uart.o
    0x080023be   0x080023be   0x00000002   PAD
    0x080023c0   0x080023c0   0x0000008c   Code   RO         2741    i.HAL_UART_Transmit_DMA  stm32f4xx_hal_uart.o
    0x0800244c   0x0800244c   0x00000018   Code   RO         4779    i.HAL_UART_TxCpltCallback  usart.o
    0x08002464   0x08002464   0x00000002   Code   RO         2744    i.HAL_UART_TxHalfCpltCallback  stm32f4xx_hal_uart.o
    0x08002466   0x08002466   0x00000002   Code   RO          361    i.HardFault_Handler  stm32f4xx_it.o
    0x08002468   0x08002468   0x0000008c   Code   RO           15    i.MX_DMA_Init       main.o
    0x080024f4   0x080024f4   0x000000b8   Code   RO           16    i.MX_GPIO_Init      main.o
    0x080025ac   0x080025ac   0x0000009c   Code   RO           17    i.MX_TIM2_Init      main.o
    0x08002648   0x08002648   0x0000009c   Code   RO           18    i.MX_TIM3_Init      main.o
    0x080026e4   0x080026e4   0x00000002   Code   RO          362    i.MemManage_Handler  stm32f4xx_it.o
    0x080026e6   0x080026e6   0x00000002   PAD
    0x080026e8   0x080026e8   0x00000014   Code   RO         4486    i.Motor_Enable_Y    motor.o
    0x080026fc   0x080026fc   0x00000014   Code   RO         4487    i.Motor_Stop_X      motor.o
    0x08002710   0x08002710   0x00000014   Code   RO         4488    i.Motor_Stop_Y      motor.o
    0x08002724   0x08002724   0x00000054   Code   RO         4489    i.Move_Absolute_Angle_X  motor.o
    0x08002778   0x08002778   0x00000054   Code   RO         4490    i.Move_Absolute_Angle_Y  motor.o
    0x080027cc   0x080027cc   0x00000002   Code   RO          363    i.NMI_Handler       stm32f4xx_it.o
    0x080027ce   0x080027ce   0x00000002   PAD
    0x080027d0   0x080027d0   0x000000cc   Code   RO         4495    i.PID_motors        motor.o
    0x0800289c   0x0800289c   0x00000004   Code   RO          364    i.PendSV_Handler    stm32f4xx_it.o
    0x080028a0   0x080028a0   0x00000038   Code   RO         4496    i.Position_Mode_X   motor.o
    0x080028d8   0x080028d8   0x00000038   Code   RO         4497    i.Position_Mode_Y   motor.o
    0x08002910   0x08002910   0x00000004   Code   RO          365    i.SVC_Handler       stm32f4xx_it.o
    0x08002914   0x08002914   0x00000010   Code   RO         4780    i.Send_Motor_Command_X  usart.o
    0x08002924   0x08002924   0x00000010   Code   RO         4781    i.Send_Motor_Command_Y  usart.o
    0x08002934   0x08002934   0x00000014   Code   RO         4506    i.Set_Home_Position_Y  motor.o
    0x08002948   0x08002948   0x00000024   Code   RO         4508    i.Speed_Mode_X      motor.o
    0x0800296c   0x0800296c   0x00000024   Code   RO         4509    i.Speed_Mode_Y      motor.o
    0x08002990   0x08002990   0x00000004   Code   RO          366    i.SysTick_Handler   stm32f4xx_it.o
    0x08002994   0x08002994   0x00000094   Code   RO           19    i.SystemClock_Config  main.o
    0x08002a28   0x08002a28   0x00000010   Code   RO         3061    i.SystemInit        system_stm32f4xx.o
    0x08002a38   0x08002a38   0x0000000c   Code   RO          367    i.TIM2_IRQHandler   stm32f4xx_it.o
    0x08002a44   0x08002a44   0x0000000c   Code   RO          368    i.TIM3_IRQHandler   stm32f4xx_it.o
    0x08002a50   0x08002a50   0x0000000c   Code   RO          369    i.TIM4_IRQHandler   stm32f4xx_it.o
    0x08002a5c   0x08002a5c   0x000000c8   Code   RO          693    i.TIM_Base_SetConfig  stm32f4xx_hal_tim.o
    0x08002b24   0x08002b24   0x0000001a   Code   RO          694    i.TIM_CCxChannelCmd  stm32f4xx_hal_tim.o
    0x08002b3e   0x08002b3e   0x00000014   Code   RO          704    i.TIM_ETR_SetConfig  stm32f4xx_hal_tim.o
    0x08002b52   0x08002b52   0x00000010   Code   RO          705    i.TIM_ITRx_SetConfig  stm32f4xx_hal_tim.o
    0x08002b62   0x08002b62   0x00000002   PAD
    0x08002b64   0x08002b64   0x00000060   Code   RO          706    i.TIM_OC1_SetConfig  stm32f4xx_hal_tim.o
    0x08002bc4   0x08002bc4   0x0000006c   Code   RO          707    i.TIM_OC2_SetConfig  stm32f4xx_hal_tim.o
    0x08002c30   0x08002c30   0x00000068   Code   RO          708    i.TIM_OC3_SetConfig  stm32f4xx_hal_tim.o
    0x08002c98   0x08002c98   0x00000050   Code   RO          709    i.TIM_OC4_SetConfig  stm32f4xx_hal_tim.o
    0x08002ce8   0x08002ce8   0x00000022   Code   RO          711    i.TIM_TI1_ConfigInputStage  stm32f4xx_hal_tim.o
    0x08002d0a   0x08002d0a   0x00000024   Code   RO          713    i.TIM_TI2_ConfigInputStage  stm32f4xx_hal_tim.o
    0x08002d2e   0x08002d2e   0x00000002   PAD
    0x08002d30   0x08002d30   0x0000000c   Code   RO          370    i.UART4_IRQHandler  stm32f4xx_it.o
    0x08002d3c   0x08002d3c   0x00000010   Code   RO         2745    i.UART_DMAAbortOnError  stm32f4xx_hal_uart.o
    0x08002d4c   0x08002d4c   0x0000004a   Code   RO         2746    i.UART_DMAError     stm32f4xx_hal_uart.o
    0x08002d96   0x08002d96   0x00000082   Code   RO         2747    i.UART_DMAReceiveCplt  stm32f4xx_hal_uart.o
    0x08002e18   0x08002e18   0x0000001a   Code   RO         2749    i.UART_DMARxHalfCplt  stm32f4xx_hal_uart.o
    0x08002e32   0x08002e32   0x00000042   Code   RO         2751    i.UART_DMATransmitCplt  stm32f4xx_hal_uart.o
    0x08002e74   0x08002e74   0x0000000a   Code   RO         2753    i.UART_DMATxHalfCplt  stm32f4xx_hal_uart.o
    0x08002e7e   0x08002e7e   0x0000004e   Code   RO         2755    i.UART_EndRxTransfer  stm32f4xx_hal_uart.o
    0x08002ecc   0x08002ecc   0x0000001c   Code   RO         2756    i.UART_EndTxTransfer  stm32f4xx_hal_uart.o
    0x08002ee8   0x08002ee8   0x000000c0   Code   RO         2757    i.UART_Receive_IT   stm32f4xx_hal_uart.o
    0x08002fa8   0x08002fa8   0x0000010c   Code   RO         2758    i.UART_SetConfig    stm32f4xx_hal_uart.o
    0x080030b4   0x080030b4   0x00000094   Code   RO         2759    i.UART_Start_Receive_DMA  stm32f4xx_hal_uart.o
    0x08003148   0x08003148   0x0000002c   Code   RO         4782    i.UART_Transmit_DMA_Safe  usart.o
    0x08003174   0x08003174   0x00000014   Code   RO          371    i.USART1_IRQHandler  stm32f4xx_it.o
    0x08003188   0x08003188   0x0000000c   Code   RO          372    i.USART2_IRQHandler  stm32f4xx_it.o
    0x08003194   0x08003194   0x00000100   Code   RO         4783    i.USAR_UART_IDLECallback  usart.o
    0x08003294   0x08003294   0x00000002   Code   RO          373    i.UsageFault_Handler  stm32f4xx_it.o
    0x08003296   0x08003296   0x00000020   Code   RO         2328    i.__NVIC_SetPriority  stm32f4xx_hal_cortex.o
    0x080032b6   0x080032b6   0x00000020   Code   RO         4293    i.constrain         mymath.o
    0x080032d6   0x080032d6   0x00000008   Code   RO           20    i.decision_task     main.o
    0x080032de   0x080032de   0x00000008   Code   RO           21    i.draw_task         main.o
    0x080032e6   0x080032e6   0x00000002   PAD
    0x080032e8   0x080032e8   0x0000004c   Code   RO         4426    i.key1              keys.o
    0x08003334   0x08003334   0x00000058   Code   RO         4427    i.key2              keys.o
    0x0800338c   0x0800338c   0x00000044   Code   RO         4428    i.key3              keys.o
    0x080033d0   0x080033d0   0x00000038   Code   RO         4429    i.key4              keys.o
    0x08003408   0x08003408   0x00000148   Code   RO           22    i.main              main.o
    0x08003550   0x08003550   0x00000038   Code   RO           23    i.motor_task        main.o
    0x08003588   0x08003588   0x0000003c   Code   RO         4095    i.openmv_send_command  data_protocol.o
    0x080035c4   0x080035c4   0x00000088   Code   RO         3450    i.prvAddCurrentTaskToDelayedList  tasks.o
    0x0800364c   0x0800364c   0x000000f0   Code   RO         3451    i.prvAddNewTaskToReadyList  tasks.o
    0x0800373c   0x0800373c   0x00000050   Code   RO         3798    i.prvCheckForValidListAndQueue  timers.o
    0x0800378c   0x0800378c   0x00000026   Code   RO         3252    i.prvCopyDataFromQueue  queue.o
    0x080037b2   0x080037b2   0x00000014   Code   RO         3452    i.prvDeleteTCB      tasks.o
    0x080037c6   0x080037c6   0x00000002   PAD
    0x080037c8   0x080037c8   0x00000044   Code   RO         4028    i.prvHeapInit       heap_4.o
    0x0800380c   0x0800380c   0x00000060   Code   RO         3453    i.prvIdleTask       tasks.o
    0x0800386c   0x0800386c   0x000000a6   Code   RO         3454    i.prvInitialiseNewTask  tasks.o
    0x08003912   0x08003912   0x00000002   PAD
    0x08003914   0x08003914   0x0000004c   Code   RO         4029    i.prvInsertBlockIntoFreeList  heap_4.o
    0x08003960   0x08003960   0x00000038   Code   RO         3799    i.prvInsertTimerInActiveList  timers.o
    0x08003998   0x08003998   0x0000001c   Code   RO         3254    i.prvIsQueueEmpty   queue.o
    0x080039b4   0x080039b4   0x00000040   Code   RO         3800    i.prvProcessExpiredTimer  timers.o
    0x080039f4   0x080039f4   0x000000e4   Code   RO         3801    i.prvProcessReceivedCommands  timers.o
    0x08003ad8   0x08003ad8   0x0000006c   Code   RO         3802    i.prvProcessTimerOrBlockTask  timers.o
    0x08003b44   0x08003b44   0x00000028   Code   RO         3803    i.prvReloadTimer    timers.o
    0x08003b6c   0x08003b6c   0x0000001c   Code   RO         3456    i.prvResetNextTaskUnblockTime  tasks.o
    0x08003b88   0x08003b88   0x00000048   Code   RO         3804    i.prvSampleTimeNow  timers.o
    0x08003bd0   0x08003bd0   0x00000028   Code   RO         3952    i.prvTaskExitError  port.o
    0x08003bf8   0x08003bf8   0x00000024   Code   RO         3805    i.prvTimerTask      timers.o
    0x08003c1c   0x08003c1c   0x0000006a   Code   RO         3255    i.prvUnlockQueue    queue.o
    0x08003c86   0x08003c86   0x00000002   PAD
    0x08003c88   0x08003c88   0x000000c0   Code   RO         4031    i.pvPortMalloc      heap_4.o
    0x08003d48   0x08003d48   0x0000002c   Code   RO         3953    i.pxPortInitialiseStack  port.o
    0x08003d74   0x08003d74   0x00000090   Code   RO         4785    i.uart_init         usart.o
    0x08003e04   0x08003e04   0x00000024   Code   RO           24    i.usart_task        main.o
    0x08003e28   0x08003e28   0x00000026   Code   RO         3212    i.uxListRemove      list.o
    0x08003e4e   0x08003e4e   0x00000016   Code   RO         3213    i.vListInitialise   list.o
    0x08003e64   0x08003e64   0x00000006   Code   RO         3214    i.vListInitialiseItem  list.o
    0x08003e6a   0x08003e6a   0x00000030   Code   RO         3215    i.vListInsert       list.o
    0x08003e9a   0x08003e9a   0x00000002   PAD
    0x08003e9c   0x08003e9c   0x00000040   Code   RO         3955    i.vPortEnterCritical  port.o
    0x08003edc   0x08003edc   0x00000028   Code   RO         3956    i.vPortExitCritical  port.o
    0x08003f04   0x08003f04   0x00000064   Code   RO         4032    i.vPortFree         heap_4.o
    0x08003f68   0x08003f68   0x00000024   Code   RO         3957    i.vPortSetupTimerInterrupt  port.o
    0x08003f8c   0x08003f8c   0x00000050   Code   RO         3261    i.vQueueAddToRegistry  queue.o
    0x08003fdc   0x08003fdc   0x00000044   Code   RO         3265    i.vQueueWaitForMessageRestricted  queue.o
    0x08004020   0x08004020   0x0000004c   Code   RO         3467    i.vTaskDelay        tasks.o
    0x0800406c   0x0800406c   0x00000010   Code   RO         3472    i.vTaskInternalSetTimeOutState  tasks.o
    0x0800407c   0x0800407c   0x0000000c   Code   RO         3473    i.vTaskMissedYield  tasks.o
    0x08004088   0x08004088   0x00000030   Code   RO         3474    i.vTaskPlaceOnEventList  tasks.o
    0x080040b8   0x080040b8   0x00000050   Code   RO         3475    i.vTaskPlaceOnEventListRestricted  tasks.o
    0x08004108   0x08004108   0x00000070   Code   RO         3483    i.vTaskStartScheduler  tasks.o
    0x08004178   0x08004178   0x00000010   Code   RO         3485    i.vTaskSuspendAll   tasks.o
    0x08004188   0x08004188   0x0000005c   Code   RO         3486    i.vTaskSwitchContext  tasks.o
    0x080041e4   0x080041e4   0x000000f4   Code   RO         3959    i.xPortStartScheduler  port.o
    0x080042d8   0x080042d8   0x0000002c   Code   RO         3960    i.xPortSysTickHandler  port.o
    0x08004304   0x08004304   0x0000005e   Code   RO         3268    i.xQueueGenericCreate  queue.o
    0x08004362   0x08004362   0x00000002   PAD
    0x08004364   0x08004364   0x000000b0   Code   RO         3269    i.xQueueGenericReset  queue.o
    0x08004414   0x08004414   0x00000138   Code   RO         3278    i.xQueueReceive     queue.o
    0x0800454c   0x0800454c   0x0000007c   Code   RO         3488    i.xTaskCheckForTimeOut  tasks.o
    0x080045c8   0x080045c8   0x0000005c   Code   RO         3489    i.xTaskCreate       tasks.o
    0x08004624   0x08004624   0x0000001c   Code   RO         3496    i.xTaskGetSchedulerState  tasks.o
    0x08004640   0x08004640   0x0000000c   Code   RO         3497    i.xTaskGetTickCount  tasks.o
    0x0800464c   0x0800464c   0x00000138   Code   RO         3499    i.xTaskIncrementTick  tasks.o
    0x08004784   0x08004784   0x000000dc   Code   RO         3502    i.xTaskRemoveFromEventList  tasks.o
    0x08004860   0x08004860   0x0000012c   Code   RO         3503    i.xTaskResumeAll    tasks.o
    0x0800498c   0x0800498c   0x0000004c   Code   RO         3813    i.xTimerCreateTimerTask  timers.o
    0x080049d8   0x080049d8   0x00000062   Code   RO         4873    x$fpl$d2f           fz_wm.l(d2f.o)
    0x08004a3a   0x08004a3a   0x00000002   PAD
    0x08004a3c   0x08004a3c   0x000002b0   Code   RO         4882    x$fpl$ddiv          fz_wm.l(ddiv.o)
    0x08004cec   0x08004cec   0x0000005a   Code   RO         4885    x$fpl$dfixu         fz_wm.l(dfixu.o)
    0x08004d46   0x08004d46   0x00000026   Code   RO         4889    x$fpl$dfltu         fz_wm.l(dflt_clz.o)
    0x08004d6c   0x08004d6c   0x00000154   Code   RO         4897    x$fpl$dmul          fz_wm.l(dmul.o)
    0x08004ec0   0x08004ec0   0x0000009c   Code   RO         5047    x$fpl$dnaninf       fz_wm.l(dnaninf.o)
    0x08004f5c   0x08004f5c   0x0000000c   Code   RO         5049    x$fpl$dretinf       fz_wm.l(dretinf.o)
    0x08004f68   0x08004f68   0x00000056   Code   RO         4901    x$fpl$f2d           fz_wm.l(f2d.o)
    0x08004fbe   0x08004fbe   0x0000008c   Code   RO         5053    x$fpl$fnaninf       fz_wm.l(fnaninf.o)
    0x0800504a   0x0800504a   0x0000000a   Code   RO         5292    x$fpl$fpinit        fz_wm.l(fpinit.o)
    0x08005054   0x08005054   0x0000000a   Code   RO         5055    x$fpl$fretinf       fz_wm.l(fretinf.o)
    0x0800505e   0x0800505e   0x00000000   Code   RO         5065    x$fpl$usenofp       fz_wm.l(usenofp.o)
    0x0800505e   0x0800505e   0x00000008   Data   RO         2045    .constdata          stm32f4xx_hal_dma.o
    0x08005066   0x08005066   0x00000010   Data   RO         3062    .constdata          system_stm32f4xx.o
    0x08005076   0x08005076   0x00000008   Data   RO         3063    .constdata          system_stm32f4xx.o
    0x0800507e   0x0800507e   0x00000002   PAD
    0x08005080   0x08005080   0x00000020   Data   RO         5350    Region$$Table       anon$$obj.o


    Execution Region RW_IRAM1 (Exec base: 0x20000000, Load base: 0x080050a0, Size: 0x00013cd0, Max: 0x0001c000, ABSOLUTE, COMPRESSED[0x00000068])

    Exec Addr    Load Addr    Size         Type   Attr      Idx    E Section Name        Object

    0x20000000   COMPRESSED   0x00000010   Data   RW           51    .data               main.o
    0x20000010   COMPRESSED   0x0000000c   Data   RW         2472    .data               stm32f4xx_hal.o
    0x2000001c   COMPRESSED   0x00000004   Data   RW         3064    .data               system_stm32f4xx.o
    0x20000020   COMPRESSED   0x00000040   Data   RW         3506    .data               tasks.o
    0x20000060   COMPRESSED   0x00000014   Data   RW         3821    .data               timers.o
    0x20000074   COMPRESSED   0x0000000c   Data   RW         3961    .data               port.o
    0x20000080   COMPRESSED   0x0000001c   Data   RW         4038    .data               heap_4.o
    0x2000009c   COMPRESSED   0x00000008   Data   RW         4106    .data               data_protocol.o
    0x200000a4   COMPRESSED   0x00000001   Data   RW         4430    .data               keys.o
    0x200000a5   COMPRESSED   0x00000003   PAD
    0x200000a8   COMPRESSED   0x00000004   Data   RW         4431    .data               keys.o
    0x200000ac   COMPRESSED   0x000000ee   Data   RW         4520    .data               motor.o
    0x2000019a   COMPRESSED   0x00000001   Data   RW         4788    .data               usart.o
    0x2000019b   COMPRESSED   0x00000001   PAD
    0x2000019c        -       0x0000015c   Zero   RW           28    .bss                main.o
    0x200002f8        -       0x00000060   Zero   RW           29    .bss                main.o
    0x20000358        -       0x00000060   Zero   RW           30    .bss                main.o
    0x200003b8        -       0x00000060   Zero   RW           31    .bss                main.o
    0x20000418        -       0x00000060   Zero   RW           32    .bss                main.o
    0x20000478        -       0x00000060   Zero   RW           33    .bss                main.o
    0x200004d8        -       0x00000060   Zero   RW           34    .bss                main.o
    0x20000538        -       0x00000048   Zero   RW          562    .bss                stm32f4xx_hal_timebase_tim.o
    0x20000580        -       0x00000040   Zero   RW         3282    .bss                queue.o
    0x200005c0        -       0x000000c8   Zero   RW         3505    .bss                tasks.o
    0x20000688        -       0x00000028   Zero   RW         3820    .bss                timers.o
    0x200006b0        -       0x00012c00   Zero   RW         4037    .bss                heap_4.o
    0x200132b0        -       0x00000013   Zero   RW         4097    .bss                data_protocol.o
    0x200132c3   COMPRESSED   0x00000001   PAD
    0x200132c4        -       0x00000028   Zero   RW         4519    .bss                motor.o
    0x200132ec        -       0x00000380   Zero   RW         4786    .bss                usart.o
    0x2001366c        -       0x00000060   Zero   RW         5164    .bss                c_w.l(libspace.o)
    0x200136cc   COMPRESSED   0x00000004   PAD
    0x200136d0        -       0x00000200   Zero   RW            2    HEAP                startup_stm32f407xx.o
    0x200138d0        -       0x00000400   Zero   RW            1    STACK               startup_stm32f407xx.o


    Execution Region RW_IRAM2 (Exec base: 0x2001c000, Load base: 0x08005108, Size: 0x00000000, Max: 0x00004000, ABSOLUTE)

    **** No section assigned to this execution region ****


==============================================================================

Image component sizes


      Code (inc. data)   RO Data    RW Data    ZI Data      Debug   Object Name

       380         50          0          8         19       3961   data_protocol.o
         0          0          0          0          0      14632   event_groups.o
       436         22          0         28      76800       5135   heap_4.o
       288         26          0          5          0       2271   keys.o
       114          0          0          0          0       2685   list.o
      1396        162          0         16        924     721894   main.o
       836        122          0        238         40      10736   motor.o
        32          0          0          0          0        656   mymath.o
       702         72          0         12          0      10736   port.o
       902         14          0          0         64      12423   queue.o
        64         26        392          0       1536        848   startup_stm32f407xx.o
       116         18          0         12          0       8758   stm32f4xx_hal.o
       158         14          0          0          0      33182   stm32f4xx_hal_cortex.o
      1084         16          8          0          0       7394   stm32f4xx_hal_dma.o
       516         46          0          0          0       2867   stm32f4xx_hal_gpio.o
      1016         92          0          0          0       3770   stm32f4xx_hal_msp.o
      1412         86          0          0          0       5929   stm32f4xx_hal_rcc.o
      2008        118          0          0          0      17008   stm32f4xx_hal_tim.o
       148         28          0          0          0       2473   stm32f4xx_hal_tim_ex.o
       152         20          0          0         72       1495   stm32f4xx_hal_timebase_tim.o
      2054         44          0          0          0      16133   stm32f4xx_hal_uart.o
       176         70          0          0          0      10003   stm32f4xx_it.o
        16          4         24          4          0       1139   system_stm32f4xx.o
      2226        148          0         64        200      26220   tasks.o
       760         82          0         20         40      22858   timers.o
       500        104          0          1        896       4716   usart.o

    ----------------------------------------------------------------------
     17530       1384        458        412      80592     949922   Object Totals
         0          0         32          0          0          0   (incl. Generated)
        38          0          2          4          1          0   (incl. Padding)

    ----------------------------------------------------------------------

      Code (inc. data)   RO Data    RW Data    ZI Data      Debug   Library Member Name

        90          0          0          0          0          0   __dczerorl2.o
         8          0          0          0          0         68   __main.o
         0          0          0          0          0          0   __rtentry.o
        12          0          0          0          0          0   __rtentry2.o
         6          0          0          0          0          0   __rtentry4.o
        52          8          0          0          0          0   __scatter.o
        28          0          0          0          0          0   __scatter_zi.o
        16          0          0          0          0         68   aeabi_memset.o
        18          0          0          0          0         80   exit.o
         6          0          0          0          0        152   heapauxi.o
         0          0          0          0          0          0   indicate_semi.o
         2          0          0          0          0          0   libinit.o
         6          0          0          0          0          0   libinit2.o
         2          0          0          0          0          0   libshutdown.o
         2          0          0          0          0          0   libshutdown2.o
         8          4          0          0         96         68   libspace.o
       238          0          0          0          0        100   lludivv7m.o
        68          0          0          0          0         68   rt_memclr.o
        78          0          0          0          0         80   rt_memclr_w.o
       138          0          0          0          0         68   rt_memcpy_v6.o
       100          0          0          0          0         80   rt_memcpy_w.o
         2          0          0          0          0          0   rtexit.o
        10          0          0          0          0          0   rtexit2.o
        12          4          0          0          0         68   sys_exit.o
        74          0          0          0          0         80   sys_stackheap_outer.o
         2          0          0          0          0         68   use_no_semi.o
        98          4          0          0          0        140   d2f.o
       688        140          0          0          0        256   ddiv.o
        90          4          0          0          0        140   dfixu.o
        38          0          0          0          0        116   dflt_clz.o
       340         12          0          0          0        152   dmul.o
       156          4          0          0          0        140   dnaninf.o
        12          0          0          0          0        116   dretinf.o
        86          4          0          0          0        132   f2d.o
       140          4          0          0          0        132   fnaninf.o
        10          0          0          0          0        116   fpinit.o
        10          0          0          0          0        116   fretinf.o
         0          0          0          0          0          0   usenofp.o

    ----------------------------------------------------------------------
      2652        188          0          0        100       2604   Library Totals
         6          0          0          0          4          0   (incl. Padding)

    ----------------------------------------------------------------------

      Code (inc. data)   RO Data    RW Data    ZI Data      Debug   Library Name

       978         16          0          0         96       1048   c_w.l
      1668        172          0          0          0       1556   fz_wm.l

    ----------------------------------------------------------------------
      2652        188          0          0        100       2604   Library Totals

    ----------------------------------------------------------------------

==============================================================================


      Code (inc. data)   RO Data    RW Data    ZI Data      Debug   

     20182       1572        458        412      80692     932858   Grand Totals
     20182       1572        458        104      80692     932858   ELF Image Totals (compressed)
     20182       1572        458        104          0          0   ROM Totals

==============================================================================

    Total RO  Size (Code + RO Data)                20640 (  20.16kB)
    Total RW  Size (RW Data + ZI Data)             81104 (  79.20kB)
    Total ROM Size (Code + RO Data + RW Data)      20744 (  20.26kB)

==============================================================================

