Component: ARM Compiler 5.06 update 7 (build 960) Tool: armlink [4d3601]

==============================================================================

Section Cross References

    startup_stm32f103xb.o(RESET) refers to startup_stm32f103xb.o(STACK) for __initial_sp
    startup_stm32f103xb.o(RESET) refers to startup_stm32f103xb.o(.text) for Reset_Handler
    startup_stm32f103xb.o(RESET) refers to stm32f1xx_it.o(i.NMI_Handler) for NMI_Handler
    startup_stm32f103xb.o(RESET) refers to stm32f1xx_it.o(i.HardFault_Handler) for HardFault_Handler
    startup_stm32f103xb.o(RESET) refers to stm32f1xx_it.o(i.MemManage_Handler) for MemManage_Handler
    startup_stm32f103xb.o(RESET) refers to stm32f1xx_it.o(i.BusFault_Handler) for BusFault_Handler
    startup_stm32f103xb.o(RESET) refers to stm32f1xx_it.o(i.UsageFault_Handler) for UsageFault_Handler
    startup_stm32f103xb.o(RESET) refers to stm32f1xx_it.o(i.SVC_Handler) for SVC_Handler
    startup_stm32f103xb.o(RESET) refers to stm32f1xx_it.o(i.DebugMon_Handler) for DebugMon_Handler
    startup_stm32f103xb.o(RESET) refers to stm32f1xx_it.o(i.PendSV_Handler) for PendSV_Handler
    startup_stm32f103xb.o(RESET) refers to stm32f1xx_it.o(i.SysTick_Handler) for SysTick_Handler
    startup_stm32f103xb.o(RESET) refers to stm32f1xx_it.o(i.DMA1_Channel4_IRQHandler) for DMA1_Channel4_IRQHandler
    startup_stm32f103xb.o(RESET) refers to stm32f1xx_it.o(i.DMA1_Channel5_IRQHandler) for DMA1_Channel5_IRQHandler
    startup_stm32f103xb.o(RESET) refers to stm32f1xx_it.o(i.TIM4_IRQHandler) for TIM4_IRQHandler
    startup_stm32f103xb.o(RESET) refers to stm32f1xx_it.o(i.USART1_IRQHandler) for USART1_IRQHandler
    startup_stm32f103xb.o(.text) refers to system_stm32f1xx.o(i.SystemInit) for SystemInit
    startup_stm32f103xb.o(.text) refers to entry.o(.ARM.Collect$$$$00000000) for __main
    main.o(i.HAL_TIM_PeriodElapsedCallback) refers to stm32f1xx_hal.o(i.HAL_IncTick) for HAL_IncTick
    main.o(i.SystemClock_Config) refers to memseta.o(.text) for __aeabi_memclr4
    main.o(i.SystemClock_Config) refers to stm32f1xx_hal_rcc.o(i.HAL_RCC_OscConfig) for HAL_RCC_OscConfig
    main.o(i.SystemClock_Config) refers to stm32f1xx_hal_rcc.o(i.HAL_RCC_ClockConfig) for HAL_RCC_ClockConfig
    main.o(i.decision_task) refers to tasks.o(i.xTaskGetTickCount) for xTaskGetTickCount
    main.o(i.decision_task) refers to memcpya.o(.text) for __aeabi_memcpy4
    main.o(i.decision_task) refers to mutex_lock_and_message_queue.o(i.CustomMutex_Lock) for CustomMutex_Lock
    main.o(i.decision_task) refers to mutex_lock_and_message_queue.o(i.CustomMutex_Unlock) for CustomMutex_Unlock
    main.o(i.decision_task) refers to fadd.o(.text) for __aeabi_fsub
    main.o(i.decision_task) refers to fmul.o(.text) for __aeabi_fmul
    main.o(i.decision_task) refers to sqrtf.o(i.sqrtf) for sqrtf
    main.o(i.decision_task) refers to atan2f.o(i.atan2f) for atan2f
    main.o(i.decision_task) refers to f2d.o(.text) for __aeabi_f2d
    main.o(i.decision_task) refers to ddiv.o(.text) for __aeabi_ddiv
    main.o(i.decision_task) refers to d2f.o(.text) for __aeabi_d2f
    main.o(i.decision_task) refers to fscalb.o(.text) for __ARM_scalbnf
    main.o(i.decision_task) refers to fminf.o(i.fminf) for fminf
    main.o(i.decision_task) refers to tasks.o(i.vTaskDelay) for vTaskDelay
    main.o(i.decision_task) refers to fflti.o(.text) for __aeabi_i2f
    main.o(i.decision_task) refers to mutex_lock_and_message_queue.o(i.CustomQueue_SendTimeout) for CustomQueue_SendTimeout
    main.o(i.decision_task) refers to usart.o(i.debug_printf) for debug_printf
    main.o(i.decision_task) refers to tasks.o(i.xTaskDelayUntil) for xTaskDelayUntil
    main.o(i.decision_task) refers to main.o(.constdata) for .constdata
    main.o(i.decision_task) refers to main.o(.bss) for .bss
    main.o(i.decision_task) refers to main.o(.data) for .data
    main.o(i.fgetc) refers to stm32f1xx_hal_uart.o(i.HAL_UART_Receive) for HAL_UART_Receive
    main.o(i.fgetc) refers to usart.o(.bss) for huart1
    main.o(i.filter_task) refers to dmul.o(.text) for __aeabi_dmul
    main.o(i.filter_task) refers to sin.o(i.sin) for sin
    main.o(i.filter_task) refers to dadd.o(.text) for __aeabi_dadd
    main.o(i.filter_task) refers to filter.o(i.Median_Filter) for Median_Filter
    main.o(i.filter_task) refers to tasks.o(i.vTaskDelay) for vTaskDelay
    main.o(i.filter_task) refers to main.o(.data) for .data
    main.o(i.filter_task) refers to main.o(.bss) for .bss
    main.o(i.fputc) refers to stm32f1xx_hal_uart.o(i.HAL_UART_Transmit) for HAL_UART_Transmit
    main.o(i.fputc) refers to usart.o(.bss) for huart1
    main.o(i.led1_task) refers to stm32f1xx_hal_gpio.o(i.HAL_GPIO_TogglePin) for HAL_GPIO_TogglePin
    main.o(i.led1_task) refers to tasks.o(i.vTaskDelay) for vTaskDelay
    main.o(i.led2_task) refers to stm32f1xx_hal_gpio.o(i.HAL_GPIO_TogglePin) for HAL_GPIO_TogglePin
[...]
    xYieldPending                            0x2000007c   Data           4  tasks.o(.data)
    xNumOfOverflows                          0x20000080   Data           4  tasks.o(.data)
    uxTaskNumber                             0x20000084   Data           4  tasks.o(.data)
    xNextTaskUnblockTime                     0x20000088   Data           4  tasks.o(.data)
    xIdleTaskHandle                          0x2000008c   Data           4  tasks.o(.data)
    uxSchedulerSuspended                     0x20000094   Data           4  tasks.o(.data)
    pxDelayedTaskList                        0x20000098   Data           4  tasks.o(.data)
    pxOverflowDelayedTaskList                0x2000009c   Data           4  tasks.o(.data)
    .data                                    0x200000a0   Section        4  port.o(.data)
    uxCriticalNesting                        0x200000a0   Data           4  port.o(.data)
    .data                                    0x200000a4   Section       28  heap_4.o(.data)
    pxEnd                                    0x200000a4   Data           4  heap_4.o(.data)
    xFreeBytesRemaining                      0x200000a8   Data           4  heap_4.o(.data)
    xMinimumEverFreeBytesRemaining           0x200000ac   Data           4  heap_4.o(.data)
    xNumberOfSuccessfulAllocations           0x200000b0   Data           4  heap_4.o(.data)
    xNumberOfSuccessfulFrees                 0x200000b4   Data           4  heap_4.o(.data)
    xStart                                   0x200000b8   Data           8  heap_4.o(.data)
    .data                                    0x200000c0   Section       16  data_protocol.o(.data)
    .data                                    0x200000d0   Section        2  data_protocol.o(.data)
    openmv_parse_state                       0x200000d0   Data           1  data_protocol.o(.data)
    openmv_data_idx                          0x200000d1   Data           1  data_protocol.o(.data)
    .data                                    0x200000d4   Section      124  mpu6050.o(.data)
    cnt_a                                    0x200000d6   Data           2  mpu6050.o(.data)
    tempgx                                   0x200000dc   Data           4  mpu6050.o(.data)
    tempgy                                   0x200000e0   Data           4  mpu6050.o(.data)
    tempgz                                   0x200000e4   Data           4  mpu6050.o(.data)
    .data                                    0x20000150   Section       28  imu.o(.data)
    .data                                    0x2000016c   Section        4  motor.o(.data)
    left_idx                                 0x2000016c   Data           4  motor.o(.data)
    .data                                    0x20000170   Section        4  motor.o(.data)
    right_idx                                0x20000170   Data           4  motor.o(.data)
    .data                                    0x20000174   Section        4  motor.o(.data)
    left_sum                                 0x20000174   Data           4  motor.o(.data)
    .data                                    0x20000178   Section        4  motor.o(.data)
    right_sum                                0x20000178   Data           4  motor.o(.data)
    .data                                    0x2000017c   Section       32  motor.o(.data)
    left_rb                                  0x2000017c   Data          16  motor.o(.data)
    right_rb                                 0x2000018c   Data          16  motor.o(.data)
    .data                                    0x2000019c   Section        4  errno.o(.data)
    _errno                                   0x2000019c   Data           4  errno.o(.data)
    .bss                                     0x200001a0   Section      216  main.o(.bss)
    .bss                                     0x20000278   Section       84  i2c.o(.bss)
    .bss                                     0x200002cc   Section      216  tim.o(.bss)
    .bss                                     0x200003a4   Section      592  usart.o(.bss)
    .bss                                     0x200005f4   Section       72  stm32f1xx_hal_timebase_tim.o(.bss)
    .bss                                     0x2000063c   Section      220  tasks.o(.bss)
    pxReadyTasksLists                        0x2000063c   Data         120  tasks.o(.bss)
    xDelayedTaskList1                        0x200006b4   Data          20  tasks.o(.bss)
    xDelayedTaskList2                        0x200006c8   Data          20  tasks.o(.bss)
    xPendingReadyList                        0x200006dc   Data          20  tasks.o(.bss)
    xTasksWaitingTermination                 0x200006f0   Data          20  tasks.o(.bss)
    xSuspendedTaskList                       0x20000704   Data          20  tasks.o(.bss)
    .bss                                     0x20000718   Section    10240  heap_4.o(.bss)
    ucHeap                                   0x20000718   Data       10240  heap_4.o(.bss)
    .bss                                     0x20002f18   Section       14  data_protocol.o(.bss)
    openmv_frame                             0x20002f18   Data          14  data_protocol.o(.bss)
    .bss                                     0x20002f28   Section       12  mpu6050.o(.bss)
    tBuff                                    0x20002f28   Data          12  mpu6050.o(.bss)
    .bss                                     0x20002f34   Section       12  imu.o(.bss)
    .bss                                     0x20002f40   Section       24  imu.o(.bss)
    .bss                                     0x20002f58   Section       24  motor.o(.bss)
    .bss                                     0x20002f70   Section       40  motor.o(.bss)
    left_speed_buf                           0x20002f70   Data          40  motor.o(.bss)
    .bss                                     0x20002f98   Section       40  motor.o(.bss)
    right_speed_buf                          0x20002f98   Data          40  motor.o(.bss)
    STACK                                    0x20002fc0   Section     1024  startup_stm32f103xb.o(STACK)

    Global Symbols

    Symbol Name                              Value     Ov Type        Size  Object(Section)

    BuildAttributes$$THM_ISAv4$P$D$K$B$S$PE$A:L22UL41UL21$X:L11$S22US41US21$IEEE1$IW$USESV6$~STKCKD$USESV7$~SHL$OTIME$ROPI$IEEEX$EBA8$MICROLIB$REQ8$PRES8$EABIv2 0x00000000   Number         0  anon$$obj.o ABSOLUTE
    __ARM_use_no_argv                        0x00000000   Number         0  main.o ABSOLUTE
    _printf_a                                0x00000000   Number         0  stubs.o ABSOLUTE
    _printf_c                                0x00000000   Number         0  stubs.o ABSOLUTE
    _printf_charcount                        0x00000000   Number         0  stubs.o ABSOLUTE
    _printf_d                                0x00000000   Number         0  stubs.o ABSOLUTE
    _printf_e                                0x00000000   Number         0  stubs.o ABSOLUTE
    _printf_f                                0x00000000   Number         0  stubs.o ABSOLUTE
    _printf_flags                            0x00000000   Number         0  stubs.o ABSOLUTE
    _printf_fp_dec                           0x00000000   Number         0  stubs.o ABSOLUTE
    _printf_fp_hex                           0x00000000   Number         0  stubs.o ABSOLUTE
    _printf_g                                0x00000000   Number         0  stubs.o ABSOLUTE
    _printf_i                                0x00000000   Number         0  stubs.o ABSOLUTE
    _printf_int_dec                          0x00000000   Number         0  stubs.o ABSOLUTE
    _printf_l                                0x00000000   Number         0  stubs.o ABSOLUTE
    _printf_lc                               0x00000000   Number         0  stubs.o ABSOLUTE
    _printf_ll                               0x00000000   Number         0  stubs.o ABSOLUTE
    _printf_lld                              0x00000000   Number         0  stubs.o ABSOLUTE
    _printf_lli                              0x00000000   Number         0  stubs.o ABSOLUTE
    _printf_llo                              0x00000000   Number         0  stubs.o ABSOLUTE
    _printf_llu                              0x00000000   Number         0  stubs.o ABSOLUTE
    _printf_llx                              0x00000000   Number         0  stubs.o ABSOLUTE
    _printf_longlong_dec                     0x00000000   Number         0  stubs.o ABSOLUTE
    _printf_longlong_hex                     0x00000000   Number         0  stubs.o ABSOLUTE
    _printf_longlong_oct                     0x00000000   Number         0  stubs.o ABSOLUTE
    _printf_ls                               0x00000000   Number         0  stubs.o ABSOLUTE
    _printf_mbtowc                           0x00000000   Number         0  stubs.o ABSOLUTE
    _printf_n                                0x00000000   Number         0  stubs.o ABSOLUTE
    _printf_o                                0x00000000   Number         0  stubs.o ABSOLUTE
    _printf_p                                0x00000000   Number         0  stubs.o ABSOLUTE
    _printf_percent                          0x00000000   Number         0  stubs.o ABSOLUTE
    _printf_pre_padding                      0x00000000   Number         0  stubs.o ABSOLUTE
    _printf_return_value                     0x00000000   Number         0  stubs.o ABSOLUTE
    _printf_s                                0x00000000   Number         0  stubs.o ABSOLUTE
    _printf_sizespec                         0x00000000   Number         0  stubs.o ABSOLUTE
    _printf_str                              0x00000000   Number         0  stubs.o ABSOLUTE
    _printf_truncate_signed                  0x00000000   Number         0  stubs.o ABSOLUTE
    _printf_truncate_unsigned                0x00000000   Number         0  stubs.o ABSOLUTE
    _printf_u                                0x00000000   Number         0  stubs.o ABSOLUTE
    _printf_wc                               0x00000000   Number         0  stubs.o ABSOLUTE
    _printf_wctomb                           0x00000000   Number         0  stubs.o ABSOLUTE
    _printf_widthprec                        0x00000000   Number         0  stubs.o ABSOLUTE
    _printf_x                                0x00000000   Number         0  stubs.o ABSOLUTE
    __arm_fini_                               - Undefined Weak Reference
    __cpp_initialize__aeabi_                  - Undefined Weak Reference
    __cxa_finalize                            - Undefined Weak Reference
    _clock_init                               - Undefined Weak Reference
    _microlib_exit                            - Undefined Weak Reference
    __Vectors_Size                           0x000000ec   Number         0  startup_stm32f103xb.o ABSOLUTE
    __Vectors                                0x08000000   Data           4  startup_stm32f103xb.o(RESET)
    __Vectors_End                            0x080000ec   Data           0  startup_stm32f103xb.o(RESET)
    __main                                   0x080000ed   Thumb Code     0  entry.o(.ARM.Collect$$$$00000000)
    _main_stk                                0x080000ed   Thumb Code     0  entry2.o(.ARM.Collect$$$$00000001)
    _main_scatterload                        0x080000f1   Thumb Code     0  entry5.o(.ARM.Collect$$$$00000004)
    __main_after_scatterload                 0x080000f5   Thumb Code     0  entry5.o(.ARM.Collect$$$$00000004)
    _main_clock                              0x080000f5   Thumb Code     0  entry7b.o(.ARM.Collect$$$$00000008)
    _main_cpp_init                           0x080000f5   Thumb Code     0  entry8b.o(.ARM.Collect$$$$0000000A)
    _main_init                               0x080000f5   Thumb Code     0  entry9a.o(.ARM.Collect$$$$0000000B)
    __rt_lib_shutdown_fini                   0x080000fd   Thumb Code     0  entry12b.o(.ARM.Collect$$$$0000000E)
    __rt_final_cpp                           0x08000101   Thumb Code     0  entry10a.o(.ARM.Collect$$$$0000000F)
    __rt_final_exit                          0x08000101   Thumb Code     0  entry11a.o(.ARM.Collect$$$$00000011)
    vPortSVCHandler                          0x08000105   Thumb Code    32  port.o(.emb_text)
    __asm___6_port_c_39a90d8d__prvStartFirstTask 0x08000129   Thumb Code    28  port.o(.emb_text)
    xPortPendSVHandler                       0x08000149   Thumb Code    72  port.o(.emb_text)
    vPortGetIPSR                             0x08000195   Thumb Code     6  port.o(.emb_text)
    Reset_Handler                            0x0800019d   Thumb Code     8  startup_stm32f103xb.o(.text)
    ADC1_2_IRQHandler                        0x080001b7   Thumb Code     0  startup_stm32f103xb.o(.text)
    CAN1_RX1_IRQHandler                      0x080001b7   Thumb Code     0  startup_stm32f103xb.o(.text)
    CAN1_SCE_IRQHandler                      0x080001b7   Thumb Code     0  startup_stm32f103xb.o(.text)
    DMA1_Channel1_IRQHandler                 0x080001b7   Thumb Code     0  startup_stm32f103xb.o(.text)
    DMA1_Channel2_IRQHandler                 0x080001b7   Thumb Code     0  startup_stm32f103xb.o(.text)
    DMA1_Channel3_IRQHandler                 0x080001b7   Thumb Code     0  startup_stm32f103xb.o(.text)
    DMA1_Channel6_IRQHandler                 0x080001b7   Thumb Code     0  startup_stm32f103xb.o(.text)
    DMA1_Channel7_IRQHandler                 0x080001b7   Thumb Code     0  startup_stm32f103xb.o(.text)
    EXTI0_IRQHandler                         0x080001b7   Thumb Code     0  startup_stm32f103xb.o(.text)
    EXTI15_10_IRQHandler                     0x080001b7   Thumb Code     0  startup_stm32f103xb.o(.text)
    EXTI1_IRQHandler                         0x080001b7   Thumb Code     0  startup_stm32f103xb.o(.text)
    EXTI2_IRQHandler                         0x080001b7   Thumb Code     0  startup_stm32f103xb.o(.text)
    EXTI3_IRQHandler                         0x080001b7   Thumb Code     0  startup_stm32f103xb.o(.text)
    EXTI4_IRQHandler                         0x080001b7   Thumb Code     0  startup_stm32f103xb.o(.text)
    EXTI9_5_IRQHandler                       0x080001b7   Thumb Code     0  startup_stm32f103xb.o(.text)
    FLASH_IRQHandler                         0x080001b7   Thumb Code     0  startup_stm32f103xb.o(.text)
    I2C1_ER_IRQHandler                       0x080001b7   Thumb Code     0  startup_stm32f103xb.o(.text)
    I2C1_EV_IRQHandler                       0x080001b7   Thumb Code     0  startup_stm32f103xb.o(.text)
    I2C2_ER_IRQHandler                       0x080001b7   Thumb Code     0  startup_stm32f103xb.o(.text)
    I2C2_EV_IRQHandler                       0x080001b7   Thumb Code     0  startup_stm32f103xb.o(.text)
    PVD_IRQHandler                           0x080001b7   Thumb Code     0  startup_stm32f103xb.o(.text)
    RCC_IRQHandler                           0x080001b7   Thumb Code     0  startup_stm32f103xb.o(.text)
    RTC_Alarm_IRQHandler                     0x080001b7   Thumb Code     0  startup_stm32f103xb.o(.text)
    RTC_IRQHandler                           0x080001b7   Thumb Code     0  startup_stm32f103xb.o(.text)
    SPI1_IRQHandler                          0x080001b7   Thumb Code     0  startup_stm32f103xb.o(.text)
    SPI2_IRQHandler                          0x080001b7   Thumb Code     0  startup_stm32f103xb.o(.text)
    TAMPER_IRQHandler                        0x080001b7   Thumb Code     0  startup_stm32f103xb.o(.text)
    TIM1_BRK_IRQHandler                      0x080001b7   Thumb Code     0  startup_stm32f103xb.o(.text)
    TIM1_CC_IRQHandler                       0x080001b7   Thumb Code     0  startup_stm32f103xb.o(.text)
    TIM1_TRG_COM_IRQHandler                  0x080001b7   Thumb Code     0  startup_stm32f103xb.o(.text)
    TIM1_UP_IRQHandler                       0x080001b7   Thumb Code     0  startup_stm32f103xb.o(.text)
    TIM2_IRQHandler                          0x080001b7   Thumb Code     0  startup_stm32f103xb.o(.text)
    TIM3_IRQHandler                          0x080001b7   Thumb Code     0  startup_stm32f103xb.o(.text)
    USART2_IRQHandler                        0x080001b7   Thumb Code     0  startup_stm32f103xb.o(.text)
    USART3_IRQHandler                        0x080001b7   Thumb Code     0  startup_stm32f103xb.o(.text)
    USBWakeUp_IRQHandler                     0x080001b7   Thumb Code     0  startup_stm32f103xb.o(.text)
    USB_HP_CAN1_TX_IRQHandler                0x080001b7   Thumb Code     0  startup_stm32f103xb.o(.text)
    USB_LP_CAN1_RX0_IRQHandler               0x080001b7   Thumb Code     0  startup_stm32f103xb.o(.text)
    WWDG_IRQHandler                          0x080001b7   Thumb Code     0  startup_stm32f103xb.o(.text)
    __aeabi_llsr                             0x080001c1   Thumb Code    32  llushr.o(.text)
    _ll_ushift_r                             0x080001c1   Thumb Code     0  llushr.o(.text)
    __aeabi_memcpy                           0x080001e1   Thumb Code    36  memcpya.o(.text)
    __aeabi_memcpy4                          0x080001e1   Thumb Code     0  memcpya.o(.text)
    __aeabi_memcpy8                          0x080001e1   Thumb Code     0  memcpya.o(.text)
    __aeabi_memset                           0x08000205   Thumb Code    14  memseta.o(.text)
    __aeabi_memset4                          0x08000205   Thumb Code     0  memseta.o(.text)
    __aeabi_memset8                          0x08000205   Thumb Code     0  memseta.o(.text)
    __aeabi_memclr                           0x08000213   Thumb Code     4  memseta.o(.text)
    __aeabi_memclr4                          0x08000213   Thumb Code     0  memseta.o(.text)
    __aeabi_memclr8                          0x08000213   Thumb Code     0  memseta.o(.text)
    _memset$wrapper                          0x08000217   Thumb Code    18  memseta.o(.text)
    strlen                                   0x08000229   Thumb Code    14  strlen.o(.text)
    __aeabi_fadd                             0x08000237   Thumb Code   164  fadd.o(.text)
    __aeabi_fsub                             0x080002db   Thumb Code     6  fadd.o(.text)
    __aeabi_frsub                            0x080002e1   Thumb Code     6  fadd.o(.text)
    __aeabi_fmul                             0x080002e7   Thumb Code   100  fmul.o(.text)
    __aeabi_fdiv                             0x0800034b   Thumb Code   124  fdiv.o(.text)
    __ARM_scalbnf                            0x080003c7   Thumb Code    24  fscalb.o(.text)
    scalbnf                                  0x080003c7   Thumb Code     0  fscalb.o(.text)
    __aeabi_dadd                             0x080003df   Thumb Code   322  dadd.o(.text)
    __aeabi_dsub                             0x08000521   Thumb Code     6  dadd.o(.text)
    __aeabi_drsub                            0x08000527   Thumb Code     6  dadd.o(.text)
    __aeabi_dmul                             0x0800052d   Thumb Code   228  dmul.o(.text)
    __aeabi_ddiv                             0x08000611   Thumb Code   222  ddiv.o(.text)
    __aeabi_i2f                              0x080006ef   Thumb Code    18  fflti.o(.text)
    __aeabi_ui2f                             0x08000701   Thumb Code    10  ffltui.o(.text)
    __aeabi_i2d                              0x0800070b   Thumb Code    34  dflti.o(.text)
    __aeabi_f2iz                             0x0800072d   Thumb Code    50  ffixi.o(.text)
    __aeabi_f2d                              0x0800075f   Thumb Code    38  f2d.o(.text)
    __aeabi_cdcmpeq                          0x08000785   Thumb Code     0  cdcmple.o(.text)
    __aeabi_cdcmple                          0x08000785   Thumb Code    48  cdcmple.o(.text)
    __aeabi_cdrcmple                         0x080007b5   Thumb Code    48  cdrcmple.o(.text)
    __aeabi_d2f                              0x080007e5   Thumb Code    56  d2f.o(.text)
    __aeabi_cfcmpeq                          0x0800081d   Thumb Code     0  cfcmple.o(.text)
    __aeabi_cfcmple                          0x0800081d   Thumb Code    20  cfcmple.o(.text)
    __aeabi_cfrcmple                         0x08000831   Thumb Code    20  cfrcmple.o(.text)
    __aeabi_uidiv                            0x08000845   Thumb Code     0  uidiv.o(.text)
    __aeabi_uidivmod                         0x08000845   Thumb Code    44  uidiv.o(.text)
    __aeabi_uldivmod                         0x08000871   Thumb Code    98  uldiv.o(.text)
    __aeabi_llsl                             0x080008d3   Thumb Code    30  llshl.o(.text)
    _ll_shift_l                              0x080008d3   Thumb Code     0  llshl.o(.text)
    __aeabi_lasr                             0x080008f1   Thumb Code    36  llsshr.o(.text)
    _ll_sshift_r                             0x080008f1   Thumb Code     0  llsshr.o(.text)
    __I$use$fp                               0x08000915   Thumb Code     0  iusefp.o(.text)
    _float_round                             0x08000915   Thumb Code    18  fepilogue.o(.text)
    _float_epilogue                          0x08000927   Thumb Code    92  fepilogue.o(.text)
    _fsqrt                                   0x08000983   Thumb Code    94  fsqrt.o(.text)
    _frnd                                    0x080009e1   Thumb Code    60  frnd.o(.text)
    _double_round                            0x08000a1d   Thumb Code    30  depilogue.o(.text)
    _double_epilogue                         0x08000a3b   Thumb Code   156  depilogue.o(.text)
    __ARM_scalbn                             0x08000ad7   Thumb Code    46  dscalb.o(.text)
    scalbn                                   0x08000ad7   Thumb Code     0  dscalb.o(.text)
    _dsqrt                                   0x08000b05   Thumb Code   162  dsqrt.o(.text)
    __aeabi_d2ulz                            0x08000ba7   Thumb Code    48  dfixul.o(.text)
    __ARM_fcmp4                              0x08000bd7   Thumb Code    54  fcmp4.o(.text)
    _fcmp4                                   0x08000bd7   Thumb Code     0  fcmp4.o(.text)
    __scatterload                            0x08000c0d   Thumb Code    28  init.o(.text)
    __scatterload_rt2                        0x08000c0d   Thumb Code     0  init.o(.text)
    __decompress                             0x08000c31   Thumb Code     0  __dczerorl2.o(.text)
    __decompress1                            0x08000c31   Thumb Code    86  __dczerorl2.o(.text)
    BusFault_Handler                         0x08000c87   Thumb Code     2  stm32f1xx_it.o(i.BusFault_Handler)
    Clip_TD_Function                         0x08000c89   Thumb Code   352  pid.o(i.Clip_TD_Function)
    CustomMutex_Init                         0x08000de9   Thumb Code    16  mutex_lock_and_message_queue.o(i.CustomMutex_Init)
    CustomMutex_Lock                         0x08000df9   Thumb Code    48  mutex_lock_and_message_queue.o(i.CustomMutex_Lock)
    CustomMutex_Unlock                       0x08000e29   Thumb Code    54  mutex_lock_and_message_queue.o(i.CustomMutex_Unlock)
    CustomQueue_Init                         0x08000e61   Thumb Code    52  mutex_lock_and_message_queue.o(i.CustomQueue_Init)
    CustomQueue_Receive                      0x08000ea1   Thumb Code    86  mutex_lock_and_message_queue.o(i.CustomQueue_Receive)
    CustomQueue_Send                         0x08000ef7   Thumb Code    90  mutex_lock_and_message_queue.o(i.CustomQueue_Send)
    CustomQueue_SendTimeout                  0x08000f51   Thumb Code    64  mutex_lock_and_message_queue.o(i.CustomQueue_SendTimeout)
    DMA1_Channel4_IRQHandler                 0x08000f91   Thumb Code     6  stm32f1xx_it.o(i.DMA1_Channel4_IRQHandler)
    DMA1_Channel5_IRQHandler                 0x08000f9d   Thumb Code     6  stm32f1xx_it.o(i.DMA1_Channel5_IRQHandler)
    Data_Handle1                             0x08000fd5   Thumb Code   152  data_protocol.o(i.Data_Handle1)
    DebugMon_Handler                         0x0800107d   Thumb Code     2  stm32f1xx_it.o(i.DebugMon_Handler)
    Error_Handler                            0x0800107f   Thumb Code     4  main.o(i.Error_Handler)
    HAL_DMA_Abort                            0x08001083   Thumb Code    70  stm32f1xx_hal_dma.o(i.HAL_DMA_Abort)
    HAL_DMA_Abort_IT                         0x080010c9   Thumb Code   148  stm32f1xx_hal_dma.o(i.HAL_DMA_Abort_IT)
    HAL_DMA_IRQHandler                       0x08001161   Thumb Code   316  stm32f1xx_hal_dma.o(i.HAL_DMA_IRQHandler)
    HAL_DMA_Init                             0x080012b5   Thumb Code    84  stm32f1xx_hal_dma.o(i.HAL_DMA_Init)
    HAL_DMA_Start_IT                         0x08001311   Thumb Code   112  stm32f1xx_hal_dma.o(i.HAL_DMA_Start_IT)
    HAL_Delay                                0x08001381   Thumb Code    32  stm32f1xx_hal.o(i.HAL_Delay)
    HAL_GPIO_Init                            0x080013a5   Thumb Code   446  stm32f1xx_hal_gpio.o(i.HAL_GPIO_Init)
    HAL_GPIO_TogglePin                       0x08001585   Thumb Code    16  stm32f1xx_hal_gpio.o(i.HAL_GPIO_TogglePin)
    HAL_GPIO_WritePin                        0x08001595   Thumb Code    10  stm32f1xx_hal_gpio.o(i.HAL_GPIO_WritePin)
    HAL_GetTick                              0x080015a1   Thumb Code     6  stm32f1xx_hal.o(i.HAL_GetTick)
    HAL_I2C_Init                             0x080015ad   Thumb Code   376  stm32f1xx_hal_i2c.o(i.HAL_I2C_Init)
    HAL_I2C_Mem_Read                         0x08001735   Thumb Code   586  stm32f1xx_hal_i2c.o(i.HAL_I2C_Mem_Read)
    HAL_I2C_Mem_Write                        0x08001991   Thumb Code   294  stm32f1xx_hal_i2c.o(i.HAL_I2C_Mem_Write)
    HAL_I2C_MspInit                          0x08001ac1   Thumb Code    82  i2c.o(i.HAL_I2C_MspInit)
    HAL_IncTick                              0x08001b21   Thumb Code    12  stm32f1xx_hal.o(i.HAL_IncTick)
    HAL_Init                                 0x08001b31   Thumb Code    32  stm32f1xx_hal.o(i.HAL_Init)
    HAL_InitTick                             0x08001b55   Thumb Code   132  stm32f1xx_hal_timebase_tim.o(i.HAL_InitTick)
    HAL_MspInit                              0x08001bed   Thumb Code    52  stm32f1xx_hal_msp.o(i.HAL_MspInit)
    HAL_NVIC_EnableIRQ                       0x08001c29   Thumb Code    26  stm32f1xx_hal_cortex.o(i.HAL_NVIC_EnableIRQ)
    HAL_NVIC_SetPriority                     0x08001c45   Thumb Code    60  stm32f1xx_hal_cortex.o(i.HAL_NVIC_SetPriority)
    HAL_NVIC_SetPriorityGrouping             0x08001c85   Thumb Code    26  stm32f1xx_hal_cortex.o(i.HAL_NVIC_SetPriorityGrouping)
    HAL_RCC_ClockConfig                      0x08001ca9   Thumb Code   280  stm32f1xx_hal_rcc.o(i.HAL_RCC_ClockConfig)
    HAL_RCC_GetClockConfig                   0x08001dd5   Thumb Code    54  stm32f1xx_hal_rcc.o(i.HAL_RCC_GetClockConfig)
    HAL_RCC_GetPCLK1Freq                     0x08001e15   Thumb Code    20  stm32f1xx_hal_rcc.o(i.HAL_RCC_GetPCLK1Freq)
    HAL_RCC_GetPCLK2Freq                     0x08001e35   Thumb Code    20  stm32f1xx_hal_rcc.o(i.HAL_RCC_GetPCLK2Freq)
    HAL_RCC_GetSysClockFreq                  0x08001e55   Thumb Code    58  stm32f1xx_hal_rcc.o(i.HAL_RCC_GetSysClockFreq)
    HAL_RCC_OscConfig                        0x08001ea1   Thumb Code   778  stm32f1xx_hal_rcc.o(i.HAL_RCC_OscConfig)
    HAL_TIMEx_BreakCallback                  0x080021c1   Thumb Code     2  stm32f1xx_hal_tim_ex.o(i.HAL_TIMEx_BreakCallback)
    HAL_TIMEx_CommutCallback                 0x080021c3   Thumb Code     2  stm32f1xx_hal_tim_ex.o(i.HAL_TIMEx_CommutCallback)
    HAL_TIMEx_ConfigBreakDeadTime            0x080021c5   Thumb Code    84  stm32f1xx_hal_tim_ex.o(i.HAL_TIMEx_ConfigBreakDeadTime)
    HAL_TIMEx_MasterConfigSynchronization    0x08002219   Thumb Code    92  stm32f1xx_hal_tim_ex.o(i.HAL_TIMEx_MasterConfigSynchronization)
    HAL_TIM_Base_Init                        0x08002281   Thumb Code    90  stm32f1xx_hal_tim.o(i.HAL_TIM_Base_Init)
    HAL_TIM_Base_MspInit                     0x080022dd   Thumb Code    30  tim.o(i.HAL_TIM_Base_MspInit)
    HAL_TIM_Base_Start_IT                    0x08002305   Thumb Code    76  stm32f1xx_hal_tim.o(i.HAL_TIM_Base_Start_IT)
    HAL_TIM_ConfigClockSource                0x0800235d   Thumb Code   220  stm32f1xx_hal_tim.o(i.HAL_TIM_ConfigClockSource)
    HAL_TIM_Encoder_Init                     0x08002439   Thumb Code   164  stm32f1xx_hal_tim.o(i.HAL_TIM_Encoder_Init)
    HAL_TIM_Encoder_MspInit                  0x080024dd   Thumb Code    76  tim.o(i.HAL_TIM_Encoder_MspInit)
    HAL_TIM_Encoder_Start                    0x08002531   Thumb Code   142  stm32f1xx_hal_tim.o(i.HAL_TIM_Encoder_Start)
    HAL_TIM_IC_CaptureCallback               0x080025bf   Thumb Code     2  stm32f1xx_hal_tim.o(i.HAL_TIM_IC_CaptureCallback)
    HAL_TIM_IRQHandler                       0x080025c1   Thumb Code   304  stm32f1xx_hal_tim.o(i.HAL_TIM_IRQHandler)
    HAL_TIM_MspPostInit                      0x080026f1   Thumb Code    98  tim.o(i.HAL_TIM_MspPostInit)
    HAL_TIM_OC_DelayElapsedCallback          0x08002769   Thumb Code     2  stm32f1xx_hal_tim.o(i.HAL_TIM_OC_DelayElapsedCallback)
    HAL_TIM_PWM_ConfigChannel                0x0800276b   Thumb Code   204  stm32f1xx_hal_tim.o(i.HAL_TIM_PWM_ConfigChannel)
    HAL_TIM_PWM_Init                         0x08002837   Thumb Code    90  stm32f1xx_hal_tim.o(i.HAL_TIM_PWM_Init)
    HAL_TIM_PWM_MspInit                      0x08002891   Thumb Code    72  tim.o(i.HAL_TIM_PWM_MspInit)
    HAL_TIM_PWM_PulseFinishedCallback        0x080028e5   Thumb Code     2  stm32f1xx_hal_tim.o(i.HAL_TIM_PWM_PulseFinishedCallback)
    HAL_TIM_PWM_Start                        0x080028e9   Thumb Code   144  stm32f1xx_hal_tim.o(i.HAL_TIM_PWM_Start)
    HAL_TIM_PeriodElapsedCallback            0x08002985   Thumb Code    14  main.o(i.HAL_TIM_PeriodElapsedCallback)
    HAL_TIM_TriggerCallback                  0x08002999   Thumb Code     2  stm32f1xx_hal_tim.o(i.HAL_TIM_TriggerCallback)
    HAL_UARTEx_RxEventCallback               0x0800299b   Thumb Code     2  stm32f1xx_hal_uart.o(i.HAL_UARTEx_RxEventCallback)
    HAL_UART_DMAStop                         0x0800299d   Thumb Code   112  stm32f1xx_hal_uart.o(i.HAL_UART_DMAStop)
    HAL_UART_ErrorCallback                   0x08002a0d   Thumb Code     2  stm32f1xx_hal_uart.o(i.HAL_UART_ErrorCallback)
    HAL_UART_IRQHandler                      0x08002a11   Thumb Code   616  stm32f1xx_hal_uart.o(i.HAL_UART_IRQHandler)
    HAL_UART_Init                            0x08002c7d   Thumb Code   100  stm32f1xx_hal_uart.o(i.HAL_UART_Init)
    HAL_UART_MspInit                         0x08002ce1   Thumb Code   198  usart.o(i.HAL_UART_MspInit)
    HAL_UART_Receive_DMA                     0x08002dbd   Thumb Code    28  stm32f1xx_hal_uart.o(i.HAL_UART_Receive_DMA)
    HAL_UART_RxCpltCallback                  0x08002dd9   Thumb Code     2  stm32f1xx_hal_uart.o(i.HAL_UART_RxCpltCallback)
    HAL_UART_RxHalfCpltCallback              0x08002ddb   Thumb Code     2  stm32f1xx_hal_uart.o(i.HAL_UART_RxHalfCpltCallback)
    HAL_UART_Transmit_DMA                    0x08002ddd   Thumb Code   106  stm32f1xx_hal_uart.o(i.HAL_UART_Transmit_DMA)
    HAL_UART_TxCpltCallback                  0x08002e55   Thumb Code     2  stm32f1xx_hal_uart.o(i.HAL_UART_TxCpltCallback)
    HAL_UART_TxHalfCpltCallback              0x08002e57   Thumb Code     2  stm32f1xx_hal_uart.o(i.HAL_UART_TxHalfCpltCallback)
    HardFault_Handler                        0x08002e59   Thumb Code     2  stm32f1xx_it.o(i.HardFault_Handler)
    IMUupdate                                0x08003299   Thumb Code   964  imu.o(i.IMUupdate)
    Kalman_Filter                            0x08003679   Thumb Code   120  filter.o(i.Kalman_Filter)
    MPU6050_AccRead                          0x080036f1   Thumb Code   118  mpu6050.o(i.MPU6050_AccRead)
    MPU6050_GyroRead                         0x0800376d   Thumb Code   134  mpu6050.o(i.MPU6050_GyroRead)
    MPU6050_Init                             0x08003805   Thumb Code   242  mpu6050.o(i.MPU6050_Init)
    MPU6050_OffSet_cail                      0x08003991   Thumb Code   110  mpu6050.o(i.MPU6050_OffSet_cail)
    MPU6050_Offset                           0x08003a05   Thumb Code   156  mpu6050.o(i.MPU6050_Offset)
    MPU6050_Read_Accel                       0x08003aa5   Thumb Code    58  mpu6050.o(i.MPU6050_Read_Accel)
    MPU6050_Read_Gyro                        0x08003ae5   Thumb Code    58  mpu6050.o(i.MPU6050_Read_Gyro)
    MX_DMA_Init                              0x08003b25   Thumb Code    56  dma.o(i.MX_DMA_Init)
    MX_GPIO_Init                             0x08003b61   Thumb Code   160  gpio.o(i.MX_GPIO_Init)
    MX_I2C2_Init                             0x08003c0d   Thumb Code    50  i2c.o(i.MX_I2C2_Init)
    MX_TIM1_Init                             0x08003c4d   Thumb Code   194  tim.o(i.MX_TIM1_Init)
    MX_TIM2_Init                             0x08003d19   Thumb Code   100  tim.o(i.MX_TIM2_Init)
    MX_TIM3_Init                             0x08003d81   Thumb Code   166  tim.o(i.MX_TIM3_Init)
    MX_USART1_UART_Init                      0x08003e31   Thumb Code    48  usart.o(i.MX_USART1_UART_Init)
    MemManage_Handler                        0x08003e69   Thumb Code     2  stm32f1xx_it.o(i.MemManage_Handler)
    NMI_Handler                              0x08003e6b   Thumb Code     2  stm32f1xx_it.o(i.NMI_Handler)
    PID_Update                               0x08003e6d   Thumb Code   204  pid.o(i.PID_Update)
    PendSV_Handler                           0x08003f3d   Thumb Code     4  stm32f1xx_it.o(i.PendSV_Handler)
    Prepare_Data                             0x08003f41   Thumb Code   122  imu.o(i.Prepare_Data)
    SVC_Handler                              0x08003fd5   Thumb Code     4  stm32f1xx_it.o(i.SVC_Handler)
    Servo_SetPWM                             0x08003fd9   Thumb Code    38  servo.o(i.Servo_SetPWM)
    SysTick_Handler                          0x08004021   Thumb Code     4  stm32f1xx_it.o(i.SysTick_Handler)
    SystemClock_Config                       0x08004025   Thumb Code    94  main.o(i.SystemClock_Config)
    SystemInit                               0x08004083   Thumb Code     2  system_stm32f1xx.o(i.SystemInit)
    TIM4_IRQHandler                          0x08004085   Thumb Code     6  stm32f1xx_it.o(i.TIM4_IRQHandler)
    TIM_Base_SetConfig                       0x08004091   Thumb Code   108  stm32f1xx_hal_tim.o(i.TIM_Base_SetConfig)
    TIM_CCxChannelCmd                        0x08004109   Thumb Code    26  stm32f1xx_hal_tim.o(i.TIM_CCxChannelCmd)
    TIM_ETR_SetConfig                        0x08004123   Thumb Code    20  stm32f1xx_hal_tim.o(i.TIM_ETR_SetConfig)
    TIM_OC2_SetConfig                        0x08004199   Thumb Code    84  stm32f1xx_hal_tim.o(i.TIM_OC2_SetConfig)
    UART_Start_Receive_DMA                   0x08004601   Thumb Code   130  stm32f1xx_hal_uart.o(i.UART_Start_Receive_DMA)
    UART_Transmit_DMA_Safe                   0x08004691   Thumb Code    36  usart.o(i.UART_Transmit_DMA_Safe)
    USART1_IRQHandler                        0x080046b9   Thumb Code    16  stm32f1xx_it.o(i.USART1_IRQHandler)
    USAR_UART_IDLECallback                   0x080046cd   Thumb Code    86  usart.o(i.USAR_UART_IDLECallback)
    UsageFault_Handler                       0x08004729   Thumb Code     2  stm32f1xx_it.o(i.UsageFault_Handler)
    __0vsnprintf                             0x0800472d   Thumb Code    46  printfa.o(i.__0vsnprintf)
    __1vsnprintf                             0x0800472d   Thumb Code     0  printfa.o(i.__0vsnprintf)
    __2vsnprintf                             0x0800472d   Thumb Code     0  printfa.o(i.__0vsnprintf)
    __c89vsnprintf                           0x0800472d   Thumb Code     0  printfa.o(i.__0vsnprintf)
    vsnprintf                                0x0800472d   Thumb Code     0  printfa.o(i.__0vsnprintf)
    __ARM_fpclassify                         0x08004761   Thumb Code    40  fpclassify.o(i.__ARM_fpclassify)
    __ARM_fpclassifyf                        0x08004789   Thumb Code    38  fpclassifyf.o(i.__ARM_fpclassifyf)
    __kernel_poly                            0x080047cf   Thumb Code   170  poly.o(i.__kernel_poly)
    __mathlib_dbl_infnan                     0x08004879   Thumb Code     6  dunder.o(i.__mathlib_dbl_infnan)
    __mathlib_dbl_infnan2                    0x0800487f   Thumb Code     4  dunder.o(i.__mathlib_dbl_infnan2)
    __mathlib_dbl_invalid                    0x08004883   Thumb Code    12  dunder.o(i.__mathlib_dbl_invalid)
    __mathlib_dbl_underflow                  0x08004891   Thumb Code    10  dunder.o(i.__mathlib_dbl_underflow)
    __mathlib_flt_infnan                     0x080048a1   Thumb Code     6  funder.o(i.__mathlib_flt_infnan)
    __mathlib_flt_infnan2                    0x080048a7   Thumb Code     4  funder.o(i.__mathlib_flt_infnan2)
    __mathlib_flt_invalid                    0x080048ab   Thumb Code     8  funder.o(i.__mathlib_flt_invalid)
    __mathlib_flt_underflow                  0x080048b3   Thumb Code    10  funder.o(i.__mathlib_flt_underflow)
    __mathlib_rredf2                         0x080048bd   Thumb Code   344  rredf.o(i.__mathlib_rredf2)
    __scatterload_copy                       0x08004a25   Thumb Code    14  handlers.o(i.__scatterload_copy)
    __scatterload_null                       0x08004a33   Thumb Code     2  handlers.o(i.__scatterload_null)
    __scatterload_zeroinit                   0x08004a35   Thumb Code    14  handlers.o(i.__scatterload_zeroinit)
    __set_errno                              0x08004a45   Thumb Code     6  errno.o(i.__set_errno)
    asin                                     0x080052f1   Thumb Code   572  asin.o(i.asin)
    atan                                     0x08005561   Thumb Code   474  atan.o(i.atan)
    atan2                                    0x08005781   Thumb Code   374  atan2.o(i.atan2)
    atan2f                                   0x0800591d   Thumb Code   598  atan2f.o(i.atan2f)
    cosf                                     0x08005c75   Thumb Code   328  cosf.o(i.cosf)
    debug_printf                             0x08005df1   Thumb Code    38  usart.o(i.debug_printf)
    decision_task                            0x08005e19   Thumb Code   474  main.o(i.decision_task)
    fminf                                    0x08006031   Thumb Code    40  fminf.o(i.fminf)
    getEncoderDelta                          0x08006059   Thumb Code    42  motor.o(i.getEncoderDelta)
    getWheelSpeed                            0x08006085   Thumb Code    88  motor.o(i.getWheelSpeed)
    invSqrt                                  0x080060f1   Thumb Code    48  mymath.o(i.invSqrt)
    led2_task                                0x08006125   Thumb Code    26  main.o(i.led2_task)
    leftMotorControl                         0x08006145   Thumb Code    60  motor.o(i.leftMotorControl)
    leftWheelSpeed                           0x08006189   Thumb Code    20  motor.o(i.leftWheelSpeed)
    main                                     0x080061a9   Thumb Code   252  main.o(i.main)
    motorInit                                0x08006351   Thumb Code    38  motor.o(i.motorInit)
    motor_task                               0x08006381   Thumb Code   266  main.o(i.motor_task)
    mpu6050_task                             0x080064a5   Thumb Code    28  main.o(i.mpu6050_task)
    openmv_send_command                      0x080064d1   Thumb Code    48  data_protocol.o(i.openmv_send_command)
    openmv_task                              0x08006501   Thumb Code    66  main.o(i.openmv_task)
    pvPortMalloc                             0x08006861   Thumb Code   158  heap_4.o(i.pvPortMalloc)
    pxPortInitialiseStack                    0x08006905   Thumb Code    32  port.o(i.pxPortInitialiseStack)
    rightMotorControl                        0x08006929   Thumb Code    60  motor.o(i.rightMotorControl)
    rightWheelSpeed                          0x0800696d   Thumb Code    20  motor.o(i.rightWheelSpeed)
    servo_task                               0x0800698d   Thumb Code    50  main.o(i.servo_task)
    sinf                                     0x080069c5   Thumb Code   338  sinf.o(i.sinf)
    sqrt                                     0x08006b4d   Thumb Code    76  sqrt.o(i.sqrt)
    sqrtf                                    0x08006b99   Thumb Code    44  sqrtf.o(i.sqrtf)
    state_update_task                        0x08006bc5   Thumb Code   282  main.o(i.state_update_task)
    uart_init                                0x08006d01   Thumb Code    38  usart.o(i.uart_init)
    usart_task                               0x08006d2d   Thumb Code    76  main.o(i.usart_task)
    uxListRemove                             0x08006d85   Thumb Code    38  list.o(i.uxListRemove)
    vApplicationMallocFailedHook             0x08006dab   Thumb Code     2  main.o(i.vApplicationMallocFailedHook)
    vApplicationStackOverflowHook            0x08006dad   Thumb Code     2  main.o(i.vApplicationStackOverflowHook)
    vListInitialise                          0x08006daf   Thumb Code    22  list.o(i.vListInitialise)
    vListInitialiseItem                      0x08006dc5   Thumb Code     6  list.o(i.vListInitialiseItem)
    vListInsert                              0x08006dcb   Thumb Code    48  list.o(i.vListInsert)
    vPortEnterCritical                       0x08006dfd   Thumb Code    24  port.o(i.vPortEnterCritical)
    vPortExitCritical                        0x08006e19   Thumb Code    16  port.o(i.vPortExitCritical)
    vPortFree                                0x08006e2d   Thumb Code    64  heap_4.o(i.vPortFree)
    vPortSetupTimerInterrupt                 0x08006e71   Thumb Code    20  port.o(i.vPortSetupTimerInterrupt)
    vTaskDelay                               0x08006e89   Thumb Code    44  tasks.o(i.vTaskDelay)
    vTaskStartScheduler                      0x08006eb9   Thumb Code    64  tasks.o(i.vTaskStartScheduler)
    vTaskSuspendAll                          0x08006f09   Thumb Code    10  tasks.o(i.vTaskSuspendAll)
    vTaskSwitchContext                       0x08006f19   Thumb Code    84  tasks.o(i.vTaskSwitchContext)
    vectorFilter                             0x08006f75   Thumb Code    86  filter.o(i.vectorFilter)
    xPortStartScheduler                      0x08006fcd   Thumb Code    38  port.o(i.xPortStartScheduler)
    xPortSysTickHandler                      0x08006ffd   Thumb Code    38  port.o(i.xPortSysTickHandler)
    xTaskCreate                              0x08007029   Thumb Code    92  tasks.o(i.xTaskCreate)
    xTaskDelayUntil                          0x08007085   Thumb Code    80  tasks.o(i.xTaskDelayUntil)
    xTaskGetCurrentTaskHandle                0x080070dd   Thumb Code     6  tasks.o(i.xTaskGetCurrentTaskHandle)
    xTaskGetTickCount                        0x080070e9   Thumb Code     6  tasks.o(i.xTaskGetTickCount)
    xTaskIncrementTick                       0x080070f5   Thumb Code   282  tasks.o(i.xTaskIncrementTick)
    xTaskResumeAll                           0x08007219   Thumb Code   266  tasks.o(i.xTaskResumeAll)
    AHBPrescTable                            0x0800742a   Data          16  system_stm32f1xx.o(.constdata)
    APBPrescTable                            0x0800743a   Data           8  system_stm32f1xx.o(.constdata)
    __mathlib_zero                           0x08007530   Data           8  qnan.o(.constdata)
    Region$$Table$$Base                      0x08007580   Number         0  anon$$obj.o(Region$$Table)
    Region$$Table$$Limit                     0x080075a0   Number         0  anon$$obj.o(Region$$Table)
    tick_time                                0x20000000   Data           4  main.o(.data)
    led2_TaskHandle_t                        0x20000004   Data           4  main.o(.data)
    servo_TaskHandle_t                       0x20000008   Data           4  main.o(.data)
    usart_TaskHandle_t                       0x2000000c   Data           4  main.o(.data)
    mpu6050_TaskHandle_t                     0x20000010   Data           4  main.o(.data)
    motor_TaskHandle_t                       0x20000014   Data           4  main.o(.data)
    decision_TaskHandle_t                    0x20000018   Data           4  main.o(.data)
    state_update_TaskHandle_t                0x2000001c   Data           4  main.o(.data)
    Data                                     0x20000020   Data           8  main.o(.data)
    Result                                   0x20000028   Data           8  main.o(.data)
    t                                        0x20000030   Data           8  main.o(.data)
    Test                                     0x20000038   Data           8  main.o(.data)
    robot_state_mutex                        0x20000040   Data          16  main.o(.data)
    uwTickFreq                               0x20000050   Data           1  stm32f1xx_hal.o(.data)
    uwTickPrio                               0x20000054   Data           4  stm32f1xx_hal.o(.data)
    uwTick                                   0x20000058   Data           4  stm32f1xx_hal.o(.data)
    SystemCoreClock                          0x2000005c   Data           4  system_stm32f1xx.o(.data)
    pxCurrentTCB                             0x20000060   Data           4  tasks.o(.data)
    uxTopUsedPriority                        0x20000090   Data           4  tasks.o(.data)
    openmv_data_mutex                        0x200000c0   Data          16  data_protocol.o(.data)
    G_ACCEL_RANGE                            0x200000d4   Data           1  mpu6050.o(.data)
    G_GYRO_RANGE                             0x200000d5   Data           1  mpu6050.o(.data)
    cail_flag                                0x200000d8   Data           4  mpu6050.o(.data)
    MPU6050_init                             0x200000e8   Data           6  mpu6050.o(.data)
    GYRO_OFFSET_RAW                          0x200000ee   Data           6  mpu6050.o(.data)
    ACC_OFFSET_RAW                           0x200000f4   Data           6  mpu6050.o(.data)
    MPU6050_ACC_RAW                          0x200000fa   Data           6  mpu6050.o(.data)
    MPU6050_GYRO_RAW                         0x20000100   Data           6  mpu6050.o(.data)
    EKF                                      0x20000108   Data          72  mpu6050.o(.data)
    q0                                       0x20000150   Data           4  imu.o(.data)
    q1                                       0x20000154   Data           4  imu.o(.data)
    q2                                       0x20000158   Data           4  imu.o(.data)
    q3                                       0x2000015c   Data           4  imu.o(.data)
    exInt                                    0x20000160   Data           4  imu.o(.data)
    eyInt                                    0x20000164   Data           4  imu.o(.data)
    ezInt                                    0x20000168   Data           4  imu.o(.data)
    g_robot_state                            0x200001a0   Data          48  main.o(.bss)
    nav_queue_buffer                         0x200001d0   Data          40  main.o(.bss)
    nav_cmd_queue                            0x200001f8   Data          36  main.o(.bss)
    MEDIAN_Filter                            0x20000220   Data          88  main.o(.bss)
    hi2c2                                    0x20000278   Data          84  i2c.o(.bss)
    htim1                                    0x200002cc   Data          72  tim.o(.bss)
    htim2                                    0x20000314   Data          72  tim.o(.bss)
    htim3                                    0x2000035c   Data          72  tim.o(.bss)
    huart1                                   0x200003a4   Data          72  usart.o(.bss)
    hdma_usart1_rx                           0x200003ec   Data          68  usart.o(.bss)
    hdma_usart1_tx                           0x20000430   Data          68  usart.o(.bss)
    receive_Buff1                            0x20000474   Data         128  usart.o(.bss)
    handle_Buff1                             0x200004f4   Data         128  usart.o(.bss)
    tx_buffer                                0x20000574   Data         128  usart.o(.bss)
    htim4                                    0x200005f4   Data          72  stm32f1xx_hal_timebase_tim.o(.bss)
    Att_Angle                                0x20002f34   Data          12  imu.o(.bss)
    Acc_filt                                 0x20002f40   Data          12  imu.o(.bss)
    Gyr_filt                                 0x20002f4c   Data          12  imu.o(.bss)
    left_encoder                             0x20002f58   Data          12  motor.o(.bss)
    right_encoder                            0x20002f64   Data          12  motor.o(.bss)
    __initial_sp                             0x200033c0   Data           0  startup_stm32f103xb.o(STACK)



==============================================================================

Memory Map of the image

  Image Entry point : 0x080000ed

  Load Region LR_IROM1 (Base: 0x08000000, Size: 0x00007740, Max: 0x00010000, ABSOLUTE, COMPRESSED[0x000075f8])

    Execution Region ER_IROM1 (Exec base: 0x08000000, Load base: 0x08000000, Size: 0x000075a0, Max: 0x00010000, ABSOLUTE)

    Exec Addr    Load Addr    Size         Type   Attr      Idx    E Section Name        Object

    0x08000000   0x08000000   0x000000ec   Data   RO            3    RESET               startup_stm32f103xb.o
    0x080000ec   0x080000ec   0x00000000   Code   RO         5185  * .ARM.Collect$$$$00000000  mc_w.l(entry.o)
    0x080000ec   0x080000ec   0x00000004   Code   RO         5557    .ARM.Collect$$$$00000001  mc_w.l(entry2.o)
    0x080000f0   0x080000f0   0x00000004   Code   RO         5560    .ARM.Collect$$$$00000004  mc_w.l(entry5.o)
    0x080000f4   0x080000f4   0x00000000   Code   RO         5562    .ARM.Collect$$$$00000008  mc_w.l(entry7b.o)
    0x080000f4   0x080000f4   0x00000000   Code   RO         5564    .ARM.Collect$$$$0000000A  mc_w.l(entry8b.o)
    0x080000f4   0x080000f4   0x00000008   Code   RO         5565    .ARM.Collect$$$$0000000B  mc_w.l(entry9a.o)
    0x080000fc   0x080000fc   0x00000004   Code   RO         5572    .ARM.Collect$$$$0000000E  mc_w.l(entry12b.o)
    0x08000100   0x08000100   0x00000000   Code   RO         5567    .ARM.Collect$$$$0000000F  mc_w.l(entry10a.o)
    0x08000100   0x08000100   0x00000000   Code   RO         5569    .ARM.Collect$$$$00000011  mc_w.l(entry11a.o)
    0x08000100   0x08000100   0x00000004   Code   RO         5558    .ARM.Collect$$$$00002712  mc_w.l(entry2.o)
    0x08000104   0x08000104   0x00000096   Code   RO         4314    .emb_text           port.o
    0x0800019a   0x0800019a   0x00000002   PAD
    0x0800019c   0x0800019c   0x00000024   Code   RO            4    .text               startup_stm32f103xb.o
    0x080001c0   0x080001c0   0x00000020   Code   RO         5188    .text               mc_w.l(llushr.o)
    0x080001e0   0x080001e0   0x00000024   Code   RO         5192    .text               mc_w.l(memcpya.o)
    0x08000204   0x08000204   0x00000024   Code   RO         5194    .text               mc_w.l(memseta.o)
    0x08000228   0x08000228   0x0000000e   Code   RO         5196    .text               mc_w.l(strlen.o)
    0x08000236   0x08000236   0x000000b0   Code   RO         5461    .text               mf_w.l(fadd.o)
    0x080002e6   0x080002e6   0x00000064   Code   RO         5463    .text               mf_w.l(fmul.o)
    0x0800034a   0x0800034a   0x0000007c   Code   RO         5465    .text               mf_w.l(fdiv.o)
    0x080003c6   0x080003c6   0x00000018   Code   RO         5467    .text               mf_w.l(fscalb.o)
    0x080003de   0x080003de   0x0000014e   Code   RO         5469    .text               mf_w.l(dadd.o)
    0x0800052c   0x0800052c   0x000000e4   Code   RO         5471    .text               mf_w.l(dmul.o)
    0x08000610   0x08000610   0x000000de   Code   RO         5473    .text               mf_w.l(ddiv.o)
    0x080006ee   0x080006ee   0x00000012   Code   RO         5475    .text               mf_w.l(fflti.o)
    0x08000700   0x08000700   0x0000000a   Code   RO         5477    .text               mf_w.l(ffltui.o)
    0x0800070a   0x0800070a   0x00000022   Code   RO         5479    .text               mf_w.l(dflti.o)
    0x0800072c   0x0800072c   0x00000032   Code   RO         5481    .text               mf_w.l(ffixi.o)
    0x0800075e   0x0800075e   0x00000026   Code   RO         5483    .text               mf_w.l(f2d.o)
    0x08000784   0x08000784   0x00000030   Code   RO         5485    .text               mf_w.l(cdcmple.o)
    0x080007b4   0x080007b4   0x00000030   Code   RO         5487    .text               mf_w.l(cdrcmple.o)
    0x080007e4   0x080007e4   0x00000038   Code   RO         5489    .text               mf_w.l(d2f.o)
    0x0800081c   0x0800081c   0x00000014   Code   RO         5491    .text               mf_w.l(cfcmple.o)
    0x08000830   0x08000830   0x00000014   Code   RO         5493    .text               mf_w.l(cfrcmple.o)
    0x08000844   0x08000844   0x0000002c   Code   RO         5574    .text               mc_w.l(uidiv.o)
    0x08000870   0x08000870   0x00000062   Code   RO         5576    .text               mc_w.l(uldiv.o)
    0x080008d2   0x080008d2   0x0000001e   Code   RO         5578    .text               mc_w.l(llshl.o)
    0x080008f0   0x080008f0   0x00000024   Code   RO         5580    .text               mc_w.l(llsshr.o)
    0x08000914   0x08000914   0x00000000   Code   RO         5589    .text               mc_w.l(iusefp.o)
    0x08000914   0x08000914   0x0000006e   Code   RO         5590    .text               mf_w.l(fepilogue.o)
    0x08000982   0x08000982   0x0000005e   Code   RO         5592    .text               mf_w.l(fsqrt.o)
    0x080009e0   0x080009e0   0x0000003c   Code   RO         5594    .text               mf_w.l(frnd.o)
    0x08000a1c   0x08000a1c   0x000000ba   Code   RO         5596    .text               mf_w.l(depilogue.o)
    0x08000ad6   0x08000ad6   0x0000002e   Code   RO         5598    .text               mf_w.l(dscalb.o)
    0x08000b04   0x08000b04   0x000000a2   Code   RO         5600    .text               mf_w.l(dsqrt.o)
    0x08000ba6   0x08000ba6   0x00000030   Code   RO         5602    .text               mf_w.l(dfixul.o)
    0x08000bd6   0x08000bd6   0x00000036   Code   RO         5604    .text               mf_w.l(fcmp4.o)
    0x08000c0c   0x08000c0c   0x00000024   Code   RO         5606    .text               mc_w.l(init.o)
    0x08000c30   0x08000c30   0x00000056   Code   RO         5620    .text               mc_w.l(__dczerorl2.o)
    0x08000c86   0x08000c86   0x00000002   Code   RO          628    i.BusFault_Handler  stm32f1xx_it.o
    0x08000c88   0x08000c88   0x00000160   Code   RO         4449    i.Clip_TD_Function  pid.o
    0x08000de8   0x08000de8   0x00000010   Code   RO         4582    i.CustomMutex_Init  mutex_lock_and_message_queue.o
    0x08000df8   0x08000df8   0x00000030   Code   RO         4583    i.CustomMutex_Lock  mutex_lock_and_message_queue.o
    0x08000e28   0x08000e28   0x00000036   Code   RO         4584    i.CustomMutex_Unlock  mutex_lock_and_message_queue.o
    0x08000e5e   0x08000e5e   0x00000002   PAD
    0x08000e60   0x08000e60   0x00000040   Code   RO         4586    i.CustomQueue_Init  mutex_lock_and_message_queue.o
    0x08000ea0   0x08000ea0   0x00000056   Code   RO         4587    i.CustomQueue_Receive  mutex_lock_and_message_queue.o
    0x08000ef6   0x08000ef6   0x0000005a   Code   RO         4589    i.CustomQueue_Send  mutex_lock_and_message_queue.o
    0x08000f50   0x08000f50   0x00000040   Code   RO         4590    i.CustomQueue_SendTimeout  mutex_lock_and_message_queue.o
    0x08000f90   0x08000f90   0x0000000c   Code   RO          629    i.DMA1_Channel4_IRQHandler  stm32f1xx_it.o
    0x08000f9c   0x08000f9c   0x0000000c   Code   RO          630    i.DMA1_Channel5_IRQHandler  stm32f1xx_it.o
    0x08000fa8   0x08000fa8   0x0000002a   Code   RO         1644    i.DMA_SetConfig     stm32f1xx_hal_dma.o
    0x08000fd2   0x08000fd2   0x00000002   PAD
    0x08000fd4   0x08000fd4   0x000000a8   Code   RO         4648    i.Data_Handle1      data_protocol.o
    0x0800107c   0x0800107c   0x00000002   Code   RO          631    i.DebugMon_Handler  stm32f1xx_it.o
    0x0800107e   0x0800107e   0x00000004   Code   RO           13    i.Error_Handler     main.o
    0x08001082   0x08001082   0x00000046   Code   RO         1645    i.HAL_DMA_Abort     stm32f1xx_hal_dma.o
    0x080010c8   0x080010c8   0x00000098   Code   RO         1646    i.HAL_DMA_Abort_IT  stm32f1xx_hal_dma.o
    0x08001160   0x08001160   0x00000154   Code   RO         1650    i.HAL_DMA_IRQHandler  stm32f1xx_hal_dma.o
    0x080012b4   0x080012b4   0x0000005c   Code   RO         1651    i.HAL_DMA_Init      stm32f1xx_hal_dma.o
    0x08001310   0x08001310   0x00000070   Code   RO         1655    i.HAL_DMA_Start_IT  stm32f1xx_hal_dma.o
    0x08001380   0x08001380   0x00000024   Code   RO         1271    i.HAL_Delay         stm32f1xx_hal.o
    0x080013a4   0x080013a4   0x000001e0   Code   RO         1581    i.HAL_GPIO_Init     stm32f1xx_hal_gpio.o
    0x08001584   0x08001584   0x00000010   Code   RO         1584    i.HAL_GPIO_TogglePin  stm32f1xx_hal_gpio.o
    0x08001594   0x08001594   0x0000000a   Code   RO         1585    i.HAL_GPIO_WritePin  stm32f1xx_hal_gpio.o
    0x0800159e   0x0800159e   0x00000002   PAD
    0x080015a0   0x080015a0   0x0000000c   Code   RO         1275    i.HAL_GetTick       stm32f1xx_hal.o
    0x080015ac   0x080015ac   0x00000188   Code   RO          838    i.HAL_I2C_Init      stm32f1xx_hal_i2c.o
    0x08001734   0x08001734   0x0000025c   Code   RO          856    i.HAL_I2C_Mem_Read  stm32f1xx_hal_i2c.o
    0x08001990   0x08001990   0x00000130   Code   RO          859    i.HAL_I2C_Mem_Write  stm32f1xx_hal_i2c.o
    0x08001ac0   0x08001ac0   0x00000060   Code   RO          417    i.HAL_I2C_MspInit   i2c.o
    0x08001b20   0x08001b20   0x00000010   Code   RO         1281    i.HAL_IncTick       stm32f1xx_hal.o
    0x08001b30   0x08001b30   0x00000024   Code   RO         1282    i.HAL_Init          stm32f1xx_hal.o
    0x08001b54   0x08001b54   0x00000098   Code   RO          752    i.HAL_InitTick      stm32f1xx_hal_timebase_tim.o
    0x08001bec   0x08001bec   0x0000003c   Code   RO          728    i.HAL_MspInit       stm32f1xx_hal_msp.o
    0x08001c28   0x08001c28   0x0000001a   Code   RO         1741    i.HAL_NVIC_EnableIRQ  stm32f1xx_hal_cortex.o
    0x08001c42   0x08001c42   0x00000002   PAD
    0x08001c44   0x08001c44   0x00000040   Code   RO         1747    i.HAL_NVIC_SetPriority  stm32f1xx_hal_cortex.o
    0x08001c84   0x08001c84   0x00000024   Code   RO         1748    i.HAL_NVIC_SetPriorityGrouping  stm32f1xx_hal_cortex.o
    0x08001ca8   0x08001ca8   0x0000012c   Code   RO         1439    i.HAL_RCC_ClockConfig  stm32f1xx_hal_rcc.o
    0x08001dd4   0x08001dd4   0x00000040   Code   RO         1443    i.HAL_RCC_GetClockConfig  stm32f1xx_hal_rcc.o
    0x08001e14   0x08001e14   0x00000020   Code   RO         1446    i.HAL_RCC_GetPCLK1Freq  stm32f1xx_hal_rcc.o
    0x08001e34   0x08001e34   0x00000020   Code   RO         1447    i.HAL_RCC_GetPCLK2Freq  stm32f1xx_hal_rcc.o
    0x08001e54   0x08001e54   0x0000004c   Code   RO         1448    i.HAL_RCC_GetSysClockFreq  stm32f1xx_hal_rcc.o
    0x08001ea0   0x08001ea0   0x00000320   Code   RO         1451    i.HAL_RCC_OscConfig  stm32f1xx_hal_rcc.o
    0x080021c0   0x080021c0   0x00000002   Code   RO         2947    i.HAL_TIMEx_BreakCallback  stm32f1xx_hal_tim_ex.o
    0x080021c2   0x080021c2   0x00000002   Code   RO         2948    i.HAL_TIMEx_CommutCallback  stm32f1xx_hal_tim_ex.o
    0x080021c4   0x080021c4   0x00000054   Code   RO         2950    i.HAL_TIMEx_ConfigBreakDeadTime  stm32f1xx_hal_tim_ex.o
    0x08002218   0x08002218   0x00000068   Code   RO         2966    i.HAL_TIMEx_MasterConfigSynchronization  stm32f1xx_hal_tim_ex.o
    0x08002280   0x08002280   0x0000005a   Code   RO         2243    i.HAL_TIM_Base_Init  stm32f1xx_hal_tim.o
    0x080022da   0x080022da   0x00000002   PAD
    0x080022dc   0x080022dc   0x00000028   Code   RO          459    i.HAL_TIM_Base_MspInit  tim.o
    0x08002304   0x08002304   0x00000058   Code   RO         2248    i.HAL_TIM_Base_Start_IT  stm32f1xx_hal_tim.o
    0x0800235c   0x0800235c   0x000000dc   Code   RO         2252    i.HAL_TIM_ConfigClockSource  stm32f1xx_hal_tim.o
    0x08002438   0x08002438   0x000000a4   Code   RO         2264    i.HAL_TIM_Encoder_Init  stm32f1xx_hal_tim.o
    0x080024dc   0x080024dc   0x00000054   Code   RO          461    i.HAL_TIM_Encoder_MspInit  tim.o
    0x08002530   0x08002530   0x0000008e   Code   RO         2267    i.HAL_TIM_Encoder_Start  stm32f1xx_hal_tim.o
    0x080025be   0x080025be   0x00000002   Code   RO         2277    i.HAL_TIM_IC_CaptureCallback  stm32f1xx_hal_tim.o
    0x080025c0   0x080025c0   0x00000130   Code   RO         2291    i.HAL_TIM_IRQHandler  stm32f1xx_hal_tim.o
    0x080026f0   0x080026f0   0x00000078   Code   RO          462    i.HAL_TIM_MspPostInit  tim.o
    0x08002768   0x08002768   0x00000002   Code   RO         2294    i.HAL_TIM_OC_DelayElapsedCallback  stm32f1xx_hal_tim.o
    0x0800276a   0x0800276a   0x000000cc   Code   RO         2315    i.HAL_TIM_PWM_ConfigChannel  stm32f1xx_hal_tim.o
    0x08002836   0x08002836   0x0000005a   Code   RO         2318    i.HAL_TIM_PWM_Init  stm32f1xx_hal_tim.o
    0x08002890   0x08002890   0x00000054   Code   RO          464    i.HAL_TIM_PWM_MspInit  tim.o
    0x080028e4   0x080028e4   0x00000002   Code   RO         2321    i.HAL_TIM_PWM_PulseFinishedCallback  stm32f1xx_hal_tim.o
    0x080028e6   0x080028e6   0x00000002   PAD
    0x080028e8   0x080028e8   0x0000009c   Code   RO         2323    i.HAL_TIM_PWM_Start  stm32f1xx_hal_tim.o
    0x08002984   0x08002984   0x00000014   Code   RO           14    i.HAL_TIM_PeriodElapsedCallback  main.o
    0x08002998   0x08002998   0x00000002   Code   RO         2334    i.HAL_TIM_TriggerCallback  stm32f1xx_hal_tim.o
    0x0800299a   0x0800299a   0x00000002   Code   RO         3226    i.HAL_UARTEx_RxEventCallback  stm32f1xx_hal_uart.o
    0x0800299c   0x0800299c   0x00000070   Code   RO         3238    i.HAL_UART_DMAStop  stm32f1xx_hal_uart.o
    0x08002a0c   0x08002a0c   0x00000002   Code   RO         3240    i.HAL_UART_ErrorCallback  stm32f1xx_hal_uart.o
    0x08002a0e   0x08002a0e   0x00000002   PAD
    0x08002a10   0x08002a10   0x0000026c   Code   RO         3243    i.HAL_UART_IRQHandler  stm32f1xx_hal_uart.o
    0x08002c7c   0x08002c7c   0x00000064   Code   RO         3244    i.HAL_UART_Init     stm32f1xx_hal_uart.o
    0x08002ce0   0x08002ce0   0x000000dc   Code   RO          547    i.HAL_UART_MspInit  usart.o
    0x08002dbc   0x08002dbc   0x0000001c   Code   RO         3248    i.HAL_UART_Receive_DMA  stm32f1xx_hal_uart.o
    0x08002dd8   0x08002dd8   0x00000002   Code   RO         3250    i.HAL_UART_RxCpltCallback  stm32f1xx_hal_uart.o
    0x08002dda   0x08002dda   0x00000002   Code   RO         3251    i.HAL_UART_RxHalfCpltCallback  stm32f1xx_hal_uart.o
    0x08002ddc   0x08002ddc   0x00000078   Code   RO         3253    i.HAL_UART_Transmit_DMA  stm32f1xx_hal_uart.o
    0x08002e54   0x08002e54   0x00000002   Code   RO         3255    i.HAL_UART_TxCpltCallback  stm32f1xx_hal_uart.o
    0x08002e56   0x08002e56   0x00000002   Code   RO         3256    i.HAL_UART_TxHalfCpltCallback  stm32f1xx_hal_uart.o
    0x08002e58   0x08002e58   0x00000002   Code   RO          632    i.HardFault_Handler  stm32f1xx_it.o
    0x08002e5a   0x08002e5a   0x0000002e   Code   RO          881    i.I2C_IsAcknowledgeFailed  stm32f1xx_hal_i2c.o
    0x08002e88   0x08002e88   0x000000fc   Code   RO          891    i.I2C_RequestMemoryRead  stm32f1xx_hal_i2c.o
    0x08002f84   0x08002f84   0x000000a8   Code   RO          892    i.I2C_RequestMemoryWrite  stm32f1xx_hal_i2c.o
    0x0800302c   0x0800302c   0x00000056   Code   RO          896    i.I2C_WaitOnBTFFlagUntilTimeout  stm32f1xx_hal_i2c.o
    0x08003082   0x08003082   0x00000002   PAD
    0x08003084   0x08003084   0x00000090   Code   RO          897    i.I2C_WaitOnFlagUntilTimeout  stm32f1xx_hal_i2c.o
    0x08003114   0x08003114   0x000000bc   Code   RO          898    i.I2C_WaitOnMasterAddressFlagUntilTimeout  stm32f1xx_hal_i2c.o
    0x080031d0   0x080031d0   0x00000070   Code   RO          899    i.I2C_WaitOnRXNEFlagUntilTimeout  stm32f1xx_hal_i2c.o
    0x08003240   0x08003240   0x00000056   Code   RO          900    i.I2C_WaitOnTXEFlagUntilTimeout  stm32f1xx_hal_i2c.o
    0x08003296   0x08003296   0x00000002   PAD
    0x08003298   0x08003298   0x000003e0   Code   RO         4989    i.IMUupdate         imu.o
    0x08003678   0x08003678   0x00000078   Code   RO         4508    i.Kalman_Filter     filter.o
    0x080036f0   0x080036f0   0x0000007c   Code   RO         4905    i.MPU6050_AccRead   mpu6050.o
    0x0800376c   0x0800376c   0x00000098   Code   RO         4908    i.MPU6050_GyroRead  mpu6050.o
    0x08003804   0x08003804   0x0000018c   Code   RO         4909    i.MPU6050_Init      mpu6050.o
    0x08003990   0x08003990   0x00000074   Code   RO         4910    i.MPU6050_OffSet_cail  mpu6050.o
    0x08003a04   0x08003a04   0x000000a0   Code   RO         4911    i.MPU6050_Offset    mpu6050.o
    0x08003aa4   0x08003aa4   0x00000040   Code   RO         4912    i.MPU6050_Read_Accel  mpu6050.o
    0x08003ae4   0x08003ae4   0x00000040   Code   RO         4913    i.MPU6050_Read_Gyro  mpu6050.o
    0x08003b24   0x08003b24   0x0000003c   Code   RO          392    i.MX_DMA_Init       dma.o
    0x08003b60   0x08003b60   0x000000ac   Code   RO          368    i.MX_GPIO_Init      gpio.o
    0x08003c0c   0x08003c0c   0x00000040   Code   RO          418    i.MX_I2C2_Init      i2c.o
    0x08003c4c   0x08003c4c   0x000000cc   Code   RO          465    i.MX_TIM1_Init      tim.o
    0x08003d18   0x08003d18   0x00000068   Code   RO          466    i.MX_TIM2_Init      tim.o
    0x08003d80   0x08003d80   0x000000b0   Code   RO          467    i.MX_TIM3_Init      tim.o
    0x08003e30   0x08003e30   0x00000038   Code   RO          548    i.MX_USART1_UART_Init  usart.o
    0x08003e68   0x08003e68   0x00000002   Code   RO          633    i.MemManage_Handler  stm32f1xx_it.o
    0x08003e6a   0x08003e6a   0x00000002   Code   RO          634    i.NMI_Handler       stm32f1xx_it.o
    0x08003e6c   0x08003e6c   0x000000d0   Code   RO         4450    i.PID_Update        pid.o
    0x08003f3c   0x08003f3c   0x00000004   Code   RO          635    i.PendSV_Handler    stm32f1xx_it.o
    0x08003f40   0x08003f40   0x00000094   Code   RO         4990    i.Prepare_Data      imu.o
    0x08003fd4   0x08003fd4   0x00000004   Code   RO          636    i.SVC_Handler       stm32f1xx_it.o
    0x08003fd8   0x08003fd8   0x00000026   Code   RO         4695    i.Servo_SetPWM      servo.o
    0x08003ffe   0x08003ffe   0x00000002   PAD
    0x08004000   0x08004000   0x00000020   Code   RO         4451    i.Sign_Judge        pid.o
    0x08004020   0x08004020   0x00000004   Code   RO          637    i.SysTick_Handler   stm32f1xx_it.o
    0x08004024   0x08004024   0x0000005e   Code   RO           15    i.SystemClock_Config  main.o
    0x08004082   0x08004082   0x00000002   Code   RO         3578    i.SystemInit        system_stm32f1xx.o
    0x08004084   0x08004084   0x0000000c   Code   RO          638    i.TIM4_IRQHandler   stm32f1xx_it.o
    0x08004090   0x08004090   0x00000078   Code   RO         2336    i.TIM_Base_SetConfig  stm32f1xx_hal_tim.o
    0x08004108   0x08004108   0x0000001a   Code   RO         2337    i.TIM_CCxChannelCmd  stm32f1xx_hal_tim.o
    0x08004122   0x08004122   0x00000014   Code   RO         2347    i.TIM_ETR_SetConfig  stm32f1xx_hal_tim.o
    0x08004136   0x08004136   0x00000010   Code   RO         2348    i.TIM_ITRx_SetConfig  stm32f1xx_hal_tim.o
    0x08004146   0x08004146   0x00000002   PAD
    0x08004148   0x08004148   0x00000050   Code   RO         2349    i.TIM_OC1_SetConfig  stm32f1xx_hal_tim.o
    0x08004198   0x08004198   0x00000058   Code   RO         2350    i.TIM_OC2_SetConfig  stm32f1xx_hal_tim.o
    0x080041f0   0x080041f0   0x00000058   Code   RO         2351    i.TIM_OC3_SetConfig  stm32f1xx_hal_tim.o
    0x08004248   0x08004248   0x00000044   Code   RO         2352    i.TIM_OC4_SetConfig  stm32f1xx_hal_tim.o
    0x0800428c   0x0800428c   0x00000022   Code   RO         2354    i.TIM_TI1_ConfigInputStage  stm32f1xx_hal_tim.o
    0x080042ae   0x080042ae   0x00000024   Code   RO         2356    i.TIM_TI2_ConfigInputStage  stm32f1xx_hal_tim.o
    0x080042d2   0x080042d2   0x00000010   Code   RO         3257    i.UART_DMAAbortOnError  stm32f1xx_hal_uart.o
    0x080042e2   0x080042e2   0x0000004a   Code   RO         3258    i.UART_DMAError     stm32f1xx_hal_uart.o
    0x0800432c   0x0800432c   0x00000086   Code   RO         3259    i.UART_DMAReceiveCplt  stm32f1xx_hal_uart.o
    0x080043b2   0x080043b2   0x0000001e   Code   RO         3261    i.UART_DMARxHalfCplt  stm32f1xx_hal_uart.o
    0x080043d0   0x080043d0   0x00000042   Code   RO         3263    i.UART_DMATransmitCplt  stm32f1xx_hal_uart.o
    0x08004412   0x08004412   0x0000000a   Code   RO         3265    i.UART_DMATxHalfCplt  stm32f1xx_hal_uart.o
    0x0800441c   0x0800441c   0x0000004e   Code   RO         3267    i.UART_EndRxTransfer  stm32f1xx_hal_uart.o
    0x0800446a   0x0800446a   0x0000001c   Code   RO         3268    i.UART_EndTxTransfer  stm32f1xx_hal_uart.o
    0x08004486   0x08004486   0x000000c2   Code   RO         3269    i.UART_Receive_IT   stm32f1xx_hal_uart.o
    0x08004548   0x08004548   0x000000b8   Code   RO         3270    i.UART_SetConfig    stm32f1xx_hal_uart.o
    0x08004600   0x08004600   0x00000090   Code   RO         3271    i.UART_Start_Receive_DMA  stm32f1xx_hal_uart.o
    0x08004690   0x08004690   0x00000028   Code   RO          549    i.UART_Transmit_DMA_Safe  usart.o
    0x080046b8   0x080046b8   0x00000014   Code   RO          639    i.USART1_IRQHandler  stm32f1xx_it.o
    0x080046cc   0x080046cc   0x0000005c   Code   RO          550    i.USAR_UART_IDLECallback  usart.o
    0x08004728   0x08004728   0x00000002   Code   RO          640    i.UsageFault_Handler  stm32f1xx_it.o
    0x0800472a   0x0800472a   0x00000002   PAD
    0x0800472c   0x0800472c   0x00000034   Code   RO         5438    i.__0vsnprintf      mc_w.l(printfa.o)
    0x08004760   0x08004760   0x00000028   Code   RO         5522    i.__ARM_fpclassify  m_ws.l(fpclassify.o)
    0x08004788   0x08004788   0x00000026   Code   RO         5524    i.__ARM_fpclassifyf  m_ws.l(fpclassifyf.o)
    0x080047ae   0x080047ae   0x00000020   Code   RO         1754    i.__NVIC_SetPriority  stm32f1xx_hal_cortex.o
    0x080047ce   0x080047ce   0x000000aa   Code   RO         5540    i.__kernel_poly     m_ws.l(poly.o)
    0x08004878   0x08004878   0x00000006   Code   RO         5509    i.__mathlib_dbl_infnan  m_ws.l(dunder.o)
    0x0800487e   0x0800487e   0x00000004   Code   RO         5510    i.__mathlib_dbl_infnan2  m_ws.l(dunder.o)
    0x08004882   0x08004882   0x0000000c   Code   RO         5511    i.__mathlib_dbl_invalid  m_ws.l(dunder.o)
    0x0800488e   0x0800488e   0x00000002   PAD
    0x08004890   0x08004890   0x00000010   Code   RO         5514    i.__mathlib_dbl_underflow  m_ws.l(dunder.o)
    0x080048a0   0x080048a0   0x00000006   Code   RO         5527    i.__mathlib_flt_infnan  m_ws.l(funder.o)
    0x080048a6   0x080048a6   0x00000004   Code   RO         5528    i.__mathlib_flt_infnan2  m_ws.l(funder.o)
    0x080048aa   0x080048aa   0x00000008   Code   RO         5529    i.__mathlib_flt_invalid  m_ws.l(funder.o)
    0x080048b2   0x080048b2   0x0000000a   Code   RO         5532    i.__mathlib_flt_underflow  m_ws.l(funder.o)
    0x080048bc   0x080048bc   0x00000168   Code   RO         5548    i.__mathlib_rredf2  m_ws.l(rredf.o)
    0x08004a24   0x08004a24   0x0000000e   Code   RO         5614    i.__scatterload_copy  mc_w.l(handlers.o)
    0x08004a32   0x08004a32   0x00000002   Code   RO         5615    i.__scatterload_null  mc_w.l(handlers.o)
    0x08004a34   0x08004a34   0x0000000e   Code   RO         5616    i.__scatterload_zeroinit  mc_w.l(handlers.o)
    0x08004a42   0x08004a42   0x00000002   PAD
    0x08004a44   0x08004a44   0x0000000c   Code   RO         5584    i.__set_errno       mc_w.l(errno.o)
    0x08004a50   0x08004a50   0x00000184   Code   RO         5440    i._fp_digits        mc_w.l(printfa.o)
    0x08004bd4   0x08004bd4   0x000006b4   Code   RO         5441    i._printf_core      mc_w.l(printfa.o)
    0x08005288   0x08005288   0x00000024   Code   RO         5442    i._printf_post_padding  mc_w.l(printfa.o)
    0x080052ac   0x080052ac   0x0000002e   Code   RO         5443    i._printf_pre_padding  mc_w.l(printfa.o)
    0x080052da   0x080052da   0x00000016   Code   RO         5444    i._snputc           mc_w.l(printfa.o)
    0x080052f0   0x080052f0   0x00000270   Code   RO         5118    i.asin              m_ws.l(asin.o)
    0x08005560   0x08005560   0x00000220   Code   RO         5496    i.atan              m_ws.l(atan.o)
    0x08005780   0x08005780   0x0000019c   Code   RO         5128    i.atan2             m_ws.l(atan2.o)
    0x0800591c   0x0800591c   0x000002a4   Code   RO         5136    i.atan2f            m_ws.l(atan2f.o)
    0x08005bc0   0x08005bc0   0x000000b4   Code   RO         4649    i.classify_data_by_bytes  data_protocol.o
    0x08005c74   0x08005c74   0x0000017c   Code   RO         5144    i.cosf              m_ws.l(cosf.o)
    0x08005df0   0x08005df0   0x00000026   Code   RO          551    i.debug_printf      usart.o
    0x08005e16   0x08005e16   0x00000002   PAD
    0x08005e18   0x08005e18   0x00000218   Code   RO           16    i.decision_task     main.o
    0x08006030   0x08006030   0x00000028   Code   RO         5183    i.fminf             m_ws.l(fminf.o)
    0x08006058   0x08006058   0x0000002a   Code   RO         5037    i.getEncoderDelta   motor.o
    0x08006082   0x08006082   0x00000002   PAD
    0x08006084   0x08006084   0x0000006c   Code   RO         5038    i.getWheelSpeed     motor.o
    0x080060f0   0x080060f0   0x00000034   Code   RO         4562    i.invSqrt           mymath.o
    0x08006124   0x08006124   0x00000020   Code   RO           21    i.led2_task         main.o
    0x08006144   0x08006144   0x00000044   Code   RO         5039    i.leftMotorControl  motor.o
    0x08006188   0x08006188   0x00000020   Code   RO         5040    i.leftWheelSpeed    motor.o
    0x080061a8   0x080061a8   0x000001a8   Code   RO           22    i.main              main.o
    0x08006350   0x08006350   0x00000030   Code   RO         5041    i.motorInit         motor.o
    0x08006380   0x08006380   0x00000124   Code   RO           23    i.motor_task        main.o
    0x080064a4   0x080064a4   0x0000002c   Code   RO           24    i.mpu6050_task      main.o
    0x080064d0   0x080064d0   0x00000030   Code   RO         4650    i.openmv_send_command  data_protocol.o
    0x08006500   0x08006500   0x00000048   Code   RO           26    i.openmv_task       main.o
    0x08006548   0x08006548   0x00000088   Code   RO         4022    i.prvAddCurrentTaskToDelayedList  tasks.o
    0x080065d0   0x080065d0   0x000000f0   Code   RO         4023    i.prvAddNewTaskToReadyList  tasks.o
    0x080066c0   0x080066c0   0x00000014   Code   RO         4024    i.prvDeleteTCB      tasks.o
    0x080066d4   0x080066d4   0x00000044   Code   RO         4385    i.prvHeapInit       heap_4.o
    0x08006718   0x08006718   0x00000060   Code   RO         4025    i.prvIdleTask       tasks.o
    0x08006778   0x08006778   0x00000070   Code   RO         4026    i.prvInitialiseNewTask  tasks.o
    0x080067e8   0x080067e8   0x0000004c   Code   RO         4386    i.prvInsertBlockIntoFreeList  heap_4.o
    0x08006834   0x08006834   0x0000001c   Code   RO         4027    i.prvResetNextTaskUnblockTime  tasks.o
    0x08006850   0x08006850   0x00000010   Code   RO         4315    i.prvTaskExitError  port.o
    0x08006860   0x08006860   0x000000a4   Code   RO         4388    i.pvPortMalloc      heap_4.o
    0x08006904   0x08006904   0x00000024   Code   RO         4316    i.pxPortInitialiseStack  port.o
    0x08006928   0x08006928   0x00000044   Code   RO         5043    i.rightMotorControl  motor.o
    0x0800696c   0x0800696c   0x00000020   Code   RO         5044    i.rightWheelSpeed   motor.o
    0x0800698c   0x0800698c   0x00000038   Code   RO           27    i.servo_task        main.o
    0x080069c4   0x080069c4   0x00000188   Code   RO         5160    i.sinf              m_ws.l(sinf.o)
    0x08006b4c   0x08006b4c   0x0000004c   Code   RO         5168    i.sqrt              m_ws.l(sqrt.o)
    0x08006b98   0x08006b98   0x0000002c   Code   RO         5176    i.sqrtf             m_ws.l(sqrtf.o)
    0x08006bc4   0x08006bc4   0x0000013c   Code   RO           28    i.state_update_task  main.o
    0x08006d00   0x08006d00   0x0000002c   Code   RO          552    i.uart_init         usart.o
    0x08006d2c   0x08006d2c   0x00000058   Code   RO           29    i.usart_task        main.o
    0x08006d84   0x08006d84   0x00000026   Code   RO         3612    i.uxListRemove      list.o
    0x08006daa   0x08006daa   0x00000002   Code   RO           31    i.vApplicationMallocFailedHook  main.o
    0x08006dac   0x08006dac   0x00000002   Code   RO           32    i.vApplicationStackOverflowHook  main.o
    0x08006dae   0x08006dae   0x00000016   Code   RO         3613    i.vListInitialise   list.o
    0x08006dc4   0x08006dc4   0x00000006   Code   RO         3614    i.vListInitialiseItem  list.o
    0x08006dca   0x08006dca   0x00000030   Code   RO         3615    i.vListInsert       list.o
    0x08006dfa   0x08006dfa   0x00000002   PAD
    0x08006dfc   0x08006dfc   0x0000001c   Code   RO         4318    i.vPortEnterCritical  port.o
    0x08006e18   0x08006e18   0x00000014   Code   RO         4319    i.vPortExitCritical  port.o
    0x08006e2c   0x08006e2c   0x00000044   Code   RO         4389    i.vPortFree         heap_4.o
    0x08006e70   0x08006e70   0x00000018   Code   RO         4320    i.vPortSetupTimerInterrupt  port.o
    0x08006e88   0x08006e88   0x00000030   Code   RO         4035    i.vTaskDelay        tasks.o
    0x08006eb8   0x08006eb8   0x00000050   Code   RO         4047    i.vTaskStartScheduler  tasks.o
    0x08006f08   0x08006f08   0x00000010   Code   RO         4049    i.vTaskSuspendAll   tasks.o
    0x08006f18   0x08006f18   0x0000005c   Code   RO         4050    i.vTaskSwitchContext  tasks.o
    0x08006f74   0x08006f74   0x00000056   Code   RO         4512    i.vectorFilter      filter.o
    0x08006fca   0x08006fca   0x00000002   PAD
    0x08006fcc   0x08006fcc   0x00000030   Code   RO         4321    i.xPortStartScheduler  port.o
    0x08006ffc   0x08006ffc   0x0000002c   Code   RO         4322    i.xPortSysTickHandler  port.o
    0x08007028   0x08007028   0x0000005c   Code   RO         4053    i.xTaskCreate       tasks.o
    0x08007084   0x08007084   0x00000058   Code   RO         4054    i.xTaskDelayUntil   tasks.o
    0x080070dc   0x080070dc   0x0000000c   Code   RO         4059    i.xTaskGetCurrentTaskHandle  tasks.o
    0x080070e8   0x080070e8   0x0000000c   Code   RO         4060    i.xTaskGetTickCount  tasks.o
    0x080070f4   0x080070f4   0x00000124   Code   RO         4062    i.xTaskIncrementTick  tasks.o
    0x08007218   0x08007218   0x00000118   Code   RO         4064    i.xTaskResumeAll    tasks.o
    0x08007330   0x08007330   0x000000e8   Data   RO           35    .constdata          main.o
    0x08007418   0x08007418   0x00000012   Data   RO         1452    .constdata          stm32f1xx_hal_rcc.o
    0x0800742a   0x0800742a   0x00000010   Data   RO         3579    .constdata          system_stm32f1xx.o
    0x0800743a   0x0800743a   0x00000008   Data   RO         3580    .constdata          system_stm32f1xx.o
    0x08007442   0x08007442   0x00000006   PAD
    0x08007448   0x08007448   0x00000050   Data   RO         5119    .constdata          m_ws.l(asin.o)
    0x08007498   0x08007498   0x00000098   Data   RO         5497    .constdata          m_ws.l(atan.o)
    0x08007530   0x08007530   0x00000008   Data   RO         5542    .constdata          m_ws.l(qnan.o)
    0x08007538   0x08007538   0x00000020   Data   RO         5549    .constdata          m_ws.l(rredf.o)
    0x08007558   0x08007558   0x00000012   Data   RO           36    .conststring        main.o
    0x0800756a   0x0800756a   0x00000002   PAD
    0x0800756c   0x0800756c   0x00000012   Data   RO         4653    .conststring        data_protocol.o
    0x0800757e   0x0800757e   0x00000002   PAD
    0x08007580   0x08007580   0x00000020   Data   RO         5612    Region$$Table       anon$$obj.o


    Execution Region RW_IRAM1 (Exec base: 0x20000000, Load base: 0x080075a0, Size: 0x000033c0, Max: 0x00005000, ABSOLUTE, COMPRESSED[0x00000058])

    Exec Addr    Load Addr    Size         Type   Attr      Idx    E Section Name        Object

    0x20000000   COMPRESSED   0x00000050   Data   RW           37    .data               main.o
    0x20000050   COMPRESSED   0x0000000c   Data   RW         1289    .data               stm32f1xx_hal.o
    0x2000005c   COMPRESSED   0x00000004   Data   RW         3581    .data               system_stm32f1xx.o
    0x20000060   COMPRESSED   0x00000040   Data   RW         4067    .data               tasks.o
    0x200000a0   COMPRESSED   0x00000004   Data   RW         4323    .data               port.o
    0x200000a4   COMPRESSED   0x0000001c   Data   RW         4395    .data               heap_4.o
    0x200000c0   COMPRESSED   0x00000010   Data   RW         4655    .data               data_protocol.o
    0x200000d0   COMPRESSED   0x00000002   Data   RW         4656    .data               data_protocol.o
    0x200000d2   COMPRESSED   0x00000002   PAD
    0x200000d4   COMPRESSED   0x0000007c   Data   RW         4919    .data               mpu6050.o
    0x20000150   COMPRESSED   0x0000001c   Data   RW         4998    .data               imu.o
    0x2000016c   COMPRESSED   0x00000004   Data   RW         5048    .data               motor.o
    0x20000170   COMPRESSED   0x00000004   Data   RW         5049    .data               motor.o
    0x20000174   COMPRESSED   0x00000004   Data   RW         5050    .data               motor.o
    0x20000178   COMPRESSED   0x00000004   Data   RW         5051    .data               motor.o
    0x2000017c   COMPRESSED   0x00000020   Data   RW         5052    .data               motor.o
    0x2000019c   COMPRESSED   0x00000004   Data   RW         5585    .data               mc_w.l(errno.o)
    0x200001a0        -       0x000000d8   Zero   RW           33    .bss                main.o
    0x20000278        -       0x00000054   Zero   RW          419    .bss                i2c.o
    0x200002cc        -       0x000000d8   Zero   RW          468    .bss                tim.o
    0x200003a4        -       0x00000250   Zero   RW          553    .bss                usart.o
    0x200005f4        -       0x00000048   Zero   RW          755    .bss                stm32f1xx_hal_timebase_tim.o
    0x2000063c        -       0x000000dc   Zero   RW         4066    .bss                tasks.o
    0x20000718        -       0x00002800   Zero   RW         4394    .bss                heap_4.o
    0x20002f18        -       0x0000000e   Zero   RW         4652    .bss                data_protocol.o
    0x20002f26   COMPRESSED   0x00000002   PAD
    0x20002f28        -       0x0000000c   Zero   RW         4915    .bss                mpu6050.o
    0x20002f34        -       0x0000000c   Zero   RW         4991    .bss                imu.o
    0x20002f40        -       0x00000018   Zero   RW         4992    .bss                imu.o
    0x20002f58        -       0x00000018   Zero   RW         5045    .bss                motor.o
    0x20002f70        -       0x00000028   Zero   RW         5046    .bss                motor.o
    0x20002f98        -       0x00000028   Zero   RW         5047    .bss                motor.o
    0x20002fc0        -       0x00000400   Zero   RW            1    STACK               startup_stm32f103xb.o


==============================================================================

Image component sizes


      Code (inc. data)   RO Data    RW Data    ZI Data      Debug   Object Name

       396         22         18         18         14       2969   data_protocol.o
        60          4          0          0          0        722   dma.o
       206          0          0          0          0       1571   filter.o
       172         12          0          0          0        927   gpio.o
       376         22          0         28      10240       4551   heap_4.o
       160         28          0          0         84       1545   i2c.o
      1140         54          0         28         36       2649   imu.o
       114          0          0          0          0       5065   list.o
      1982        352        250         80        216     465591   main.o
       398         70          0         48        104       4595   motor.o
      1076        200          0        124         12       5645   mpu6050.o
       422         12          0          0          0       5265   mutex_lock_and_message_queue.o
        52          4          0          0          0        558   mymath.o
       592         10          0          0          0       6156   pid.o
       366         44          0          4          0       8976   port.o
        38          0          0          0          0        811   servo.o
        36          8        236          0       1024        780   startup_stm32f103xb.o
       100         18          0         12          0       5094   stm32f1xx_hal.o
       158         14          0          0          0      28090   stm32f1xx_hal_cortex.o
       808         36          0          0          0       4838   stm32f1xx_hal_dma.o
       506         34          0          0          0       3413   stm32f1xx_hal_gpio.o
      2382         56          0          0          0      12750   stm32f1xx_hal_i2c.o
        60          8          0          0          0        826   stm32f1xx_hal_msp.o
      1304         94         18          0          0       5597   stm32f1xx_hal_rcc.o
      2042         56          0          0          0      17031   stm32f1xx_hal_tim.o
       192         12          0          0          0       3089   stm32f1xx_hal_tim_ex.o
       152         20          0          0         72       1415   stm32f1xx_hal_timebase_tim.o
      1950         38          0          0          0      15275   stm32f1xx_hal_uart.o
        80         22          0          0          0       5410   stm32f1xx_it.o
         2          0         24          4          0       1055   system_stm32f1xx.o
      1644        118          0         64        220      26882   tasks.o
       812         76          0          0        216       4838   tim.o
       490         46          0          0        592       4698   usart.o

    ----------------------------------------------------------------------
     20302       1490        588        412      12832     658677   Object Totals
         0          0         32          0          0          0   (incl. Generated)
        34          0         10          2          2          0   (incl. Padding)

    ----------------------------------------------------------------------

      Code (inc. data)   RO Data    RW Data    ZI Data      Debug   Library Member Name

       624         52         80          0          0        168   asin.o
       544         70        152          0          0        124   atan.o
       412         38          0          0          0        144   atan2.o
       676         78          0          0          0        116   atan2f.o
       380         52          0          0          0        124   cosf.o
        38          6          0          0          0        272   dunder.o
        40          0          0          0          0         80   fminf.o
        40          0          0          0          0         68   fpclassify.o
        38          0          0          0          0         68   fpclassifyf.o
        28          0          0          0          0        272   funder.o
       170          0          0          0          0         96   poly.o
         0          0          8          0          0          0   qnan.o
       360         16         32          0          0         88   rredf.o
       392         54          0          0          0        124   sinf.o
        76          0          0          0          0         84   sqrt.o
        44          0          0          0          0         80   sqrtf.o
        86          0          0          0          0          0   __dczerorl2.o
         0          0          0          0          0          0   entry.o
         0          0          0          0          0          0   entry10a.o
         0          0          0          0          0          0   entry11a.o
         4          0          0          0          0          0   entry12b.o
         8          4          0          0          0          0   entry2.o
         4          0          0          0          0          0   entry5.o
         0          0          0          0          0          0   entry7b.o
         0          0          0          0          0          0   entry8b.o
         8          4          0          0          0          0   entry9a.o
        12          6          0          4          0         68   errno.o
        30          0          0          0          0          0   handlers.o
        36          8          0          0          0         68   init.o
         0          0          0          0          0          0   iusefp.o
        30          0          0          0          0         68   llshl.o
        36          0          0          0          0         68   llsshr.o
        32          0          0          0          0         68   llushr.o
        36          0          0          0          0         68   memcpya.o
        36          0          0          0          0        108   memseta.o
      2260         86          0          0          0        528   printfa.o
        14          0          0          0          0         68   strlen.o
        44          0          0          0          0         80   uidiv.o
        98          0          0          0          0         92   uldiv.o
        48          0          0          0          0         68   cdcmple.o
        48          0          0          0          0         68   cdrcmple.o
        20          0          0          0          0         68   cfcmple.o
        20          0          0          0          0         68   cfrcmple.o
        56          0          0          0          0         88   d2f.o
       334          0          0          0          0        148   dadd.o
       222          0          0          0          0        100   ddiv.o
       186          0          0          0          0        176   depilogue.o
        48          0          0          0          0         68   dfixul.o
        34          0          0          0          0         76   dflti.o
       228          0          0          0          0         96   dmul.o
        46          0          0          0          0         80   dscalb.o
       162          0          0          0          0        100   dsqrt.o
        38          0          0          0          0         68   f2d.o
       176          0          0          0          0        140   fadd.o
        54          0          0          0          0         68   fcmp4.o
       124          0          0          0          0         88   fdiv.o
       110          0          0          0          0        168   fepilogue.o
        50          0          0          0          0         68   ffixi.o
        18          0          0          0          0         68   fflti.o
        10          0          0          0          0         68   ffltui.o
       100          0          0          0          0         76   fmul.o
        60          0          0          0          0         76   frnd.o
        24          0          0          0          0         68   fscalb.o
        94          0          0          0          0         96   fsqrt.o

    ----------------------------------------------------------------------
      8950        474        272          4          0       5448   Library Totals
         4          0          0          0          0          0   (incl. Padding)

    ----------------------------------------------------------------------

      Code (inc. data)   RO Data    RW Data    ZI Data      Debug   Library Name

      3862        366        272          0          0       1908   m_ws.l
      2774        108          0          4          0       1284   mc_w.l
      2310          0          0          0          0       2256   mf_w.l

    ----------------------------------------------------------------------
      8950        474        272          4          0       5448   Library Totals

    ----------------------------------------------------------------------

==============================================================================


      Code (inc. data)   RO Data    RW Data    ZI Data      Debug   

     29252       1964        860        416      12832     651305   Grand Totals
     29252       1964        860         88      12832     651305   ELF Image Totals (compressed)
     29252       1964        860         88          0          0   ROM Totals

==============================================================================

    Total RO  Size (Code + RO Data)                30112 (  29.41kB)
    Total RW  Size (RW Data + ZI Data)             13248 (  12.94kB)
    Total ROM Size (Code + RO Data + RW Data)      30200 (  29.49kB)

==============================================================================

