Component: ARM Compiler 5.06 update 7 (build 960) Tool: armlink [4d3601]

==============================================================================

Section Cross References

    startup_stm32f103xb.o(STACK) refers (Special) to heapauxi.o(.text) for __use_two_region_memory
    startup_stm32f103xb.o(HEAP) refers (Special) to heapauxi.o(.text) for __use_two_region_memory
    startup_stm32f103xb.o(RESET) refers (Special) to heapauxi.o(.text) for __use_two_region_memory
    startup_stm32f103xb.o(RESET) refers to startup_stm32f103xb.o(STACK) for __initial_sp
    startup_stm32f103xb.o(RESET) refers to startup_stm32f103xb.o(.text) for Reset_Handler
    startup_stm32f103xb.o(RESET) refers to stm32f1xx_it.o(i.NMI_Handler) for NMI_Handler
    startup_stm32f103xb.o(RESET) refers to stm32f1xx_it.o(i.HardFault_Handler) for HardFault_Handler
    startup_stm32f103xb.o(RESET) refers to stm32f1xx_it.o(i.MemManage_Handler) for MemManage_Handler
    startup_stm32f103xb.o(RESET) refers to stm32f1xx_it.o(i.BusFault_Handler) for BusFault_Handler
    startup_stm32f103xb.o(RESET) refers to stm32f1xx_it.o(i.UsageFault_Handler) for UsageFault_Handler
    startup_stm32f103xb.o(RESET) refers to stm32f1xx_it.o(i.SVC_Handler) for SVC_Handler
    startup_stm32f103xb.o(RESET) refers to stm32f1xx_it.o(i.DebugMon_Handler) for DebugMon_Handler
    startup_stm32f103xb.o(RESET) refers to stm32f1xx_it.o(i.PendSV_Handler) for PendSV_Handler
    startup_stm32f103xb.o(RESET) refers to stm32f1xx_it.o(i.SysTick_Handler) for SysTick_Handler
    startup_stm32f103xb.o(RESET) refers to stm32f1xx_it.o(i.TIM4_IRQHandler) for TIM4_IRQHandler
    startup_stm32f103xb.o(.text) refers (Special) to heapauxi.o(.text) for __use_two_region_memory
    startup_stm32f103xb.o(.text) refers to system_stm32f1xx.o(i.SystemInit) for SystemInit
    startup_stm32f103xb.o(.text) refers to __main.o(!!!main) for __main
    startup_stm32f103xb.o(.text) refers to startup_stm32f103xb.o(HEAP) for Heap_Mem
    startup_stm32f103xb.o(.text) refers to startup_stm32f103xb.o(STACK) for Stack_Mem
    main.o(i.HAL_TIM_PeriodElapsedCallback) refers to stm32f1xx_hal.o(i.HAL_IncTick) for HAL_IncTick
    main.o(i.MX_GPIO_Init) refers to stm32f1xx_hal_gpio.o(i.HAL_GPIO_WritePin) for HAL_GPIO_WritePin
    main.o(i.MX_GPIO_Init) refers to stm32f1xx_hal_gpio.o(i.HAL_GPIO_Init) for HAL_GPIO_Init
    main.o(i.MX_TIM1_Init) refers to rt_memclr_w.o(.text) for __aeabi_memclr4
    main.o(i.MX_TIM1_Init) refers to stm32f1xx_hal_tim.o(i.HAL_TIM_Base_Init) for HAL_TIM_Base_Init
    main.o(i.MX_TIM1_Init) refers to stm32f1xx_hal_tim.o(i.HAL_TIM_ConfigClockSource) for HAL_TIM_ConfigClockSource
    main.o(i.MX_TIM1_Init) refers to stm32f1xx_hal_tim.o(i.HAL_TIM_PWM_Init) for HAL_TIM_PWM_Init
    main.o(i.MX_TIM1_Init) refers to stm32f1xx_hal_tim_ex.o(i.HAL_TIMEx_MasterConfigSynchronization) for HAL_TIMEx_MasterConfigSynchronization
    main.o(i.MX_TIM1_Init) refers to stm32f1xx_hal_tim.o(i.HAL_TIM_PWM_ConfigChannel) for HAL_TIM_PWM_ConfigChannel
    main.o(i.MX_TIM1_Init) refers to stm32f1xx_hal_tim_ex.o(i.HAL_TIMEx_ConfigBreakDeadTime) for HAL_TIMEx_ConfigBreakDeadTime
    main.o(i.MX_TIM1_Init) refers to stm32f1xx_hal_msp.o(i.HAL_TIM_MspPostInit) for HAL_TIM_MspPostInit
    main.o(i.MX_TIM1_Init) refers to main.o(.bss) for .bss
    main.o(i.SystemClock_Config) refers to rt_memclr_w.o(.text) for __aeabi_memclr4
    main.o(i.SystemClock_Config) refers to stm32f1xx_hal_rcc.o(i.HAL_RCC_OscConfig) for HAL_RCC_OscConfig
    main.o(i.SystemClock_Config) refers to stm32f1xx_hal_rcc.o(i.HAL_RCC_ClockConfig) for HAL_RCC_ClockConfig
    main.o(i.debug_printf) refers to vsnprintf.o(.text) for vsnprintf
    main.o(i.debug_printf) refers to strlen.o(.text) for strlen
    main.o(i.debug_printf) refers to stm32f1xx_hal_uart.o(i.HAL_UART_Transmit) for HAL_UART_Transmit
    main.o(i.debug_printf) refers to main.o(.bss) for .bss
    main.o(i.filter_task) refers to dmul.o(x$fpl$dmul) for __aeabi_dmul
    main.o(i.filter_task) refers to sin.o(i.sin) for sin
    main.o(i.filter_task) refers to daddsub_clz.o(x$fpl$dadd) for __aeabi_dadd
    main.o(i.filter_task) refers to filter.o(i.Median_Filter) for Median_Filter
    main.o(i.filter_task) refers to main.o(i.debug_printf) for debug_printf
    main.o(i.filter_task) refers to tasks.o(i.vTaskDelay) for vTaskDelay
    main.o(i.filter_task) refers to main.o(.data) for .data
    main.o(i.filter_task) refers to main.o(.bss) for .bss
    main.o(i.led1_task) refers to stm32f1xx_hal_gpio.o(i.HAL_GPIO_TogglePin) for HAL_GPIO_TogglePin
    main.o(i.led1_task) refers to tasks.o(i.vTaskDelay) for vTaskDelay
    main.o(i.led2_task) refers to stm32f1xx_hal_gpio.o(i.HAL_GPIO_TogglePin) for HAL_GPIO_TogglePin
    main.o(i.led2_task) refers to tasks.o(i.vTaskDelay) for vTaskDelay
    main.o(i.main) refers to stm32f1xx_hal.o(i.HAL_Init) for HAL_Init
    main.o(i.main) refers to main.o(i.SystemClock_Config) for SystemClock_Config
[...]
    xMinimumEverFreeBytesRemaining           0x2000008c   Data           4  heap_4.o(.data)
    xNumberOfSuccessfulAllocations           0x20000090   Data           4  heap_4.o(.data)
    xNumberOfSuccessfulFrees                 0x20000094   Data           4  heap_4.o(.data)
    xStart                                   0x20000098   Data           8  heap_4.o(.data)
    .bss                                     0x200000a0   Section      320  main.o(.bss)
    .bss                                     0x200001e0   Section       72  stm32f1xx_hal_timebase_tim.o(.bss)
    .bss                                     0x20000228   Section      200  tasks.o(.bss)
    pxReadyTasksLists                        0x20000228   Data         100  tasks.o(.bss)
    xDelayedTaskList1                        0x2000028c   Data          20  tasks.o(.bss)
    xDelayedTaskList2                        0x200002a0   Data          20  tasks.o(.bss)
    xPendingReadyList                        0x200002b4   Data          20  tasks.o(.bss)
    xTasksWaitingTermination                 0x200002c8   Data          20  tasks.o(.bss)
    xSuspendedTaskList                       0x200002dc   Data          20  tasks.o(.bss)
    .bss                                     0x200002f0   Section    10240  heap_4.o(.bss)
    ucHeap                                   0x200002f0   Data       10240  heap_4.o(.bss)
    .bss                                     0x20002af0   Section     1072  oled.o(.bss)
    buffer                                   0x20002af0   Data          16  oled.o(.bss)
    buffer                                   0x20002b00   Data          16  oled.o(.bss)
    OLED_RAM                                 0x20002b10   Data        1040  oled.o(.bss)
    .bss                                     0x20002f20   Section       96  libspace.o(.bss)
    HEAP                                     0x20002f80   Section      512  startup_stm32f103xb.o(HEAP)
    Heap_Mem                                 0x20002f80   Data         512  startup_stm32f103xb.o(HEAP)
    STACK                                    0x20003180   Section     1024  startup_stm32f103xb.o(STACK)
    Stack_Mem                                0x20003180   Data        1024  startup_stm32f103xb.o(STACK)
    __initial_sp                             0x20003580   Data           0  startup_stm32f103xb.o(STACK)

    Global Symbols

    Symbol Name                              Value     Ov Type        Size  Object(Section)

    BuildAttributes$$THM_ISAv4$P$D$K$B$S$PE$A:L22UL41UL21$X:L11$S22US41US21$IEEE1$IW$USESV6$~STKCKD$USESV7$~SHL$OTIME$ROPI$IEEEX$EBA8$UX$STANDARDLIB$REQ8$PRES8$EABIv2 0x00000000   Number         0  anon$$obj.o ABSOLUTE
    __ARM_use_no_argv                        0x00000000   Number         0  main.o ABSOLUTE
    _printf_flags                            0x00000000   Number         0  printf_stubs.o ABSOLUTE
    _printf_return_value                     0x00000000   Number         0  printf_stubs.o ABSOLUTE
    _printf_sizespec                         0x00000000   Number         0  printf_stubs.o ABSOLUTE
    _printf_widthprec                        0x00000000   Number         0  printf_stubs.o ABSOLUTE
    __ARM_exceptions_init                     - Undefined Weak Reference
    __alloca_initialize                       - Undefined Weak Reference
    __arm_fini_                               - Undefined Weak Reference
    __arm_preinit_                            - Undefined Weak Reference
    __cpp_initialize__aeabi_                  - Undefined Weak Reference
    __cxa_finalize                            - Undefined Weak Reference
    __sigvec_lookup                           - Undefined Weak Reference
    _atexit_init                              - Undefined Weak Reference
    _call_atexit_fns                          - Undefined Weak Reference
    _clock_init                               - Undefined Weak Reference
    _fp_trap_init                             - Undefined Weak Reference
    _fp_trap_shutdown                         - Undefined Weak Reference
    _get_lc_collate                           - Undefined Weak Reference
    _get_lc_monetary                          - Undefined Weak Reference
    _get_lc_time                              - Undefined Weak Reference
    _getenv_init                              - Undefined Weak Reference
    _handle_redirection                       - Undefined Weak Reference
    _init_alloc                               - Undefined Weak Reference
    _init_user_alloc                          - Undefined Weak Reference
    _initio                                   - Undefined Weak Reference
    _printf_mbtowc                            - Undefined Weak Reference
    _printf_wc                                - Undefined Weak Reference
    _rand_init                                - Undefined Weak Reference
    _signal_finish                            - Undefined Weak Reference
    _signal_init                              - Undefined Weak Reference
    _terminate_alloc                          - Undefined Weak Reference
    _terminate_user_alloc                     - Undefined Weak Reference
    _terminateio                              - Undefined Weak Reference
    __Vectors_Size                           0x000000ec   Number         0  startup_stm32f103xb.o ABSOLUTE
    __Vectors                                0x08000000   Data           4  startup_stm32f103xb.o(RESET)
    __Vectors_End                            0x080000ec   Data           0  startup_stm32f103xb.o(RESET)
    __main                                   0x080000ed   Thumb Code     8  __main.o(!!!main)
    __scatterload                            0x080000f5   Thumb Code     0  __scatter.o(!!!scatter)
    __scatterload_rt2                        0x080000f5   Thumb Code    44  __scatter.o(!!!scatter)
    __scatterload_rt2_thumb_only             0x080000f5   Thumb Code     0  __scatter.o(!!!scatter)
    __scatterload_null                       0x08000103   Thumb Code     0  __scatter.o(!!!scatter)
    __scatterload_copy                       0x08000129   Thumb Code    26  __scatter_copy.o(!!handler_copy)
    __scatterload_zeroinit                   0x08000145   Thumb Code    28  __scatter_zi.o(!!handler_zi)
    _printf_n                                0x08000161   Thumb Code     0  _printf_n.o(.ARM.Collect$$_printf_percent$$00000001)
    _printf_percent                          0x08000161   Thumb Code     0  _printf_percent.o(.ARM.Collect$$_printf_percent$$00000000)
    _printf_p                                0x08000167   Thumb Code     0  _printf_p.o(.ARM.Collect$$_printf_percent$$00000002)
    _printf_f                                0x0800016d   Thumb Code     0  _printf_f.o(.ARM.Collect$$_printf_percent$$00000003)
    _printf_e                                0x08000173   Thumb Code     0  _printf_e.o(.ARM.Collect$$_printf_percent$$00000004)
    _printf_g                                0x08000179   Thumb Code     0  _printf_g.o(.ARM.Collect$$_printf_percent$$00000005)
    _printf_a                                0x0800017f   Thumb Code     0  _printf_a.o(.ARM.Collect$$_printf_percent$$00000006)
    _printf_ll                               0x08000185   Thumb Code     0  _printf_ll.o(.ARM.Collect$$_printf_percent$$00000007)
    _printf_i                                0x0800018f   Thumb Code     0  _printf_i.o(.ARM.Collect$$_printf_percent$$00000008)
    _printf_d                                0x08000195   Thumb Code     0  _printf_d.o(.ARM.Collect$$_printf_percent$$00000009)
    _printf_u                                0x0800019b   Thumb Code     0  _printf_u.o(.ARM.Collect$$_printf_percent$$0000000A)
    _printf_o                                0x080001a1   Thumb Code     0  _printf_o.o(.ARM.Collect$$_printf_percent$$0000000B)
    _printf_x                                0x080001a7   Thumb Code     0  _printf_x.o(.ARM.Collect$$_printf_percent$$0000000C)
    _printf_lli                              0x080001ad   Thumb Code     0  _printf_lli.o(.ARM.Collect$$_printf_percent$$0000000D)
    _printf_lld                              0x080001b3   Thumb Code     0  _printf_lld.o(.ARM.Collect$$_printf_percent$$0000000E)
    _printf_llu                              0x080001b9   Thumb Code     0  _printf_llu.o(.ARM.Collect$$_printf_percent$$0000000F)
    _printf_llo                              0x080001bf   Thumb Code     0  _printf_llo.o(.ARM.Collect$$_printf_percent$$00000010)
    _printf_llx                              0x080001c5   Thumb Code     0  _printf_llx.o(.ARM.Collect$$_printf_percent$$00000011)
    _printf_l                                0x080001cb   Thumb Code     0  _printf_l.o(.ARM.Collect$$_printf_percent$$00000012)
    _printf_c                                0x080001d5   Thumb Code     0  _printf_c.o(.ARM.Collect$$_printf_percent$$00000013)
    _printf_s                                0x080001db   Thumb Code     0  _printf_s.o(.ARM.Collect$$_printf_percent$$00000014)
    _printf_lc                               0x080001e1   Thumb Code     0  _printf_lc.o(.ARM.Collect$$_printf_percent$$00000015)
    _printf_ls                               0x080001e7   Thumb Code     0  _printf_ls.o(.ARM.Collect$$_printf_percent$$00000016)
    _printf_percent_end                      0x080001ed   Thumb Code     0  _printf_percent_end.o(.ARM.Collect$$_printf_percent$$00000017)
    __rt_lib_init                            0x080001f1   Thumb Code     0  libinit.o(.ARM.Collect$$libinit$$00000000)
    __rt_lib_init_fp_1                       0x080001f3   Thumb Code     0  libinit2.o(.ARM.Collect$$libinit$$00000002)
    __rt_lib_init_heap_1                     0x080001f3   Thumb Code     0  libinit2.o(.ARM.Collect$$libinit$$0000000A)
    __rt_lib_init_lc_common                  0x080001f3   Thumb Code     0  libinit2.o(.ARM.Collect$$libinit$$0000000F)
    __rt_lib_init_preinit_1                  0x080001f3   Thumb Code     0  libinit2.o(.ARM.Collect$$libinit$$00000004)
    __rt_lib_init_rand_1                     0x080001f3   Thumb Code     0  libinit2.o(.ARM.Collect$$libinit$$0000000E)
    __rt_lib_init_user_alloc_1               0x080001f3   Thumb Code     0  libinit2.o(.ARM.Collect$$libinit$$0000000C)
    __rt_lib_init_lc_collate_1               0x080001f9   Thumb Code     0  libinit2.o(.ARM.Collect$$libinit$$00000011)
    __rt_lib_init_lc_ctype_2                 0x080001f9   Thumb Code     0  libinit2.o(.ARM.Collect$$libinit$$00000012)
    __rt_lib_init_lc_ctype_1                 0x08000205   Thumb Code     0  libinit2.o(.ARM.Collect$$libinit$$00000013)
    __rt_lib_init_lc_monetary_1              0x08000205   Thumb Code     0  libinit2.o(.ARM.Collect$$libinit$$00000015)
    __rt_lib_init_lc_numeric_2               0x08000205   Thumb Code     0  libinit2.o(.ARM.Collect$$libinit$$00000016)
    __rt_lib_init_alloca_1                   0x0800020f   Thumb Code     0  libinit2.o(.ARM.Collect$$libinit$$0000002E)
    __rt_lib_init_argv_1                     0x0800020f   Thumb Code     0  libinit2.o(.ARM.Collect$$libinit$$0000002C)
    __rt_lib_init_atexit_1                   0x0800020f   Thumb Code     0  libinit2.o(.ARM.Collect$$libinit$$0000001B)
    __rt_lib_init_clock_1                    0x0800020f   Thumb Code     0  libinit2.o(.ARM.Collect$$libinit$$00000021)
    __rt_lib_init_cpp_1                      0x0800020f   Thumb Code     0  libinit2.o(.ARM.Collect$$libinit$$00000032)
    __rt_lib_init_exceptions_1               0x0800020f   Thumb Code     0  libinit2.o(.ARM.Collect$$libinit$$00000030)
    __rt_lib_init_fp_trap_1                  0x0800020f   Thumb Code     0  libinit2.o(.ARM.Collect$$libinit$$0000001F)
    __rt_lib_init_getenv_1                   0x0800020f   Thumb Code     0  libinit2.o(.ARM.Collect$$libinit$$00000023)
    __rt_lib_init_lc_numeric_1               0x0800020f   Thumb Code     0  libinit2.o(.ARM.Collect$$libinit$$00000017)
    __rt_lib_init_lc_time_1                  0x0800020f   Thumb Code     0  libinit2.o(.ARM.Collect$$libinit$$00000019)
    __rt_lib_init_return                     0x0800020f   Thumb Code     0  libinit2.o(.ARM.Collect$$libinit$$00000033)
    __rt_lib_init_signal_1                   0x0800020f   Thumb Code     0  libinit2.o(.ARM.Collect$$libinit$$0000001D)
    __rt_lib_init_stdio_1                    0x0800020f   Thumb Code     0  libinit2.o(.ARM.Collect$$libinit$$00000025)
    __rt_lib_shutdown                        0x08000211   Thumb Code     0  libshutdown.o(.ARM.Collect$$libshutdown$$00000000)
    __rt_lib_shutdown_cpp_1                  0x08000213   Thumb Code     0  libshutdown2.o(.ARM.Collect$$libshutdown$$00000004)
    __rt_lib_shutdown_fini_1                 0x08000213   Thumb Code     0  libshutdown2.o(.ARM.Collect$$libshutdown$$00000002)
    __rt_lib_shutdown_fp_trap_1              0x08000213   Thumb Code     0  libshutdown2.o(.ARM.Collect$$libshutdown$$00000009)
    __rt_lib_shutdown_heap_1                 0x08000213   Thumb Code     0  libshutdown2.o(.ARM.Collect$$libshutdown$$00000011)
    __rt_lib_shutdown_return                 0x08000213   Thumb Code     0  libshutdown2.o(.ARM.Collect$$libshutdown$$00000012)
    __rt_lib_shutdown_signal_1               0x08000213   Thumb Code     0  libshutdown2.o(.ARM.Collect$$libshutdown$$0000000C)
    __rt_lib_shutdown_stdio_1                0x08000213   Thumb Code     0  libshutdown2.o(.ARM.Collect$$libshutdown$$00000006)
    __rt_lib_shutdown_user_alloc_1           0x08000213   Thumb Code     0  libshutdown2.o(.ARM.Collect$$libshutdown$$0000000E)
    __rt_entry                               0x08000215   Thumb Code     0  __rtentry.o(.ARM.Collect$$rtentry$$00000000)
    __rt_entry_presh_1                       0x08000215   Thumb Code     0  __rtentry2.o(.ARM.Collect$$rtentry$$00000002)
    __rt_entry_sh                            0x08000215   Thumb Code     0  __rtentry4.o(.ARM.Collect$$rtentry$$00000004)
    __rt_entry_li                            0x0800021b   Thumb Code     0  __rtentry2.o(.ARM.Collect$$rtentry$$0000000A)
    __rt_entry_postsh_1                      0x0800021b   Thumb Code     0  __rtentry2.o(.ARM.Collect$$rtentry$$00000009)
    __rt_entry_main                          0x0800021f   Thumb Code     0  __rtentry2.o(.ARM.Collect$$rtentry$$0000000D)
    __rt_entry_postli_1                      0x0800021f   Thumb Code     0  __rtentry2.o(.ARM.Collect$$rtentry$$0000000C)
    __rt_exit                                0x08000227   Thumb Code     0  rtexit.o(.ARM.Collect$$rtexit$$00000000)
    __rt_exit_ls                             0x08000229   Thumb Code     0  rtexit2.o(.ARM.Collect$$rtexit$$00000003)
    __rt_exit_prels_1                        0x08000229   Thumb Code     0  rtexit2.o(.ARM.Collect$$rtexit$$00000002)
    __rt_exit_exit                           0x0800022d   Thumb Code     0  rtexit2.o(.ARM.Collect$$rtexit$$00000004)
    vPortSVCHandler                          0x08000235   Thumb Code    32  port.o(.emb_text)
    __asm___6_port_c_39a90d8d__prvStartFirstTask 0x08000259   Thumb Code    28  port.o(.emb_text)
    xPortPendSVHandler                       0x08000279   Thumb Code    72  port.o(.emb_text)
    vPortGetIPSR                             0x080002c5   Thumb Code     6  port.o(.emb_text)
    Reset_Handler                            0x080002cd   Thumb Code     8  startup_stm32f103xb.o(.text)
    ADC1_2_IRQHandler                        0x080002e7   Thumb Code     0  startup_stm32f103xb.o(.text)
    CAN1_RX1_IRQHandler                      0x080002e7   Thumb Code     0  startup_stm32f103xb.o(.text)
    CAN1_SCE_IRQHandler                      0x080002e7   Thumb Code     0  startup_stm32f103xb.o(.text)
    DMA1_Channel1_IRQHandler                 0x080002e7   Thumb Code     0  startup_stm32f103xb.o(.text)
    DMA1_Channel2_IRQHandler                 0x080002e7   Thumb Code     0  startup_stm32f103xb.o(.text)
    DMA1_Channel3_IRQHandler                 0x080002e7   Thumb Code     0  startup_stm32f103xb.o(.text)
    DMA1_Channel4_IRQHandler                 0x080002e7   Thumb Code     0  startup_stm32f103xb.o(.text)
    DMA1_Channel5_IRQHandler                 0x080002e7   Thumb Code     0  startup_stm32f103xb.o(.text)
    DMA1_Channel6_IRQHandler                 0x080002e7   Thumb Code     0  startup_stm32f103xb.o(.text)
    DMA1_Channel7_IRQHandler                 0x080002e7   Thumb Code     0  startup_stm32f103xb.o(.text)
    EXTI0_IRQHandler                         0x080002e7   Thumb Code     0  startup_stm32f103xb.o(.text)
    EXTI15_10_IRQHandler                     0x080002e7   Thumb Code     0  startup_stm32f103xb.o(.text)
    EXTI1_IRQHandler                         0x080002e7   Thumb Code     0  startup_stm32f103xb.o(.text)
    EXTI2_IRQHandler                         0x080002e7   Thumb Code     0  startup_stm32f103xb.o(.text)
    EXTI3_IRQHandler                         0x080002e7   Thumb Code     0  startup_stm32f103xb.o(.text)
    EXTI4_IRQHandler                         0x080002e7   Thumb Code     0  startup_stm32f103xb.o(.text)
    EXTI9_5_IRQHandler                       0x080002e7   Thumb Code     0  startup_stm32f103xb.o(.text)
    FLASH_IRQHandler                         0x080002e7   Thumb Code     0  startup_stm32f103xb.o(.text)
    I2C1_ER_IRQHandler                       0x080002e7   Thumb Code     0  startup_stm32f103xb.o(.text)
    I2C1_EV_IRQHandler                       0x080002e7   Thumb Code     0  startup_stm32f103xb.o(.text)
    I2C2_ER_IRQHandler                       0x080002e7   Thumb Code     0  startup_stm32f103xb.o(.text)
    I2C2_EV_IRQHandler                       0x080002e7   Thumb Code     0  startup_stm32f103xb.o(.text)
    PVD_IRQHandler                           0x080002e7   Thumb Code     0  startup_stm32f103xb.o(.text)
    RCC_IRQHandler                           0x080002e7   Thumb Code     0  startup_stm32f103xb.o(.text)
    RTC_Alarm_IRQHandler                     0x080002e7   Thumb Code     0  startup_stm32f103xb.o(.text)
    RTC_IRQHandler                           0x080002e7   Thumb Code     0  startup_stm32f103xb.o(.text)
    SPI1_IRQHandler                          0x080002e7   Thumb Code     0  startup_stm32f103xb.o(.text)
    SPI2_IRQHandler                          0x080002e7   Thumb Code     0  startup_stm32f103xb.o(.text)
    TAMPER_IRQHandler                        0x080002e7   Thumb Code     0  startup_stm32f103xb.o(.text)
    TIM1_BRK_IRQHandler                      0x080002e7   Thumb Code     0  startup_stm32f103xb.o(.text)
    TIM1_CC_IRQHandler                       0x080002e7   Thumb Code     0  startup_stm32f103xb.o(.text)
    TIM1_TRG_COM_IRQHandler                  0x080002e7   Thumb Code     0  startup_stm32f103xb.o(.text)
    TIM1_UP_IRQHandler                       0x080002e7   Thumb Code     0  startup_stm32f103xb.o(.text)
    TIM2_IRQHandler                          0x080002e7   Thumb Code     0  startup_stm32f103xb.o(.text)
    TIM3_IRQHandler                          0x080002e7   Thumb Code     0  startup_stm32f103xb.o(.text)
    USART1_IRQHandler                        0x080002e7   Thumb Code     0  startup_stm32f103xb.o(.text)
    USART2_IRQHandler                        0x080002e7   Thumb Code     0  startup_stm32f103xb.o(.text)
    USART3_IRQHandler                        0x080002e7   Thumb Code     0  startup_stm32f103xb.o(.text)
    USBWakeUp_IRQHandler                     0x080002e7   Thumb Code     0  startup_stm32f103xb.o(.text)
    USB_HP_CAN1_TX_IRQHandler                0x080002e7   Thumb Code     0  startup_stm32f103xb.o(.text)
    USB_LP_CAN1_RX0_IRQHandler               0x080002e7   Thumb Code     0  startup_stm32f103xb.o(.text)
    WWDG_IRQHandler                          0x080002e7   Thumb Code     0  startup_stm32f103xb.o(.text)
    __user_initial_stackheap                 0x080002e9   Thumb Code     0  startup_stm32f103xb.o(.text)
    vsnprintf                                0x0800030d   Thumb Code    48  vsnprintf.o(.text)
    __2sprintf                               0x08000341   Thumb Code    38  __2sprintf.o(.text)
    _printf_int_dec                          0x0800036d   Thumb Code   104  _printf_dec.o(.text)
    __printf                                 0x080003e5   Thumb Code   388  __printf_flags_ss_wp.o(.text)
    qsort                                    0x0800074b   Thumb Code   134  qsortnoex.o(.text)
    strlen                                   0x080007d1   Thumb Code    62  strlen.o(.text)
    __aeabi_memclr4                          0x0800080f   Thumb Code     0  rt_memclr_w.o(.text)
    __aeabi_memclr8                          0x0800080f   Thumb Code     0  rt_memclr_w.o(.text)
    __rt_memclr_w                            0x0800080f   Thumb Code    78  rt_memclr_w.o(.text)
    _memset_w                                0x08000813   Thumb Code     0  rt_memclr_w.o(.text)
    __use_two_region_memory                  0x0800085d   Thumb Code     2  heapauxi.o(.text)
    __rt_heap_escrow$2region                 0x0800085f   Thumb Code     2  heapauxi.o(.text)
    __rt_heap_expand$2region                 0x08000861   Thumb Code     2  heapauxi.o(.text)
    __read_errno                             0x08000863   Thumb Code    10  _rserrno.o(.text)
    __set_errno                              0x0800086d   Thumb Code    12  _rserrno.o(.text)
    _printf_pre_padding                      0x08000879   Thumb Code    44  _printf_pad.o(.text)
    _printf_post_padding                     0x080008a5   Thumb Code    34  _printf_pad.o(.text)
    _printf_truncate_signed                  0x080008c7   Thumb Code    18  _printf_truncate.o(.text)
    _printf_truncate_unsigned                0x080008d9   Thumb Code    18  _printf_truncate.o(.text)
    _printf_str                              0x080008eb   Thumb Code    82  _printf_str.o(.text)
    _printf_int_common                       0x0800093d   Thumb Code   178  _printf_intcommon.o(.text)
    _printf_charcount                        0x080009ef   Thumb Code    40  _printf_charcount.o(.text)
    __lib_sel_fp_printf                      0x08000a17   Thumb Code     2  _printf_fp_dec.o(.text)
    _printf_fp_dec_real                      0x08000bc9   Thumb Code   620  _printf_fp_dec.o(.text)
    _printf_char_common                      0x08000e3f   Thumb Code    32  _printf_char_common.o(.text)
    _sputc                                   0x08000e65   Thumb Code    10  _sputc.o(.text)
    _snputc                                  0x08000e6f   Thumb Code    16  _snputc.o(.text)
    _printf_wctomb                           0x08000e81   Thumb Code   182  _printf_wctomb.o(.text)
    _printf_longlong_dec                     0x08000f3d   Thumb Code   108  _printf_longlong_dec.o(.text)
    _printf_longlong_oct                     0x08000fb9   Thumb Code    66  _printf_oct_int_ll.o(.text)
    _printf_int_oct                          0x08000ffb   Thumb Code    24  _printf_oct_int_ll.o(.text)
    _printf_ll_oct                           0x08001013   Thumb Code    12  _printf_oct_int_ll.o(.text)
    _printf_longlong_hex                     0x08001029   Thumb Code    86  _printf_hex_int_ll_ptr.o(.text)
    _printf_int_hex                          0x0800107f   Thumb Code    28  _printf_hex_int_ll_ptr.o(.text)
    _printf_ll_hex                           0x0800109b   Thumb Code    12  _printf_hex_int_ll_ptr.o(.text)
    _printf_hex_ptr                          0x080010a7   Thumb Code    18  _printf_hex_int_ll_ptr.o(.text)
    __rt_locale                              0x080010bd   Thumb Code     8  rt_locale_intlibspace.o(.text)
    __aeabi_errno_addr                       0x080010c5   Thumb Code     8  rt_errno_addr_intlibspace.o(.text)
    __errno$intlibspace                      0x080010c5   Thumb Code     0  rt_errno_addr_intlibspace.o(.text)
    __rt_errno_addr$intlibspace              0x080010c5   Thumb Code     0  rt_errno_addr_intlibspace.o(.text)
    _ll_udiv10                               0x080010cd   Thumb Code   138  lludiv10.o(.text)
    _printf_fp_hex_real                      0x08001159   Thumb Code   756  _printf_fp_hex.o(.text)
    _printf_fp_infnan                        0x08001455   Thumb Code   112  _printf_fp_infnan.o(.text)
    _printf_cs_common                        0x080014d5   Thumb Code    20  _printf_char.o(.text)
    _printf_char                             0x080014e9   Thumb Code    16  _printf_char.o(.text)
    _printf_string                           0x080014f9   Thumb Code     8  _printf_char.o(.text)
    _printf_lcs_common                       0x08001501   Thumb Code    20  _printf_wchar.o(.text)
    _printf_wchar                            0x08001515   Thumb Code    16  _printf_wchar.o(.text)
    _printf_wstring                          0x08001525   Thumb Code     8  _printf_wchar.o(.text)
    _btod_etento                             0x0800152d   Thumb Code   224  bigflt0.o(.text)
    _wcrtomb                                 0x08001611   Thumb Code    64  _wcrtomb.o(.text)
    __user_libspace                          0x08001651   Thumb Code     8  libspace.o(.text)
    __user_perproc_libspace                  0x08001651   Thumb Code     0  libspace.o(.text)
    __user_perthread_libspace                0x08001651   Thumb Code     0  libspace.o(.text)
    __user_setup_stackheap                   0x08001659   Thumb Code    74  sys_stackheap_outer.o(.text)
    __rt_ctype_table                         0x080016a5   Thumb Code    16  rt_ctype_table.o(.text)
    exit                                     0x080016b5   Thumb Code    18  exit.o(.text)
    strcmp                                   0x080016c9   Thumb Code   128  strcmpv7m.o(.text)
    _sys_exit                                0x08001749   Thumb Code     8  sys_exit.o(.text)
    __I$use$semihosting                      0x08001755   Thumb Code     0  use_no_semi.o(.text)
    __use_no_semihosting_swi                 0x08001755   Thumb Code     2  use_no_semi.o(.text)
    __semihosting_library_function           0x08001757   Thumb Code     0  indicate_semi.o(.text)
    _btod_d2e                                0x08001757   Thumb Code    62  btod.o(CL$$btod_d2e)
    _d2e_denorm_low                          0x08001795   Thumb Code    70  btod.o(CL$$btod_d2e_denorm_low)
    _d2e_norm_op1                            0x080017db   Thumb Code    96  btod.o(CL$$btod_d2e_norm_op1)
    __btod_div_common                        0x0800183b   Thumb Code   696  btod.o(CL$$btod_div_common)
    _e2e                                     0x08001b73   Thumb Code   220  btod.o(CL$$btod_e2e)
    _btod_ediv                               0x08001c4f   Thumb Code    42  btod.o(CL$$btod_ediv)
    _btod_emul                               0x08001c79   Thumb Code    42  btod.o(CL$$btod_emul)
    __btod_mult_common                       0x08001ca3   Thumb Code   580  btod.o(CL$$btod_mult_common)
    BusFault_Handler                         0x08001ee7   Thumb Code     2  stm32f1xx_it.o(i.BusFault_Handler)
    DebugMon_Handler                         0x08001ee9   Thumb Code     2  stm32f1xx_it.o(i.DebugMon_Handler)
    HAL_Delay                                0x08001eed   Thumb Code    32  stm32f1xx_hal.o(i.HAL_Delay)
    HAL_GPIO_Init                            0x08001f11   Thumb Code   446  stm32f1xx_hal_gpio.o(i.HAL_GPIO_Init)
    HAL_GPIO_TogglePin                       0x080020f1   Thumb Code    16  stm32f1xx_hal_gpio.o(i.HAL_GPIO_TogglePin)
    HAL_GPIO_WritePin                        0x08002101   Thumb Code    10  stm32f1xx_hal_gpio.o(i.HAL_GPIO_WritePin)
    HAL_GetTick                              0x0800210d   Thumb Code     6  stm32f1xx_hal.o(i.HAL_GetTick)
    HAL_I2C_Init                             0x08002119   Thumb Code   376  stm32f1xx_hal_i2c.o(i.HAL_I2C_Init)
    HAL_I2C_Master_Transmit                  0x080022a1   Thumb Code   290  stm32f1xx_hal_i2c.o(i.HAL_I2C_Master_Transmit)
    HAL_I2C_MspInit                          0x080023cd   Thumb Code    82  stm32f1xx_hal_msp.o(i.HAL_I2C_MspInit)
    HAL_I2C_WriteByte                        0x0800242d   Thumb Code    28  oled.o(i.HAL_I2C_WriteByte)
    HAL_IncTick                              0x0800244d   Thumb Code    12  stm32f1xx_hal.o(i.HAL_IncTick)
    HAL_Init                                 0x0800245d   Thumb Code    32  stm32f1xx_hal.o(i.HAL_Init)
    HAL_InitTick                             0x08002481   Thumb Code   132  stm32f1xx_hal_timebase_tim.o(i.HAL_InitTick)
    HAL_MspInit                              0x08002519   Thumb Code    52  stm32f1xx_hal_msp.o(i.HAL_MspInit)
    HAL_NVIC_EnableIRQ                       0x08002555   Thumb Code    26  stm32f1xx_hal_cortex.o(i.HAL_NVIC_EnableIRQ)
    HAL_NVIC_SetPriority                     0x08002571   Thumb Code    60  stm32f1xx_hal_cortex.o(i.HAL_NVIC_SetPriority)
    HAL_NVIC_SetPriorityGrouping             0x080025b1   Thumb Code    26  stm32f1xx_hal_cortex.o(i.HAL_NVIC_SetPriorityGrouping)
    HAL_RCC_ClockConfig                      0x080025d5   Thumb Code   280  stm32f1xx_hal_rcc.o(i.HAL_RCC_ClockConfig)
    HAL_RCC_GetClockConfig                   0x08002701   Thumb Code    54  stm32f1xx_hal_rcc.o(i.HAL_RCC_GetClockConfig)
    HAL_RCC_GetPCLK1Freq                     0x08002741   Thumb Code    20  stm32f1xx_hal_rcc.o(i.HAL_RCC_GetPCLK1Freq)
    HAL_RCC_GetPCLK2Freq                     0x08002761   Thumb Code    20  stm32f1xx_hal_rcc.o(i.HAL_RCC_GetPCLK2Freq)
    HAL_RCC_GetSysClockFreq                  0x08002781   Thumb Code    58  stm32f1xx_hal_rcc.o(i.HAL_RCC_GetSysClockFreq)
    HAL_RCC_OscConfig                        0x080027cd   Thumb Code   778  stm32f1xx_hal_rcc.o(i.HAL_RCC_OscConfig)
    HAL_TIMEx_BreakCallback                  0x08002aed   Thumb Code     2  stm32f1xx_hal_tim_ex.o(i.HAL_TIMEx_BreakCallback)
    HAL_TIMEx_CommutCallback                 0x08002aef   Thumb Code     2  stm32f1xx_hal_tim_ex.o(i.HAL_TIMEx_CommutCallback)
    HAL_TIMEx_ConfigBreakDeadTime            0x08002af1   Thumb Code    84  stm32f1xx_hal_tim_ex.o(i.HAL_TIMEx_ConfigBreakDeadTime)
    HAL_TIMEx_MasterConfigSynchronization    0x08002b45   Thumb Code    92  stm32f1xx_hal_tim_ex.o(i.HAL_TIMEx_MasterConfigSynchronization)
    HAL_TIM_Base_Init                        0x08002bad   Thumb Code    90  stm32f1xx_hal_tim.o(i.HAL_TIM_Base_Init)
    HAL_TIM_Base_MspInit                     0x08002c09   Thumb Code    30  stm32f1xx_hal_msp.o(i.HAL_TIM_Base_MspInit)
    HAL_TIM_Base_Start_IT                    0x08002c31   Thumb Code    76  stm32f1xx_hal_tim.o(i.HAL_TIM_Base_Start_IT)
    HAL_TIM_ConfigClockSource                0x08002c89   Thumb Code   220  stm32f1xx_hal_tim.o(i.HAL_TIM_ConfigClockSource)
    HAL_TIM_IC_CaptureCallback               0x08002d65   Thumb Code     2  stm32f1xx_hal_tim.o(i.HAL_TIM_IC_CaptureCallback)
    HAL_TIM_IRQHandler                       0x08002d67   Thumb Code   304  stm32f1xx_hal_tim.o(i.HAL_TIM_IRQHandler)
    HAL_TIM_MspPostInit                      0x08002e99   Thumb Code    64  stm32f1xx_hal_msp.o(i.HAL_TIM_MspPostInit)
    HAL_TIM_OC_DelayElapsedCallback          0x08002ee5   Thumb Code     2  stm32f1xx_hal_tim.o(i.HAL_TIM_OC_DelayElapsedCallback)
    HAL_TIM_PWM_ConfigChannel                0x08002ee7   Thumb Code   204  stm32f1xx_hal_tim.o(i.HAL_TIM_PWM_ConfigChannel)
    HAL_TIM_PWM_Init                         0x08002fb3   Thumb Code    90  stm32f1xx_hal_tim.o(i.HAL_TIM_PWM_Init)
    HAL_TIM_PWM_MspInit                      0x0800300d   Thumb Code     2  stm32f1xx_hal_tim.o(i.HAL_TIM_PWM_MspInit)
    HAL_TIM_PWM_PulseFinishedCallback        0x0800300f   Thumb Code     2  stm32f1xx_hal_tim.o(i.HAL_TIM_PWM_PulseFinishedCallback)
    HAL_TIM_PWM_Start                        0x08003011   Thumb Code   144  stm32f1xx_hal_tim.o(i.HAL_TIM_PWM_Start)
    HAL_TIM_PeriodElapsedCallback            0x080030ad   Thumb Code    14  main.o(i.HAL_TIM_PeriodElapsedCallback)
    HAL_TIM_TriggerCallback                  0x080030c1   Thumb Code     2  stm32f1xx_hal_tim.o(i.HAL_TIM_TriggerCallback)
    HAL_UART_Init                            0x080030c3   Thumb Code   100  stm32f1xx_hal_uart.o(i.HAL_UART_Init)
    HAL_UART_MspInit                         0x08003129   Thumb Code   100  stm32f1xx_hal_msp.o(i.HAL_UART_MspInit)
    HAL_UART_Transmit                        0x08003199   Thumb Code   160  stm32f1xx_hal_uart.o(i.HAL_UART_Transmit)
    HardFault_Handler                        0x08003239   Thumb Code     2  stm32f1xx_it.o(i.HardFault_Handler)
    Median_Filter                            0x0800363d   Thumb Code    84  filter.o(i.Median_Filter)
    MemManage_Handler                        0x08003695   Thumb Code     2  stm32f1xx_it.o(i.MemManage_Handler)
    NMI_Handler                              0x08003697   Thumb Code     2  stm32f1xx_it.o(i.NMI_Handler)
    OLED_FullyFill                           0x08003699   Thumb Code    40  oled.o(i.OLED_FullyFill)
    OLED_Init                                0x080036c5   Thumb Code   188  oled.o(i.OLED_Init)
    OLED_RefreshRAM                          0x08003781   Thumb Code    66  oled.o(i.OLED_RefreshRAM)
    OLED_SetPos                              0x080037c9   Thumb Code    38  oled.o(i.OLED_SetPos)
    OLED_ShowFloatNum                        0x080037f1   Thumb Code    46  oled.o(i.OLED_ShowFloatNum)
    OLED_ShowIntNum                          0x08003829   Thumb Code    36  oled.o(i.OLED_ShowIntNum)
    OLED_ShowStr                             0x08003855   Thumb Code   208  oled.o(i.OLED_ShowStr)
    PendSV_Handler                           0x0800392d   Thumb Code     4  stm32f1xx_it.o(i.PendSV_Handler)
    SVC_Handler                              0x08003931   Thumb Code     4  stm32f1xx_it.o(i.SVC_Handler)
    Servo_SetPWM                             0x08003935   Thumb Code    38  servo.o(i.Servo_SetPWM)
    SysTick_Handler                          0x0800395b   Thumb Code     4  stm32f1xx_it.o(i.SysTick_Handler)
    SystemClock_Config                       0x0800395f   Thumb Code    94  main.o(i.SystemClock_Config)
    SystemInit                               0x080039bd   Thumb Code     2  system_stm32f1xx.o(i.SystemInit)
    TIM4_IRQHandler                          0x080039c1   Thumb Code     6  stm32f1xx_it.o(i.TIM4_IRQHandler)
    TIM_Base_SetConfig                       0x080039cd   Thumb Code   108  stm32f1xx_hal_tim.o(i.TIM_Base_SetConfig)
    TIM_CCxChannelCmd                        0x08003a45   Thumb Code    26  stm32f1xx_hal_tim.o(i.TIM_CCxChannelCmd)
    TIM_ETR_SetConfig                        0x08003a5f   Thumb Code    20  stm32f1xx_hal_tim.o(i.TIM_ETR_SetConfig)
    TIM_OC2_SetConfig                        0x08003ad5   Thumb Code    84  stm32f1xx_hal_tim.o(i.TIM_OC2_SetConfig)
    UsageFault_Handler                       0x08003d87   Thumb Code     2  stm32f1xx_it.o(i.UsageFault_Handler)
    WriteCmd                                 0x08003d89   Thumb Code     8  oled.o(i.WriteCmd)
    WriteDat                                 0x08003d91   Thumb Code     8  oled.o(i.WriteDat)
    __ARM_fpclassify                         0x08003d99   Thumb Code    40  fpclassify.o(i.__ARM_fpclassify)
    __ieee754_rem_pio2                       0x08003de1   Thumb Code   828  rred.o(i.__ieee754_rem_pio2)
    __kernel_cos                             0x08004169   Thumb Code   230  cos_i.o(i.__kernel_cos)
    __kernel_poly                            0x08004265   Thumb Code   170  poly.o(i.__kernel_poly)
    __kernel_sin                             0x08004311   Thumb Code   224  sin_i.o(i.__kernel_sin)
    __mathlib_dbl_infnan                     0x080043fd   Thumb Code     6  dunder.o(i.__mathlib_dbl_infnan)
    __mathlib_dbl_invalid                    0x08004403   Thumb Code    12  dunder.o(i.__mathlib_dbl_invalid)
    __mathlib_dbl_underflow                  0x08004411   Thumb Code    10  dunder.o(i.__mathlib_dbl_underflow)
    _is_digit                                0x08004421   Thumb Code    14  __printf_wp.o(i._is_digit)
    compare                                  0x0800442f   Thumb Code    60  filter.o(i.compare)
    debug_printf                             0x0800446d   Thumb Code    44  main.o(i.debug_printf)
    filter_task                              0x0800449d   Thumb Code   168  main.o(i.filter_task)
    led2_task                                0x08004575   Thumb Code    26  main.o(i.led2_task)
    main                                     0x08004595   Thumb Code   212  main.o(i.main)
    oled_task                                0x080046bd   Thumb Code    40  main.o(i.oled_task)
    pvPortMalloc                             0x08004a05   Thumb Code   146  heap_4.o(i.pvPortMalloc)
    pxPortInitialiseStack                    0x08004a9d   Thumb Code    32  port.o(i.pxPortInitialiseStack)
    servo_task                               0x08004ac1   Thumb Code    50  main.o(i.servo_task)
    sin                                      0x08004af9   Thumb Code   150  sin.o(i.sin)
    uxListRemove                             0x08004b99   Thumb Code    38  list.o(i.uxListRemove)
    vListInitialise                          0x08004bbf   Thumb Code    22  list.o(i.vListInitialise)
    vListInitialiseItem                      0x08004bd5   Thumb Code     6  list.o(i.vListInitialiseItem)
    vListInsert                              0x08004bdb   Thumb Code    48  list.o(i.vListInsert)
    vPortEnterCritical                       0x08004c0d   Thumb Code    24  port.o(i.vPortEnterCritical)
    vPortExitCritical                        0x08004c29   Thumb Code    16  port.o(i.vPortExitCritical)
    vPortFree                                0x08004c3d   Thumb Code    64  heap_4.o(i.vPortFree)
    vPortSetupTimerInterrupt                 0x08004c81   Thumb Code    20  port.o(i.vPortSetupTimerInterrupt)
    vTaskDelay                               0x08004c99   Thumb Code    44  tasks.o(i.vTaskDelay)
    vTaskStartScheduler                      0x08004cc9   Thumb Code    64  tasks.o(i.vTaskStartScheduler)
    vTaskSuspendAll                          0x08004d19   Thumb Code    10  tasks.o(i.vTaskSuspendAll)
    vTaskSwitchContext                       0x08004d29   Thumb Code    60  tasks.o(i.vTaskSwitchContext)
    xPortStartScheduler                      0x08004d6d   Thumb Code    38  port.o(i.xPortStartScheduler)
    xPortSysTickHandler                      0x08004d9d   Thumb Code    38  port.o(i.xPortSysTickHandler)
    xTaskCreate                              0x08004dc9   Thumb Code    92  tasks.o(i.xTaskCreate)
    xTaskIncrementTick                       0x08004e25   Thumb Code   282  tasks.o(i.xTaskIncrementTick)
    xTaskResumeAll                           0x08004f49   Thumb Code   266  tasks.o(i.xTaskResumeAll)
    _get_lc_numeric                          0x08005061   Thumb Code    44  lc_numeric_c.o(locale$$code)
    _get_lc_ctype                            0x0800508d   Thumb Code    44  lc_ctype_c.o(locale$$code)
    __aeabi_dadd                             0x080050b9   Thumb Code     0  daddsub_clz.o(x$fpl$dadd)
    _dadd                                    0x080050b9   Thumb Code   332  daddsub_clz.o(x$fpl$dadd)
    __fpl_dcheck_NaN1                        0x08005209   Thumb Code    10  dcheck1.o(x$fpl$dcheck1)
    __fpl_dcmp_Inf                           0x08005219   Thumb Code    24  dcmpi.o(x$fpl$dcmpinf)
    __aeabi_ddiv                             0x08005231   Thumb Code     0  ddiv.o(x$fpl$ddiv)
    _ddiv                                    0x08005231   Thumb Code   552  ddiv.o(x$fpl$ddiv)
    __aeabi_d2iz                             0x080054e1   Thumb Code     0  dfix.o(x$fpl$dfix)
    _dfix                                    0x080054e1   Thumb Code    94  dfix.o(x$fpl$dfix)
    __aeabi_i2d                              0x0800553f   Thumb Code     0  dflt_clz.o(x$fpl$dflt)
    _dflt                                    0x0800553f   Thumb Code    46  dflt_clz.o(x$fpl$dflt)
    __aeabi_ui2d                             0x0800556d   Thumb Code     0  dflt_clz.o(x$fpl$dfltu)
    _dfltu                                   0x0800556d   Thumb Code    38  dflt_clz.o(x$fpl$dfltu)
    __aeabi_cdcmple                          0x08005595   Thumb Code     0  dleqf.o(x$fpl$dleqf)
    _dcmple                                  0x08005595   Thumb Code   120  dleqf.o(x$fpl$dleqf)
    __fpl_dcmple_InfNaN                      0x080055f7   Thumb Code     0  dleqf.o(x$fpl$dleqf)
    __aeabi_dmul                             0x0800560d   Thumb Code     0  dmul.o(x$fpl$dmul)
    _dmul                                    0x0800560d   Thumb Code   332  dmul.o(x$fpl$dmul)
    __fpl_dnaninf                            0x08005761   Thumb Code   156  dnaninf.o(x$fpl$dnaninf)
    __fpl_dretinf                            0x080057fd   Thumb Code    12  dretinf.o(x$fpl$dretinf)
    __aeabi_cdrcmple                         0x08005809   Thumb Code     0  drleqf.o(x$fpl$drleqf)
    _drcmple                                 0x08005809   Thumb Code   108  drleqf.o(x$fpl$drleqf)
    __aeabi_drsub                            0x08005875   Thumb Code     0  daddsub_clz.o(x$fpl$drsb)
    _drsb                                    0x08005875   Thumb Code    22  daddsub_clz.o(x$fpl$drsb)
    __aeabi_dsub                             0x0800588d   Thumb Code     0  daddsub_clz.o(x$fpl$dsub)
    _dsub                                    0x0800588d   Thumb Code   464  daddsub_clz.o(x$fpl$dsub)
    __aeabi_f2d                              0x08005a61   Thumb Code     0  f2d.o(x$fpl$f2d)
    _f2d                                     0x08005a61   Thumb Code    86  f2d.o(x$fpl$f2d)
    __fpl_fnaninf                            0x08005ab7   Thumb Code   140  fnaninf.o(x$fpl$fnaninf)
    _printf_fp_dec                           0x08005b43   Thumb Code     4  printf1.o(x$fpl$printf1)
    _printf_fp_hex                           0x08005b47   Thumb Code     4  printf2.o(x$fpl$printf2)
    __fpl_return_NaN                         0x08005b4b   Thumb Code   100  retnan.o(x$fpl$retnan)
    __ARM_scalbn                             0x08005baf   Thumb Code    92  scalbn.o(x$fpl$scalbn)
    __fpl_cmpreturn                          0x08005c0b   Thumb Code    48  trapv.o(x$fpl$trapveneer)
    __I$use$fp                               0x08005c3a   Number         0  usenofp.o(x$fpl$usenofp)
    AHBPrescTable                            0x08005c4c   Data          16  system_stm32f1xx.o(.constdata)
    APBPrescTable                            0x08005c5c   Data           8  system_stm32f1xx.o(.constdata)
    F16x16                                   0x08005c64   Data          96  oled.o(.constdata)
    F6x8                                     0x08005cc4   Data         552  oled.o(.constdata)
    F8X16                                    0x08005eec   Data        1520  oled.o(.constdata)
    Region$$Table$$Base                      0x080066fc   Number         0  anon$$obj.o(Region$$Table)
    Region$$Table$$Limit                     0x0800671c   Number         0  anon$$obj.o(Region$$Table)
    __ctype                                  0x08006745   Data           0  lc_ctype_c.o(locale$$data)
    led2_TaskHandle_t                        0x20000000   Data           4  main.o(.data)
    filter_TaskHandle_t                      0x20000004   Data           4  main.o(.data)
    servo_TaskHandle_t                       0x20000008   Data           4  main.o(.data)
    oled_TaskHandle_t                        0x2000000c   Data           4  main.o(.data)
    Data                                     0x20000010   Data           8  main.o(.data)
    Result                                   0x20000018   Data           8  main.o(.data)
    t                                        0x20000020   Data           8  main.o(.data)
    Test                                     0x20000028   Data           8  main.o(.data)
    uwTickFreq                               0x20000030   Data           1  stm32f1xx_hal.o(.data)
    uwTickPrio                               0x20000034   Data           4  stm32f1xx_hal.o(.data)
    uwTick                                   0x20000038   Data           4  stm32f1xx_hal.o(.data)
    SystemCoreClock                          0x2000003c   Data           4  system_stm32f1xx.o(.data)
    pxCurrentTCB                             0x20000040   Data           4  tasks.o(.data)
    uxTopUsedPriority                        0x20000070   Data           4  tasks.o(.data)
    hi2c2                                    0x200000a0   Data          84  main.o(.bss)
    htim1                                    0x200000f4   Data          72  main.o(.bss)
    huart1                                   0x2000013c   Data          72  main.o(.bss)
    MEDIAN_Filter                            0x20000188   Data          88  main.o(.bss)
    htim4                                    0x200001e0   Data          72  stm32f1xx_hal_timebase_tim.o(.bss)
    __libspace_start                         0x20002f20   Data          96  libspace.o(.bss)
    __temporary_stack_top$libspace           0x20002f80   Data           0  libspace.o(.bss)



==============================================================================

Memory Map of the image

  Image Entry point : 0x080000ed

  Load Region LR_IROM1 (Base: 0x08000000, Size: 0x000068e8, Max: 0x00010000, ABSOLUTE)

    Execution Region ER_IROM1 (Exec base: 0x08000000, Load base: 0x08000000, Size: 0x00006848, Max: 0x00010000, ABSOLUTE)

    Exec Addr    Load Addr    Size         Type   Attr      Idx    E Section Name        Object

    0x08000000   0x08000000   0x000000ec   Data   RO            3    RESET               startup_stm32f103xb.o
    0x080000ec   0x080000ec   0x00000008   Code   RO         4504  * !!!main             c_w.l(__main.o)
    0x080000f4   0x080000f4   0x00000034   Code   RO         4915    !!!scatter          c_w.l(__scatter.o)
    0x08000128   0x08000128   0x0000001a   Code   RO         4917    !!handler_copy      c_w.l(__scatter_copy.o)
    0x08000142   0x08000142   0x00000002   PAD
    0x08000144   0x08000144   0x0000001c   Code   RO         4919    !!handler_zi        c_w.l(__scatter_zi.o)
    0x08000160   0x08000160   0x00000000   Code   RO         4491    .ARM.Collect$$_printf_percent$$00000000  c_w.l(_printf_percent.o)
    0x08000160   0x08000160   0x00000006   Code   RO         4607    .ARM.Collect$$_printf_percent$$00000001  c_w.l(_printf_n.o)
    0x08000166   0x08000166   0x00000006   Code   RO         4609    .ARM.Collect$$_printf_percent$$00000002  c_w.l(_printf_p.o)
    0x0800016c   0x0800016c   0x00000006   Code   RO         4490    .ARM.Collect$$_printf_percent$$00000003  c_w.l(_printf_f.o)
    0x08000172   0x08000172   0x00000006   Code   RO         4613    .ARM.Collect$$_printf_percent$$00000004  c_w.l(_printf_e.o)
    0x08000178   0x08000178   0x00000006   Code   RO         4614    .ARM.Collect$$_printf_percent$$00000005  c_w.l(_printf_g.o)
    0x0800017e   0x0800017e   0x00000006   Code   RO         4615    .ARM.Collect$$_printf_percent$$00000006  c_w.l(_printf_a.o)
    0x08000184   0x08000184   0x0000000a   Code   RO         4620    .ARM.Collect$$_printf_percent$$00000007  c_w.l(_printf_ll.o)
    0x0800018e   0x0800018e   0x00000006   Code   RO         4611    .ARM.Collect$$_printf_percent$$00000008  c_w.l(_printf_i.o)
    0x08000194   0x08000194   0x00000006   Code   RO         4489    .ARM.Collect$$_printf_percent$$00000009  c_w.l(_printf_d.o)
    0x0800019a   0x0800019a   0x00000006   Code   RO         4612    .ARM.Collect$$_printf_percent$$0000000A  c_w.l(_printf_u.o)
    0x080001a0   0x080001a0   0x00000006   Code   RO         4610    .ARM.Collect$$_printf_percent$$0000000B  c_w.l(_printf_o.o)
    0x080001a6   0x080001a6   0x00000006   Code   RO         4608    .ARM.Collect$$_printf_percent$$0000000C  c_w.l(_printf_x.o)
    0x080001ac   0x080001ac   0x00000006   Code   RO         4617    .ARM.Collect$$_printf_percent$$0000000D  c_w.l(_printf_lli.o)
    0x080001b2   0x080001b2   0x00000006   Code   RO         4618    .ARM.Collect$$_printf_percent$$0000000E  c_w.l(_printf_lld.o)
    0x080001b8   0x080001b8   0x00000006   Code   RO         4619    .ARM.Collect$$_printf_percent$$0000000F  c_w.l(_printf_llu.o)
    0x080001be   0x080001be   0x00000006   Code   RO         4624    .ARM.Collect$$_printf_percent$$00000010  c_w.l(_printf_llo.o)
    0x080001c4   0x080001c4   0x00000006   Code   RO         4625    .ARM.Collect$$_printf_percent$$00000011  c_w.l(_printf_llx.o)
    0x080001ca   0x080001ca   0x0000000a   Code   RO         4621    .ARM.Collect$$_printf_percent$$00000012  c_w.l(_printf_l.o)
    0x080001d4   0x080001d4   0x00000006   Code   RO         4605    .ARM.Collect$$_printf_percent$$00000013  c_w.l(_printf_c.o)
    0x080001da   0x080001da   0x00000006   Code   RO         4606    .ARM.Collect$$_printf_percent$$00000014  c_w.l(_printf_s.o)
    0x080001e0   0x080001e0   0x00000006   Code   RO         4622    .ARM.Collect$$_printf_percent$$00000015  c_w.l(_printf_lc.o)
    0x080001e6   0x080001e6   0x00000006   Code   RO         4623    .ARM.Collect$$_printf_percent$$00000016  c_w.l(_printf_ls.o)
    0x080001ec   0x080001ec   0x00000004   Code   RO         4616    .ARM.Collect$$_printf_percent$$00000017  c_w.l(_printf_percent_end.o)
    0x080001f0   0x080001f0   0x00000002   Code   RO         4777    .ARM.Collect$$libinit$$00000000  c_w.l(libinit.o)
    0x080001f2   0x080001f2   0x00000000   Code   RO         4779    .ARM.Collect$$libinit$$00000002  c_w.l(libinit2.o)
    0x080001f2   0x080001f2   0x00000000   Code   RO         4781    .ARM.Collect$$libinit$$00000004  c_w.l(libinit2.o)
    0x080001f2   0x080001f2   0x00000000   Code   RO         4784    .ARM.Collect$$libinit$$0000000A  c_w.l(libinit2.o)
    0x080001f2   0x080001f2   0x00000000   Code   RO         4786    .ARM.Collect$$libinit$$0000000C  c_w.l(libinit2.o)
    0x080001f2   0x080001f2   0x00000000   Code   RO         4788    .ARM.Collect$$libinit$$0000000E  c_w.l(libinit2.o)
    0x080001f2   0x080001f2   0x00000006   Code   RO         4789    .ARM.Collect$$libinit$$0000000F  c_w.l(libinit2.o)
    0x080001f8   0x080001f8   0x00000000   Code   RO         4791    .ARM.Collect$$libinit$$00000011  c_w.l(libinit2.o)
    0x080001f8   0x080001f8   0x0000000c   Code   RO         4792    .ARM.Collect$$libinit$$00000012  c_w.l(libinit2.o)
    0x08000204   0x08000204   0x00000000   Code   RO         4793    .ARM.Collect$$libinit$$00000013  c_w.l(libinit2.o)
    0x08000204   0x08000204   0x00000000   Code   RO         4795    .ARM.Collect$$libinit$$00000015  c_w.l(libinit2.o)
    0x08000204   0x08000204   0x0000000a   Code   RO         4796    .ARM.Collect$$libinit$$00000016  c_w.l(libinit2.o)
    0x0800020e   0x0800020e   0x00000000   Code   RO         4797    .ARM.Collect$$libinit$$00000017  c_w.l(libinit2.o)
    0x0800020e   0x0800020e   0x00000000   Code   RO         4799    .ARM.Collect$$libinit$$00000019  c_w.l(libinit2.o)
    0x0800020e   0x0800020e   0x00000000   Code   RO         4801    .ARM.Collect$$libinit$$0000001B  c_w.l(libinit2.o)
    0x0800020e   0x0800020e   0x00000000   Code   RO         4803    .ARM.Collect$$libinit$$0000001D  c_w.l(libinit2.o)
    0x0800020e   0x0800020e   0x00000000   Code   RO         4805    .ARM.Collect$$libinit$$0000001F  c_w.l(libinit2.o)
    0x0800020e   0x0800020e   0x00000000   Code   RO         4807    .ARM.Collect$$libinit$$00000021  c_w.l(libinit2.o)
    0x0800020e   0x0800020e   0x00000000   Code   RO         4809    .ARM.Collect$$libinit$$00000023  c_w.l(libinit2.o)
    0x0800020e   0x0800020e   0x00000000   Code   RO         4811    .ARM.Collect$$libinit$$00000025  c_w.l(libinit2.o)
    0x0800020e   0x0800020e   0x00000000   Code   RO         4815    .ARM.Collect$$libinit$$0000002C  c_w.l(libinit2.o)
    0x0800020e   0x0800020e   0x00000000   Code   RO         4817    .ARM.Collect$$libinit$$0000002E  c_w.l(libinit2.o)
    0x0800020e   0x0800020e   0x00000000   Code   RO         4819    .ARM.Collect$$libinit$$00000030  c_w.l(libinit2.o)
    0x0800020e   0x0800020e   0x00000000   Code   RO         4821    .ARM.Collect$$libinit$$00000032  c_w.l(libinit2.o)
    0x0800020e   0x0800020e   0x00000002   Code   RO         4822    .ARM.Collect$$libinit$$00000033  c_w.l(libinit2.o)
    0x08000210   0x08000210   0x00000002   Code   RO         4861    .ARM.Collect$$libshutdown$$00000000  c_w.l(libshutdown.o)
    0x08000212   0x08000212   0x00000000   Code   RO         4872    .ARM.Collect$$libshutdown$$00000002  c_w.l(libshutdown2.o)
    0x08000212   0x08000212   0x00000000   Code   RO         4874    .ARM.Collect$$libshutdown$$00000004  c_w.l(libshutdown2.o)
    0x08000212   0x08000212   0x00000000   Code   RO         4876    .ARM.Collect$$libshutdown$$00000006  c_w.l(libshutdown2.o)
    0x08000212   0x08000212   0x00000000   Code   RO         4879    .ARM.Collect$$libshutdown$$00000009  c_w.l(libshutdown2.o)
    0x08000212   0x08000212   0x00000000   Code   RO         4882    .ARM.Collect$$libshutdown$$0000000C  c_w.l(libshutdown2.o)
    0x08000212   0x08000212   0x00000000   Code   RO         4884    .ARM.Collect$$libshutdown$$0000000E  c_w.l(libshutdown2.o)
    0x08000212   0x08000212   0x00000000   Code   RO         4887    .ARM.Collect$$libshutdown$$00000011  c_w.l(libshutdown2.o)
    0x08000212   0x08000212   0x00000002   Code   RO         4888    .ARM.Collect$$libshutdown$$00000012  c_w.l(libshutdown2.o)
    0x08000214   0x08000214   0x00000000   Code   RO         4552    .ARM.Collect$$rtentry$$00000000  c_w.l(__rtentry.o)
    0x08000214   0x08000214   0x00000000   Code   RO         4676    .ARM.Collect$$rtentry$$00000002  c_w.l(__rtentry2.o)
    0x08000214   0x08000214   0x00000006   Code   RO         4688    .ARM.Collect$$rtentry$$00000004  c_w.l(__rtentry4.o)
    0x0800021a   0x0800021a   0x00000000   Code   RO         4678    .ARM.Collect$$rtentry$$00000009  c_w.l(__rtentry2.o)
    0x0800021a   0x0800021a   0x00000004   Code   RO         4679    .ARM.Collect$$rtentry$$0000000A  c_w.l(__rtentry2.o)
    0x0800021e   0x0800021e   0x00000000   Code   RO         4681    .ARM.Collect$$rtentry$$0000000C  c_w.l(__rtentry2.o)
    0x0800021e   0x0800021e   0x00000008   Code   RO         4682    .ARM.Collect$$rtentry$$0000000D  c_w.l(__rtentry2.o)
    0x08000226   0x08000226   0x00000002   Code   RO         4825    .ARM.Collect$$rtexit$$00000000  c_w.l(rtexit.o)
    0x08000228   0x08000228   0x00000000   Code   RO         4837    .ARM.Collect$$rtexit$$00000002  c_w.l(rtexit2.o)
    0x08000228   0x08000228   0x00000004   Code   RO         4838    .ARM.Collect$$rtexit$$00000003  c_w.l(rtexit2.o)
    0x0800022c   0x0800022c   0x00000006   Code   RO         4839    .ARM.Collect$$rtexit$$00000004  c_w.l(rtexit2.o)
    0x08000232   0x08000232   0x00000002   PAD
    0x08000234   0x08000234   0x00000096   Code   RO         3994    .emb_text           port.o
    0x080002ca   0x080002ca   0x00000002   PAD
    0x080002cc   0x080002cc   0x00000040   Code   RO            4    .text               startup_stm32f103xb.o
    0x0800030c   0x0800030c   0x00000034   Code   RO         4459    .text               c_w.l(vsnprintf.o)
    0x08000340   0x08000340   0x0000002c   Code   RO         4461    .text               c_w.l(__2sprintf.o)
    0x0800036c   0x0800036c   0x00000078   Code   RO         4467    .text               c_w.l(_printf_dec.o)
    0x080003e4   0x080003e4   0x00000188   Code   RO         4486    .text               c_w.l(__printf_flags_ss_wp.o)
    0x0800056c   0x0800056c   0x00000264   Code   RO         4492    .text               c_w.l(qsortnoex.o)
    0x080007d0   0x080007d0   0x0000003e   Code   RO         4494    .text               c_w.l(strlen.o)
    0x0800080e   0x0800080e   0x0000004e   Code   RO         4500    .text               c_w.l(rt_memclr_w.o)
    0x0800085c   0x0800085c   0x00000006   Code   RO         4502    .text               c_w.l(heapauxi.o)
    0x08000862   0x08000862   0x00000016   Code   RO         4553    .text               c_w.l(_rserrno.o)
    0x08000878   0x08000878   0x0000004e   Code   RO         4555    .text               c_w.l(_printf_pad.o)
    0x080008c6   0x080008c6   0x00000024   Code   RO         4557    .text               c_w.l(_printf_truncate.o)
    0x080008ea   0x080008ea   0x00000052   Code   RO         4559    .text               c_w.l(_printf_str.o)
    0x0800093c   0x0800093c   0x000000b2   Code   RO         4561    .text               c_w.l(_printf_intcommon.o)
    0x080009ee   0x080009ee   0x00000028   Code   RO         4563    .text               c_w.l(_printf_charcount.o)
    0x08000a16   0x08000a16   0x0000041e   Code   RO         4565    .text               c_w.l(_printf_fp_dec.o)
    0x08000e34   0x08000e34   0x00000030   Code   RO         4567    .text               c_w.l(_printf_char_common.o)
    0x08000e64   0x08000e64   0x0000000a   Code   RO         4569    .text               c_w.l(_sputc.o)
    0x08000e6e   0x08000e6e   0x00000010   Code   RO         4571    .text               c_w.l(_snputc.o)
    0x08000e7e   0x08000e7e   0x00000002   PAD
    0x08000e80   0x08000e80   0x000000bc   Code   RO         4573    .text               c_w.l(_printf_wctomb.o)
    0x08000f3c   0x08000f3c   0x0000007c   Code   RO         4576    .text               c_w.l(_printf_longlong_dec.o)
    0x08000fb8   0x08000fb8   0x00000070   Code   RO         4582    .text               c_w.l(_printf_oct_int_ll.o)
    0x08001028   0x08001028   0x00000094   Code   RO         4602    .text               c_w.l(_printf_hex_int_ll_ptr.o)
    0x080010bc   0x080010bc   0x00000008   Code   RO         4693    .text               c_w.l(rt_locale_intlibspace.o)
    0x080010c4   0x080010c4   0x00000008   Code   RO         4698    .text               c_w.l(rt_errno_addr_intlibspace.o)
    0x080010cc   0x080010cc   0x0000008a   Code   RO         4700    .text               c_w.l(lludiv10.o)
    0x08001156   0x08001156   0x00000002   PAD
    0x08001158   0x08001158   0x000002fc   Code   RO         4702    .text               c_w.l(_printf_fp_hex.o)
    0x08001454   0x08001454   0x00000080   Code   RO         4705    .text               c_w.l(_printf_fp_infnan.o)
    0x080014d4   0x080014d4   0x0000002c   Code   RO         4709    .text               c_w.l(_printf_char.o)
    0x08001500   0x08001500   0x0000002c   Code   RO         4711    .text               c_w.l(_printf_wchar.o)
    0x0800152c   0x0800152c   0x000000e4   Code   RO         4713    .text               c_w.l(bigflt0.o)
    0x08001610   0x08001610   0x00000040   Code   RO         4738    .text               c_w.l(_wcrtomb.o)
    0x08001650   0x08001650   0x00000008   Code   RO         4761    .text               c_w.l(libspace.o)
    0x08001658   0x08001658   0x0000004a   Code   RO         4764    .text               c_w.l(sys_stackheap_outer.o)
    0x080016a2   0x080016a2   0x00000002   PAD
    0x080016a4   0x080016a4   0x00000010   Code   RO         4766    .text               c_w.l(rt_ctype_table.o)
    0x080016b4   0x080016b4   0x00000012   Code   RO         4768    .text               c_w.l(exit.o)
    0x080016c6   0x080016c6   0x00000002   PAD
    0x080016c8   0x080016c8   0x00000080   Code   RO         4770    .text               c_w.l(strcmpv7m.o)
    0x08001748   0x08001748   0x0000000c   Code   RO         4851    .text               c_w.l(sys_exit.o)
    0x08001754   0x08001754   0x00000002   Code   RO         4862    .text               c_w.l(use_no_semi.o)
    0x08001756   0x08001756   0x00000000   Code   RO         4864    .text               c_w.l(indicate_semi.o)
    0x08001756   0x08001756   0x0000003e   Code   RO         4716    CL$$btod_d2e        c_w.l(btod.o)
    0x08001794   0x08001794   0x00000046   Code   RO         4718    CL$$btod_d2e_denorm_low  c_w.l(btod.o)
    0x080017da   0x080017da   0x00000060   Code   RO         4717    CL$$btod_d2e_norm_op1  c_w.l(btod.o)
    0x0800183a   0x0800183a   0x00000338   Code   RO         4726    CL$$btod_div_common  c_w.l(btod.o)
    0x08001b72   0x08001b72   0x000000dc   Code   RO         4723    CL$$btod_e2e        c_w.l(btod.o)
    0x08001c4e   0x08001c4e   0x0000002a   Code   RO         4720    CL$$btod_ediv       c_w.l(btod.o)
    0x08001c78   0x08001c78   0x0000002a   Code   RO         4719    CL$$btod_emul       c_w.l(btod.o)
    0x08001ca2   0x08001ca2   0x00000244   Code   RO         4725    CL$$btod_mult_common  c_w.l(btod.o)
    0x08001ee6   0x08001ee6   0x00000002   Code   RO          277    i.BusFault_Handler  stm32f1xx_it.o
    0x08001ee8   0x08001ee8   0x00000002   Code   RO          278    i.DebugMon_Handler  stm32f1xx_it.o
    0x08001eea   0x08001eea   0x00000002   PAD
    0x08001eec   0x08001eec   0x00000024   Code   RO          948    i.HAL_Delay         stm32f1xx_hal.o
    0x08001f10   0x08001f10   0x000001e0   Code   RO         1258    i.HAL_GPIO_Init     stm32f1xx_hal_gpio.o
    0x080020f0   0x080020f0   0x00000010   Code   RO         1261    i.HAL_GPIO_TogglePin  stm32f1xx_hal_gpio.o
    0x08002100   0x08002100   0x0000000a   Code   RO         1262    i.HAL_GPIO_WritePin  stm32f1xx_hal_gpio.o
    0x0800210a   0x0800210a   0x00000002   PAD
    0x0800210c   0x0800210c   0x0000000c   Code   RO          952    i.HAL_GetTick       stm32f1xx_hal.o
    0x08002118   0x08002118   0x00000188   Code   RO          515    i.HAL_I2C_Init      stm32f1xx_hal_i2c.o
    0x080022a0   0x080022a0   0x0000012c   Code   RO          528    i.HAL_I2C_Master_Transmit  stm32f1xx_hal_i2c.o
    0x080023cc   0x080023cc   0x00000060   Code   RO          364    i.HAL_I2C_MspInit   stm32f1xx_hal_msp.o
    0x0800242c   0x0800242c   0x00000020   Code   RO         4288    i.HAL_I2C_WriteByte  oled.o
    0x0800244c   0x0800244c   0x00000010   Code   RO          958    i.HAL_IncTick       stm32f1xx_hal.o
    0x0800245c   0x0800245c   0x00000024   Code   RO          959    i.HAL_Init          stm32f1xx_hal.o
    0x08002480   0x08002480   0x00000098   Code   RO          429    i.HAL_InitTick      stm32f1xx_hal_timebase_tim.o
    0x08002518   0x08002518   0x0000003c   Code   RO          365    i.HAL_MspInit       stm32f1xx_hal_msp.o
    0x08002554   0x08002554   0x0000001a   Code   RO         1418    i.HAL_NVIC_EnableIRQ  stm32f1xx_hal_cortex.o
    0x0800256e   0x0800256e   0x00000002   PAD
    0x08002570   0x08002570   0x00000040   Code   RO         1424    i.HAL_NVIC_SetPriority  stm32f1xx_hal_cortex.o
    0x080025b0   0x080025b0   0x00000024   Code   RO         1425    i.HAL_NVIC_SetPriorityGrouping  stm32f1xx_hal_cortex.o
    0x080025d4   0x080025d4   0x0000012c   Code   RO         1116    i.HAL_RCC_ClockConfig  stm32f1xx_hal_rcc.o
    0x08002700   0x08002700   0x00000040   Code   RO         1120    i.HAL_RCC_GetClockConfig  stm32f1xx_hal_rcc.o
    0x08002740   0x08002740   0x00000020   Code   RO         1123    i.HAL_RCC_GetPCLK1Freq  stm32f1xx_hal_rcc.o
    0x08002760   0x08002760   0x00000020   Code   RO         1124    i.HAL_RCC_GetPCLK2Freq  stm32f1xx_hal_rcc.o
    0x08002780   0x08002780   0x0000004c   Code   RO         1125    i.HAL_RCC_GetSysClockFreq  stm32f1xx_hal_rcc.o
    0x080027cc   0x080027cc   0x00000320   Code   RO         1128    i.HAL_RCC_OscConfig  stm32f1xx_hal_rcc.o
    0x08002aec   0x08002aec   0x00000002   Code   RO         2624    i.HAL_TIMEx_BreakCallback  stm32f1xx_hal_tim_ex.o
    0x08002aee   0x08002aee   0x00000002   Code   RO         2625    i.HAL_TIMEx_CommutCallback  stm32f1xx_hal_tim_ex.o
    0x08002af0   0x08002af0   0x00000054   Code   RO         2627    i.HAL_TIMEx_ConfigBreakDeadTime  stm32f1xx_hal_tim_ex.o
    0x08002b44   0x08002b44   0x00000068   Code   RO         2643    i.HAL_TIMEx_MasterConfigSynchronization  stm32f1xx_hal_tim_ex.o
    0x08002bac   0x08002bac   0x0000005a   Code   RO         1920    i.HAL_TIM_Base_Init  stm32f1xx_hal_tim.o
    0x08002c06   0x08002c06   0x00000002   PAD
    0x08002c08   0x08002c08   0x00000028   Code   RO          367    i.HAL_TIM_Base_MspInit  stm32f1xx_hal_msp.o
    0x08002c30   0x08002c30   0x00000058   Code   RO         1925    i.HAL_TIM_Base_Start_IT  stm32f1xx_hal_tim.o
    0x08002c88   0x08002c88   0x000000dc   Code   RO         1929    i.HAL_TIM_ConfigClockSource  stm32f1xx_hal_tim.o
    0x08002d64   0x08002d64   0x00000002   Code   RO         1954    i.HAL_TIM_IC_CaptureCallback  stm32f1xx_hal_tim.o
    0x08002d66   0x08002d66   0x00000130   Code   RO         1968    i.HAL_TIM_IRQHandler  stm32f1xx_hal_tim.o
    0x08002e96   0x08002e96   0x00000002   PAD
    0x08002e98   0x08002e98   0x0000004c   Code   RO          368    i.HAL_TIM_MspPostInit  stm32f1xx_hal_msp.o
    0x08002ee4   0x08002ee4   0x00000002   Code   RO         1971    i.HAL_TIM_OC_DelayElapsedCallback  stm32f1xx_hal_tim.o
    0x08002ee6   0x08002ee6   0x000000cc   Code   RO         1992    i.HAL_TIM_PWM_ConfigChannel  stm32f1xx_hal_tim.o
    0x08002fb2   0x08002fb2   0x0000005a   Code   RO         1995    i.HAL_TIM_PWM_Init  stm32f1xx_hal_tim.o
    0x0800300c   0x0800300c   0x00000002   Code   RO         1997    i.HAL_TIM_PWM_MspInit  stm32f1xx_hal_tim.o
    0x0800300e   0x0800300e   0x00000002   Code   RO         1998    i.HAL_TIM_PWM_PulseFinishedCallback  stm32f1xx_hal_tim.o
    0x08003010   0x08003010   0x0000009c   Code   RO         2000    i.HAL_TIM_PWM_Start  stm32f1xx_hal_tim.o
    0x080030ac   0x080030ac   0x00000014   Code   RO           14    i.HAL_TIM_PeriodElapsedCallback  main.o
    0x080030c0   0x080030c0   0x00000002   Code   RO         2011    i.HAL_TIM_TriggerCallback  stm32f1xx_hal_tim.o
    0x080030c2   0x080030c2   0x00000064   Code   RO         2921    i.HAL_UART_Init     stm32f1xx_hal_uart.o
    0x08003126   0x08003126   0x00000002   PAD
    0x08003128   0x08003128   0x00000070   Code   RO          370    i.HAL_UART_MspInit  stm32f1xx_hal_msp.o
    0x08003198   0x08003198   0x000000a0   Code   RO         2929    i.HAL_UART_Transmit  stm32f1xx_hal_uart.o
    0x08003238   0x08003238   0x00000002   Code   RO          279    i.HardFault_Handler  stm32f1xx_it.o
    0x0800323a   0x0800323a   0x0000002e   Code   RO          558    i.I2C_IsAcknowledgeFailed  stm32f1xx_hal_i2c.o
    0x08003268   0x08003268   0x0000009c   Code   RO          562    i.I2C_MasterRequestWrite  stm32f1xx_hal_i2c.o
    0x08003304   0x08003304   0x00000056   Code   RO          573    i.I2C_WaitOnBTFFlagUntilTimeout  stm32f1xx_hal_i2c.o
    0x0800335a   0x0800335a   0x00000002   PAD
    0x0800335c   0x0800335c   0x00000090   Code   RO          574    i.I2C_WaitOnFlagUntilTimeout  stm32f1xx_hal_i2c.o
    0x080033ec   0x080033ec   0x000000bc   Code   RO          575    i.I2C_WaitOnMasterAddressFlagUntilTimeout  stm32f1xx_hal_i2c.o
    0x080034a8   0x080034a8   0x00000056   Code   RO          577    i.I2C_WaitOnTXEFlagUntilTimeout  stm32f1xx_hal_i2c.o
    0x080034fe   0x080034fe   0x00000002   PAD
    0x08003500   0x08003500   0x00000070   Code   RO           15    i.MX_GPIO_Init      main.o
    0x08003570   0x08003570   0x000000cc   Code   RO           16    i.MX_TIM1_Init      main.o
    0x0800363c   0x0800363c   0x00000058   Code   RO         4174    i.Median_Filter     filter.o
    0x08003694   0x08003694   0x00000002   Code   RO          280    i.MemManage_Handler  stm32f1xx_it.o
    0x08003696   0x08003696   0x00000002   Code   RO          281    i.NMI_Handler       stm32f1xx_it.o
    0x08003698   0x08003698   0x0000002c   Code   RO         4293    i.OLED_FullyFill    oled.o
    0x080036c4   0x080036c4   0x000000bc   Code   RO         4297    i.OLED_Init         oled.o
    0x08003780   0x08003780   0x00000048   Code   RO         4301    i.OLED_RefreshRAM   oled.o
    0x080037c8   0x080037c8   0x00000026   Code   RO         4302    i.OLED_SetPos       oled.o
    0x080037ee   0x080037ee   0x00000002   PAD
    0x080037f0   0x080037f0   0x00000038   Code   RO         4304    i.OLED_ShowFloatNum  oled.o
    0x08003828   0x08003828   0x0000002c   Code   RO         4305    i.OLED_ShowIntNum   oled.o
    0x08003854   0x08003854   0x000000d8   Code   RO         4306    i.OLED_ShowStr      oled.o
    0x0800392c   0x0800392c   0x00000004   Code   RO          282    i.PendSV_Handler    stm32f1xx_it.o
    0x08003930   0x08003930   0x00000004   Code   RO          283    i.SVC_Handler       stm32f1xx_it.o
    0x08003934   0x08003934   0x00000026   Code   RO         4252    i.Servo_SetPWM      servo.o
    0x0800395a   0x0800395a   0x00000004   Code   RO          284    i.SysTick_Handler   stm32f1xx_it.o
    0x0800395e   0x0800395e   0x0000005e   Code   RO           17    i.SystemClock_Config  main.o
    0x080039bc   0x080039bc   0x00000002   Code   RO         3255    i.SystemInit        system_stm32f1xx.o
    0x080039be   0x080039be   0x00000002   PAD
    0x080039c0   0x080039c0   0x0000000c   Code   RO          285    i.TIM4_IRQHandler   stm32f1xx_it.o
    0x080039cc   0x080039cc   0x00000078   Code   RO         2013    i.TIM_Base_SetConfig  stm32f1xx_hal_tim.o
    0x08003a44   0x08003a44   0x0000001a   Code   RO         2014    i.TIM_CCxChannelCmd  stm32f1xx_hal_tim.o
    0x08003a5e   0x08003a5e   0x00000014   Code   RO         2024    i.TIM_ETR_SetConfig  stm32f1xx_hal_tim.o
    0x08003a72   0x08003a72   0x00000010   Code   RO         2025    i.TIM_ITRx_SetConfig  stm32f1xx_hal_tim.o
    0x08003a82   0x08003a82   0x00000002   PAD
    0x08003a84   0x08003a84   0x00000050   Code   RO         2026    i.TIM_OC1_SetConfig  stm32f1xx_hal_tim.o
    0x08003ad4   0x08003ad4   0x00000058   Code   RO         2027    i.TIM_OC2_SetConfig  stm32f1xx_hal_tim.o
    0x08003b2c   0x08003b2c   0x00000058   Code   RO         2028    i.TIM_OC3_SetConfig  stm32f1xx_hal_tim.o
    0x08003b84   0x08003b84   0x00000044   Code   RO         2029    i.TIM_OC4_SetConfig  stm32f1xx_hal_tim.o
    0x08003bc8   0x08003bc8   0x00000022   Code   RO         2031    i.TIM_TI1_ConfigInputStage  stm32f1xx_hal_tim.o
    0x08003bea   0x08003bea   0x00000024   Code   RO         2033    i.TIM_TI2_ConfigInputStage  stm32f1xx_hal_tim.o
    0x08003c0e   0x08003c0e   0x0000004e   Code   RO         2944    i.UART_EndRxTransfer  stm32f1xx_hal_uart.o
    0x08003c5c   0x08003c5c   0x000000b8   Code   RO         2947    i.UART_SetConfig    stm32f1xx_hal_uart.o
    0x08003d14   0x08003d14   0x00000072   Code   RO         2950    i.UART_WaitOnFlagUntilTimeout  stm32f1xx_hal_uart.o
    0x08003d86   0x08003d86   0x00000002   Code   RO          286    i.UsageFault_Handler  stm32f1xx_it.o
    0x08003d88   0x08003d88   0x00000008   Code   RO         4310    i.WriteCmd          oled.o
    0x08003d90   0x08003d90   0x00000008   Code   RO         4311    i.WriteDat          oled.o
    0x08003d98   0x08003d98   0x00000028   Code   RO         4757    i.__ARM_fpclassify  m_ws.l(fpclassify.o)
    0x08003dc0   0x08003dc0   0x00000020   Code   RO         1431    i.__NVIC_SetPriority  stm32f1xx_hal_cortex.o
    0x08003de0   0x08003de0   0x00000388   Code   RO         4664    i.__ieee754_rem_pio2  m_ws.l(rred.o)
    0x08004168   0x08004168   0x000000fc   Code   RO         4647    i.__kernel_cos      m_ws.l(cos_i.o)
    0x08004264   0x08004264   0x000000aa   Code   RO         4759    i.__kernel_poly     m_ws.l(poly.o)
    0x0800430e   0x0800430e   0x00000002   PAD
    0x08004310   0x08004310   0x000000ec   Code   RO         4669    i.__kernel_sin      m_ws.l(sin_i.o)
    0x080043fc   0x080043fc   0x00000006   Code   RO         4651    i.__mathlib_dbl_infnan  m_ws.l(dunder.o)
    0x08004402   0x08004402   0x0000000c   Code   RO         4653    i.__mathlib_dbl_invalid  m_ws.l(dunder.o)
    0x0800440e   0x0800440e   0x00000002   PAD
    0x08004410   0x08004410   0x00000010   Code   RO         4656    i.__mathlib_dbl_underflow  m_ws.l(dunder.o)
    0x08004420   0x08004420   0x0000000e   Code   RO         4479    i._is_digit         c_w.l(__printf_wp.o)
    0x0800442e   0x0800442e   0x0000003c   Code   RO         4175    i.compare           filter.o
    0x0800446a   0x0800446a   0x00000002   PAD
    0x0800446c   0x0800446c   0x00000030   Code   RO           18    i.debug_printf      main.o
    0x0800449c   0x0800449c   0x000000d8   Code   RO           19    i.filter_task       main.o
    0x08004574   0x08004574   0x00000020   Code   RO           21    i.led2_task         main.o
    0x08004594   0x08004594   0x00000128   Code   RO           22    i.main              main.o
    0x080046bc   0x080046bc   0x00000030   Code   RO           23    i.oled_task         main.o
    0x080046ec   0x080046ec   0x00000088   Code   RO         3699    i.prvAddCurrentTaskToDelayedList  tasks.o
    0x08004774   0x08004774   0x000000f0   Code   RO         3700    i.prvAddNewTaskToReadyList  tasks.o
    0x08004864   0x08004864   0x00000014   Code   RO         3701    i.prvDeleteTCB      tasks.o
    0x08004878   0x08004878   0x00000044   Code   RO         4065    i.prvHeapInit       heap_4.o
    0x080048bc   0x080048bc   0x00000060   Code   RO         3702    i.prvIdleTask       tasks.o
    0x0800491c   0x0800491c   0x00000070   Code   RO         3703    i.prvInitialiseNewTask  tasks.o
    0x0800498c   0x0800498c   0x0000004c   Code   RO         4066    i.prvInsertBlockIntoFreeList  heap_4.o
    0x080049d8   0x080049d8   0x0000001c   Code   RO         3704    i.prvResetNextTaskUnblockTime  tasks.o
    0x080049f4   0x080049f4   0x00000010   Code   RO         3995    i.prvTaskExitError  port.o
    0x08004a04   0x08004a04   0x00000098   Code   RO         4068    i.pvPortMalloc      heap_4.o
    0x08004a9c   0x08004a9c   0x00000024   Code   RO         3996    i.pxPortInitialiseStack  port.o
    0x08004ac0   0x08004ac0   0x00000038   Code   RO           24    i.servo_task        main.o
    0x08004af8   0x08004af8   0x000000a0   Code   RO         4545    i.sin               m_ws.l(sin.o)
    0x08004b98   0x08004b98   0x00000026   Code   RO         3289    i.uxListRemove      list.o
    0x08004bbe   0x08004bbe   0x00000016   Code   RO         3290    i.vListInitialise   list.o
    0x08004bd4   0x08004bd4   0x00000006   Code   RO         3291    i.vListInitialiseItem  list.o
    0x08004bda   0x08004bda   0x00000030   Code   RO         3292    i.vListInsert       list.o
    0x08004c0a   0x08004c0a   0x00000002   PAD
    0x08004c0c   0x08004c0c   0x0000001c   Code   RO         3998    i.vPortEnterCritical  port.o
    0x08004c28   0x08004c28   0x00000014   Code   RO         3999    i.vPortExitCritical  port.o
    0x08004c3c   0x08004c3c   0x00000044   Code   RO         4069    i.vPortFree         heap_4.o
    0x08004c80   0x08004c80   0x00000018   Code   RO         4000    i.vPortSetupTimerInterrupt  port.o
    0x08004c98   0x08004c98   0x00000030   Code   RO         3712    i.vTaskDelay        tasks.o
    0x08004cc8   0x08004cc8   0x00000050   Code   RO         3724    i.vTaskStartScheduler  tasks.o
    0x08004d18   0x08004d18   0x00000010   Code   RO         3726    i.vTaskSuspendAll   tasks.o
    0x08004d28   0x08004d28   0x00000044   Code   RO         3727    i.vTaskSwitchContext  tasks.o
    0x08004d6c   0x08004d6c   0x00000030   Code   RO         4001    i.xPortStartScheduler  port.o
    0x08004d9c   0x08004d9c   0x0000002c   Code   RO         4002    i.xPortSysTickHandler  port.o
    0x08004dc8   0x08004dc8   0x0000005c   Code   RO         3730    i.xTaskCreate       tasks.o
    0x08004e24   0x08004e24   0x00000124   Code   RO         3739    i.xTaskIncrementTick  tasks.o
    0x08004f48   0x08004f48   0x00000118   Code   RO         3741    i.xTaskResumeAll    tasks.o
    0x08005060   0x08005060   0x0000002c   Code   RO         4741    locale$$code        c_w.l(lc_numeric_c.o)
    0x0800508c   0x0800508c   0x0000002c   Code   RO         4828    locale$$code        c_w.l(lc_ctype_c.o)
    0x080050b8   0x080050b8   0x00000150   Code   RO         4508    x$fpl$dadd          fz_ws.l(daddsub_clz.o)
    0x08005208   0x08005208   0x00000010   Code   RO         4823    x$fpl$dcheck1       fz_ws.l(dcheck1.o)
    0x08005218   0x08005218   0x00000018   Code   RO         4628    x$fpl$dcmpinf       fz_ws.l(dcmpi.o)
    0x08005230   0x08005230   0x000002b0   Code   RO         4515    x$fpl$ddiv          fz_ws.l(ddiv.o)
    0x080054e0   0x080054e0   0x0000005e   Code   RO         4743    x$fpl$dfix          fz_ws.l(dfix.o)
    0x0800553e   0x0800553e   0x0000002e   Code   RO         4748    x$fpl$dflt          fz_ws.l(dflt_clz.o)
    0x0800556c   0x0800556c   0x00000026   Code   RO         4747    x$fpl$dfltu         fz_ws.l(dflt_clz.o)
    0x08005592   0x08005592   0x00000002   PAD
    0x08005594   0x08005594   0x00000078   Code   RO         4518    x$fpl$dleqf         fz_ws.l(dleqf.o)
    0x0800560c   0x0800560c   0x00000154   Code   RO         4520    x$fpl$dmul          fz_ws.l(dmul.o)
    0x08005760   0x08005760   0x0000009c   Code   RO         4630    x$fpl$dnaninf       fz_ws.l(dnaninf.o)
    0x080057fc   0x080057fc   0x0000000c   Code   RO         4632    x$fpl$dretinf       fz_ws.l(dretinf.o)
    0x08005808   0x08005808   0x0000006c   Code   RO         4522    x$fpl$drleqf        fz_ws.l(drleqf.o)
    0x08005874   0x08005874   0x00000016   Code   RO         4509    x$fpl$drsb          fz_ws.l(daddsub_clz.o)
    0x0800588a   0x0800588a   0x00000002   PAD
    0x0800588c   0x0800588c   0x000001d4   Code   RO         4510    x$fpl$dsub          fz_ws.l(daddsub_clz.o)
    0x08005a60   0x08005a60   0x00000056   Code   RO         4524    x$fpl$f2d           fz_ws.l(f2d.o)
    0x08005ab6   0x08005ab6   0x0000008c   Code   RO         4636    x$fpl$fnaninf       fz_ws.l(fnaninf.o)
    0x08005b42   0x08005b42   0x00000004   Code   RO         4542    x$fpl$printf1       fz_ws.l(printf1.o)
    0x08005b46   0x08005b46   0x00000004   Code   RO         4640    x$fpl$printf2       fz_ws.l(printf2.o)
    0x08005b4a   0x08005b4a   0x00000064   Code   RO         4834    x$fpl$retnan        fz_ws.l(retnan.o)
    0x08005bae   0x08005bae   0x0000005c   Code   RO         4755    x$fpl$scalbn        fz_ws.l(scalbn.o)
    0x08005c0a   0x08005c0a   0x00000030   Code   RO         4847    x$fpl$trapveneer    fz_ws.l(trapv.o)
    0x08005c3a   0x08005c3a   0x00000000   Code   RO         4646    x$fpl$usenofp       fz_ws.l(usenofp.o)
    0x08005c3a   0x08005c3a   0x00000012   Data   RO         1129    .constdata          stm32f1xx_hal_rcc.o
    0x08005c4c   0x08005c4c   0x00000010   Data   RO         3256    .constdata          system_stm32f1xx.o
    0x08005c5c   0x08005c5c   0x00000008   Data   RO         3257    .constdata          system_stm32f1xx.o
    0x08005c64   0x08005c64   0x00000878   Data   RO         4313    .constdata          oled.o
    0x080064dc   0x080064dc   0x00000011   Data   RO         4487    .constdata          c_w.l(__printf_flags_ss_wp.o)
    0x080064ed   0x080064ed   0x00000003   PAD
    0x080064f0   0x080064f0   0x00000008   Data   RO         4574    .constdata          c_w.l(_printf_wctomb.o)
    0x080064f8   0x080064f8   0x00000028   Data   RO         4603    .constdata          c_w.l(_printf_hex_int_ll_ptr.o)
    0x08006520   0x08006520   0x00000030   Data   RO         4648    .constdata          m_ws.l(cos_i.o)
    0x08006550   0x08006550   0x000000c8   Data   RO         4666    .constdata          m_ws.l(rred.o)
    0x08006618   0x08006618   0x00000028   Data   RO         4670    .constdata          m_ws.l(sin_i.o)
    0x08006640   0x08006640   0x00000026   Data   RO         4703    .constdata          c_w.l(_printf_fp_hex.o)
    0x08006666   0x08006666   0x00000002   PAD
    0x08006668   0x08006668   0x00000094   Data   RO         4714    .constdata          c_w.l(bigflt0.o)
    0x080066fc   0x080066fc   0x00000020   Data   RO         4913    Region$$Table       anon$$obj.o
    0x0800671c   0x0800671c   0x0000001c   Data   RO         4740    locale$$data        c_w.l(lc_numeric_c.o)
    0x08006738   0x08006738   0x00000110   Data   RO         4827    locale$$data        c_w.l(lc_ctype_c.o)


    Execution Region RW_IRAM1 (Exec base: 0x20000000, Load base: 0x08006848, Size: 0x00003580, Max: 0x00005000, ABSOLUTE)

    Exec Addr    Load Addr    Size         Type   Attr      Idx    E Section Name        Object

    0x20000000   0x08006848   0x00000030   Data   RW           35    .data               main.o
    0x20000030   0x08006878   0x0000000c   Data   RW          966    .data               stm32f1xx_hal.o
    0x2000003c   0x08006884   0x00000004   Data   RW         3258    .data               system_stm32f1xx.o
    0x20000040   0x08006888   0x00000040   Data   RW         3744    .data               tasks.o
    0x20000080   0x080068c8   0x00000004   Data   RW         4003    .data               port.o
    0x20000084   0x080068cc   0x0000001c   Data   RW         4075    .data               heap_4.o
    0x200000a0        -       0x00000140   Zero   RW           28    .bss                main.o
    0x200001e0        -       0x00000048   Zero   RW          432    .bss                stm32f1xx_hal_timebase_tim.o
    0x20000228        -       0x000000c8   Zero   RW         3743    .bss                tasks.o
    0x200002f0        -       0x00002800   Zero   RW         4074    .bss                heap_4.o
    0x20002af0        -       0x00000430   Zero   RW         4312    .bss                oled.o
    0x20002f20        -       0x00000060   Zero   RW         4762    .bss                c_w.l(libspace.o)
    0x20002f80        -       0x00000200   Zero   RW            2    HEAP                startup_stm32f103xb.o
    0x20003180        -       0x00000400   Zero   RW            1    STACK               startup_stm32f103xb.o


==============================================================================

Image component sizes


      Code (inc. data)   RO Data    RW Data    ZI Data      Debug   Object Name

       148          4          0          0          0       1686   filter.o
       364         22          0         28      10240       4527   heap_4.o
       114          0          0          0          0       5065   list.o
      1126        180          0         48        320     456153   main.o
       706         40       2168          0       1072       7192   oled.o
       366         44          0          4          0       8976   port.o
        38          0          0          0          0        811   servo.o
        64         26        236          0       1536        788   startup_stm32f103xb.o
       100         18          0         12          0       5094   stm32f1xx_hal.o
       158         14          0          0          0      28090   stm32f1xx_hal_cortex.o
       506         34          0          0          0       3413   stm32f1xx_hal_gpio.o
      1398         32          0          0          0       8913   stm32f1xx_hal_i2c.o
       384         56          0          0          0       3324   stm32f1xx_hal_msp.o
      1304         94         18          0          0       5597   stm32f1xx_hal_rcc.o
      1738         56          0          0          0      15650   stm32f1xx_hal_tim.o
       192         12          0          0          0       3089   stm32f1xx_hal_tim_ex.o
       152         20          0          0         72       1415   stm32f1xx_hal_timebase_tim.o
       636          6          0          0          0       4508   stm32f1xx_hal_uart.o
        36          6          0          0          0       4096   stm32f1xx_it.o
         2          0         24          4          0       1055   system_stm32f1xx.o
      1508         98          0         64        200      25080   tasks.o

    ----------------------------------------------------------------------
     11068        762       2478        160      13440     594522   Object Totals
         0          0         32          0          0          0   (incl. Generated)
        28          0          0          0          0          0   (incl. Padding)

    ----------------------------------------------------------------------

      Code (inc. data)   RO Data    RW Data    ZI Data      Debug   Library Member Name

        44          6          0          0          0         84   __2sprintf.o
         8          0          0          0          0         68   __main.o
       392          4         17          0          0         92   __printf_flags_ss_wp.o
        14          0          0          0          0         68   __printf_wp.o
         0          0          0          0          0          0   __rtentry.o
        12          0          0          0          0          0   __rtentry2.o
         6          0          0          0          0          0   __rtentry4.o
        52          8          0          0          0          0   __scatter.o
        26          0          0          0          0          0   __scatter_copy.o
        28          0          0          0          0          0   __scatter_zi.o
         6          0          0          0          0          0   _printf_a.o
         6          0          0          0          0          0   _printf_c.o
        44          0          0          0          0        108   _printf_char.o
        48          6          0          0          0         96   _printf_char_common.o
        40          0          0          0          0         68   _printf_charcount.o
         6          0          0          0          0          0   _printf_d.o
       120         16          0          0          0         92   _printf_dec.o
         6          0          0          0          0          0   _printf_e.o
         6          0          0          0          0          0   _printf_f.o
      1054          0          0          0          0        216   _printf_fp_dec.o
       764          8         38          0          0        100   _printf_fp_hex.o
       128         16          0          0          0         84   _printf_fp_infnan.o
         6          0          0          0          0          0   _printf_g.o
       148          4         40          0          0        160   _printf_hex_int_ll_ptr.o
         6          0          0          0          0          0   _printf_i.o
       178          0          0          0          0         88   _printf_intcommon.o
        10          0          0          0          0          0   _printf_l.o
         6          0          0          0          0          0   _printf_lc.o
        10          0          0          0          0          0   _printf_ll.o
         6          0          0          0          0          0   _printf_lld.o
         6          0          0          0          0          0   _printf_lli.o
         6          0          0          0          0          0   _printf_llo.o
         6          0          0          0          0          0   _printf_llu.o
         6          0          0          0          0          0   _printf_llx.o
       124         16          0          0          0         92   _printf_longlong_dec.o
         6          0          0          0          0          0   _printf_ls.o
         6          0          0          0          0          0   _printf_n.o
         6          0          0          0          0          0   _printf_o.o
       112         10          0          0          0        124   _printf_oct_int_ll.o
         6          0          0          0          0          0   _printf_p.o
        78          0          0          0          0        108   _printf_pad.o
         0          0          0          0          0          0   _printf_percent.o
         4          0          0          0          0          0   _printf_percent_end.o
         6          0          0          0          0          0   _printf_s.o
        82          0          0          0          0         80   _printf_str.o
        36          0          0          0          0         84   _printf_truncate.o
         6          0          0          0          0          0   _printf_u.o
        44          0          0          0          0        108   _printf_wchar.o
       188          6          8          0          0         92   _printf_wctomb.o
         6          0          0          0          0          0   _printf_x.o
        22          0          0          0          0        100   _rserrno.o
        16          0          0          0          0         68   _snputc.o
        10          0          0          0          0         68   _sputc.o
        64          0          0          0          0         92   _wcrtomb.o
       228          4        148          0          0         96   bigflt0.o
      1936        128          0          0          0        672   btod.o
        18          0          0          0          0         80   exit.o
         6          0          0          0          0        152   heapauxi.o
         0          0          0          0          0          0   indicate_semi.o
        44         10        272          0          0         76   lc_ctype_c.o
        44         10         28          0          0         76   lc_numeric_c.o
         2          0          0          0          0          0   libinit.o
        30          0          0          0          0          0   libinit2.o
         2          0          0          0          0          0   libshutdown.o
         2          0          0          0          0          0   libshutdown2.o
         8          4          0          0         96         68   libspace.o
       138          0          0          0          0         80   lludiv10.o
       612          0          0          0          0        136   qsortnoex.o
        16          4          0          0          0         76   rt_ctype_table.o
         8          4          0          0          0         68   rt_errno_addr_intlibspace.o
         8          4          0          0          0         68   rt_locale_intlibspace.o
        78          0          0          0          0         80   rt_memclr_w.o
         2          0          0          0          0          0   rtexit.o
        10          0          0          0          0          0   rtexit2.o
       128          0          0          0          0         68   strcmpv7m.o
        62          0          0          0          0         76   strlen.o
        12          4          0          0          0         68   sys_exit.o
        74          0          0          0          0         80   sys_stackheap_outer.o
         2          0          0          0          0         68   use_no_semi.o
        52          4          0          0          0         80   vsnprintf.o
       826         16          0          0          0        348   daddsub_clz.o
        16          4          0          0          0         68   dcheck1.o
        24          0          0          0          0         68   dcmpi.o
       688        140          0          0          0        208   ddiv.o
        94          4          0          0          0         92   dfix.o
        84          0          0          0          0        136   dflt_clz.o
       120          4          0          0          0         92   dleqf.o
       340         12          0          0          0        104   dmul.o
       156          4          0          0          0         92   dnaninf.o
        12          0          0          0          0         68   dretinf.o
       108          0          0          0          0         80   drleqf.o
        86          4          0          0          0         84   f2d.o
       140          4          0          0          0         84   fnaninf.o
         4          0          0          0          0         68   printf1.o
         4          0          0          0          0         68   printf2.o
       100          0          0          0          0         68   retnan.o
        92          0          0          0          0         68   scalbn.o
        48          0          0          0          0         68   trapv.o
         0          0          0          0          0          0   usenofp.o
       252         22         48          0          0        124   cos_i.o
        34          6          0          0          0        204   dunder.o
        40          0          0          0          0         68   fpclassify.o
       170          0          0          0          0         96   poly.o
       904         76        200          0          0        140   rred.o
       160         10          0          0          0        108   sin.o
       236         12         40          0          0        128   sin_i.o

    ----------------------------------------------------------------------
     12306        594        844          0         96       7240   Library Totals
        20          0          5          0          0          0   (incl. Padding)

    ----------------------------------------------------------------------

      Code (inc. data)   RO Data    RW Data    ZI Data      Debug   Library Name

      7548        276        551          0         96       4508   c_w.l
      2942        192          0          0          0       1864   fz_ws.l
      1796        126        288          0          0        868   m_ws.l

    ----------------------------------------------------------------------
     12306        594        844          0         96       7240   Library Totals

    ----------------------------------------------------------------------

==============================================================================


      Code (inc. data)   RO Data    RW Data    ZI Data      Debug   

     23374       1356       3322        160      13536     591514   Grand Totals
     23374       1356       3322        160      13536     591514   ELF Image Totals
     23374       1356       3322        160          0          0   ROM Totals

==============================================================================

    Total RO  Size (Code + RO Data)                26696 (  26.07kB)
    Total RW  Size (RW Data + ZI Data)             13696 (  13.38kB)
    Total ROM Size (Code + RO Data + RW Data)      26856 (  26.23kB)

==============================================================================

